Archive member included to satisfy reference by file (symbol)

C:/ST/STM32CubeIDE_1.18.1/STM32CubeIDE/plugins/com.st.stm32cube.ide.mcu.externaltools.gnu-tools-for-stm32.13.3.rel1.win32_1.0.100.202509120712/tools/bin/../lib/gcc/arm-none-eabi/13.3.1/../../../../arm-none-eabi/lib/thumb/v7e-m+fp/hard\libc_nano.a(libc_a-exit.o)
                              C:/ST/STM32CubeIDE_1.18.1/STM32CubeIDE/plugins/com.st.stm32cube.ide.mcu.externaltools.gnu-tools-for-stm32.13.3.rel1.win32_1.0.100.202509120712/tools/bin/../lib/gcc/arm-none-eabi/13.3.1/../../../../arm-none-eabi/lib/thumb/v7e-m+fp/hard/crt0.o (exit)
C:/ST/STM32CubeIDE_1.18.1/STM32CubeIDE/plugins/com.st.stm32cube.ide.mcu.externaltools.gnu-tools-for-stm32.13.3.rel1.win32_1.0.100.202509120712/tools/bin/../lib/gcc/arm-none-eabi/13.3.1/../../../../arm-none-eabi/lib/thumb/v7e-m+fp/hard\libc_nano.a(libc_a-findfp.o)
                              C:/ST/STM32CubeIDE_1.18.1/STM32CubeIDE/plugins/com.st.stm32cube.ide.mcu.externaltools.gnu-tools-for-stm32.13.3.rel1.win32_1.0.100.202509120712/tools/bin/../lib/gcc/arm-none-eabi/13.3.1/../../../../arm-none-eabi/lib/thumb/v7e-m+fp/hard\libc_nano.a(libc_a-exit.o) (__stdio_exit_handler)
C:/ST/STM32CubeIDE_1.18.1/STM32CubeIDE/plugins/com.st.stm32cube.ide.mcu.externaltools.gnu-tools-for-stm32.13.3.rel1.win32_1.0.100.202509120712/tools/bin/../lib/gcc/arm-none-eabi/13.3.1/../../../../arm-none-eabi/lib/thumb/v7e-m+fp/hard\libc_nano.a(libc_a-fwalk.o)
                              C:/ST/STM32CubeIDE_1.18.1/STM32CubeIDE/plugins/com.st.stm32cube.ide.mcu.externaltools.gnu-tools-for-stm32.13.3.rel1.win32_1.0.100.202509120712/tools/bin/../lib/gcc/arm-none-eabi/13.3.1/../../../../arm-none-eabi/lib/thumb/v7e-m+fp/hard\libc_nano.a(libc_a-findfp.o) (_fwalk_sglue)
C:/ST/STM32CubeIDE_1.18.1/STM32CubeIDE/plugins/com.st.stm32cube.ide.mcu.externaltools.gnu-tools-for-stm32.13.3.rel1.win32_1.0.100.202509120712/tools/bin/../lib/gcc/arm-none-eabi/13.3.1/../../../../arm-none-eabi/lib/thumb/v7e-m+fp/hard\libc_nano.a(libc_a-snprintf.o)
                              ./Core/Protocol/command.o (snprintf)
C:/ST/STM32CubeIDE_1.18.1/STM32CubeIDE/plugins/com.st.stm32cube.ide.mcu.externaltools.gnu-tools-for-stm32.13.3.rel1.win32_1.0.100.202509120712/tools/bin/../lib/gcc/arm-none-eabi/13.3.1/../../../../arm-none-eabi/lib/thumb/v7e-m+fp/hard\libc_nano.a(libc_a-stdio.o)
                              C:/ST/STM32CubeIDE_1.18.1/STM32CubeIDE/plugins/com.st.stm32cube.ide.mcu.externaltools.gnu-tools-for-stm32.13.3.rel1.win32_1.0.100.202509120712/tools/bin/../lib/gcc/arm-none-eabi/13.3.1/../../../../arm-none-eabi/lib/thumb/v7e-m+fp/hard\libc_nano.a(libc_a-findfp.o) (__sread)
C:/ST/STM32CubeIDE_1.18.1/STM32CubeIDE/plugins/com.st.stm32cube.ide.mcu.externaltools.gnu-tools-for-stm32.13.3.rel1.win32_1.0.100.202509120712/tools/bin/../lib/gcc/arm-none-eabi/13.3.1/../../../../arm-none-eabi/lib/thumb/v7e-m+fp/hard\libc_nano.a(libc_a-memset.o)
                              C:/ST/STM32CubeIDE_1.18.1/STM32CubeIDE/plugins/com.st.stm32cube.ide.mcu.externaltools.gnu-tools-for-stm32.13.3.rel1.win32_1.0.100.202509120712/tools/bin/../lib/gcc/arm-none-eabi/13.3.1/../../../../arm-none-eabi/lib/thumb/v7e-m+fp/hard/crt0.o (memset)
C:/ST/STM32CubeIDE_1.18.1/STM32CubeIDE/plugins/com.st.stm32cube.ide.mcu.externaltools.gnu-tools-for-stm32.13.3.rel1.win32_1.0.100.202509120712/tools/bin/../lib/gcc/arm-none-eabi/13.3.1/../../../../arm-none-eabi/lib/thumb/v7e-m+fp/hard\libc_nano.a(libc_a-closer.o)
                              C:/ST/STM32CubeIDE_1.18.1/STM32CubeIDE/plugins/com.st.stm32cube.ide.mcu.externaltools.gnu-tools-for-stm32.13.3.rel1.win32_1.0.100.202509120712/tools/bin/../lib/gcc/arm-none-eabi/13.3.1/../../../../arm-none-eabi/lib/thumb/v7e-m+fp/hard\libc_nano.a(libc_a-stdio.o) (_close_r)
C:/ST/STM32CubeIDE_1.18.1/STM32CubeIDE/plugins/com.st.stm32cube.ide.mcu.externaltools.gnu-tools-for-stm32.13.3.rel1.win32_1.0.100.202509120712/tools/bin/../lib/gcc/arm-none-eabi/13.3.1/../../../../arm-none-eabi/lib/thumb/v7e-m+fp/hard\libc_nano.a(libc_a-reent.o)
                              C:/ST/STM32CubeIDE_1.18.1/STM32CubeIDE/plugins/com.st.stm32cube.ide.mcu.externaltools.gnu-tools-for-stm32.13.3.rel1.win32_1.0.100.202509120712/tools/bin/../lib/gcc/arm-none-eabi/13.3.1/../../../../arm-none-eabi/lib/thumb/v7e-m+fp/hard\libc_nano.a(libc_a-closer.o) (errno)
C:/ST/STM32CubeIDE_1.18.1/STM32CubeIDE/plugins/com.st.stm32cube.ide.mcu.externaltools.gnu-tools-for-stm32.13.3.rel1.win32_1.0.100.202509120712/tools/bin/../lib/gcc/arm-none-eabi/13.3.1/../../../../arm-none-eabi/lib/thumb/v7e-m+fp/hard\libc_nano.a(libc_a-impure.o)
                              C:/ST/STM32CubeIDE_1.18.1/STM32CubeIDE/plugins/com.st.stm32cube.ide.mcu.externaltools.gnu-tools-for-stm32.13.3.rel1.win32_1.0.100.202509120712/tools/bin/../lib/gcc/arm-none-eabi/13.3.1/../../../../arm-none-eabi/lib/thumb/v7e-m+fp/hard\libc_nano.a(libc_a-snprintf.o) (_impure_ptr)
[...]
Memory Configuration

Name             Origin             Length             Attributes
RAM              0x20000000         0x00020000         xrw
FLASH            0x08000000         0x00080000         xr
*default*        0x00000000         0xffffffff

Linker script and memory map

LOAD C:/ST/STM32CubeIDE_1.18.1/STM32CubeIDE/plugins/com.st.stm32cube.ide.mcu.externaltools.gnu-tools-for-stm32.13.3.rel1.win32_1.0.100.202509120712/tools/bin/../lib/gcc/arm-none-eabi/13.3.1/thumb/v7e-m+fp/hard/crti.o
LOAD C:/ST/STM32CubeIDE_1.18.1/STM32CubeIDE/plugins/com.st.stm32cube.ide.mcu.externaltools.gnu-tools-for-stm32.13.3.rel1.win32_1.0.100.202509120712/tools/bin/../lib/gcc/arm-none-eabi/13.3.1/thumb/v7e-m+fp/hard/crtbegin.o
LOAD C:/ST/STM32CubeIDE_1.18.1/STM32CubeIDE/plugins/com.st.stm32cube.ide.mcu.externaltools.gnu-tools-for-stm32.13.3.rel1.win32_1.0.100.202509120712/tools/bin/../lib/gcc/arm-none-eabi/13.3.1/../../../../arm-none-eabi/lib/thumb/v7e-m+fp/hard/crt0.o
LOAD ./Core/App/process.o
LOAD ./Core/Protocol/command.o
LOAD ./Core/Src/main.o
LOAD ./Core/Src/stm32g4xx_hal_msp.o
LOAD ./Core/Src/stm32g4xx_hal_timebase_tim.o
LOAD ./Core/Src/stm32g4xx_it.o
LOAD ./Core/Src/syscalls.o
LOAD ./Core/Src/sysmem.o
LOAD ./Core/Src/system_stm32g4xx.o
LOAD ./Core/Startup/startup_stm32g473cetx.o
LOAD ./Drivers/STM32G4xx_HAL_Driver/Src/stm32g4xx_hal.o
LOAD ./Drivers/STM32G4xx_HAL_Driver/Src/stm32g4xx_hal_cortex.o
LOAD ./Drivers/STM32G4xx_HAL_Driver/Src/stm32g4xx_hal_dma.o
LOAD ./Drivers/STM32G4xx_HAL_Driver/Src/stm32g4xx_hal_dma_ex.o
LOAD ./Drivers/STM32G4xx_HAL_Driver/Src/stm32g4xx_hal_exti.o
LOAD ./Drivers/STM32G4xx_HAL_Driver/Src/stm32g4xx_hal_fdcan.o
LOAD ./Drivers/STM32G4xx_HAL_Driver/Src/stm32g4xx_hal_flash.o
LOAD ./Drivers/STM32G4xx_HAL_Driver/Src/stm32g4xx_hal_flash_ex.o
LOAD ./Drivers/STM32G4xx_HAL_Driver/Src/stm32g4xx_hal_flash_ramfunc.o
LOAD ./Drivers/STM32G4xx_HAL_Driver/Src/stm32g4xx_hal_gpio.o
LOAD ./Drivers/STM32G4xx_HAL_Driver/Src/stm32g4xx_hal_pcd.o
LOAD ./Drivers/STM32G4xx_HAL_Driver/Src/stm32g4xx_hal_pcd_ex.o
LOAD ./Drivers/STM32G4xx_HAL_Driver/Src/stm32g4xx_hal_pwr.o
LOAD ./Drivers/STM32G4xx_HAL_Driver/Src/stm32g4xx_hal_pwr_ex.o
LOAD ./Drivers/STM32G4xx_HAL_Driver/Src/stm32g4xx_hal_rcc.o
LOAD ./Drivers/STM32G4xx_HAL_Driver/Src/stm32g4xx_hal_rcc_ex.o
LOAD ./Drivers/STM32G4xx_HAL_Driver/Src/stm32g4xx_hal_tim.o
LOAD ./Drivers/STM32G4xx_HAL_Driver/Src/stm32g4xx_hal_tim_ex.o
LOAD ./Drivers/STM32G4xx_HAL_Driver/Src/stm32g4xx_ll_usb.o
LOAD ./Middlewares/ST/STM32_USB_Device_Library/Class/CDC/Src/usbd_cdc.o
LOAD ./Middlewares/ST/STM32_USB_Device_Library/Core/Src/usbd_core.o
LOAD ./Middlewares/ST/STM32_USB_Device_Library/Core/Src/usbd_ctlreq.o
LOAD ./Middlewares/ST/STM32_USB_Device_Library/Core/Src/usbd_ioreq.o
LOAD ./ThirdParty/FreeRTOS/croutine.o
LOAD ./ThirdParty/FreeRTOS/event_groups.o
LOAD ./ThirdParty/FreeRTOS/list.o
LOAD ./ThirdParty/FreeRTOS/queue.o
LOAD ./ThirdParty/FreeRTOS/stream_buffer.o
LOAD ./ThirdParty/FreeRTOS/tasks.o
LOAD ./ThirdParty/FreeRTOS/timers.o
LOAD ./ThirdParty/FreeRTOS/portable/GCC/ARM_CM4F/port.o
LOAD ./ThirdParty/FreeRTOS/portable/MemMang/heap_4.o
LOAD ./USB_Device/App/usb_device.o
LOAD ./USB_Device/App/usbd_cdc_if.o
LOAD ./USB_Device/App/usbd_desc.o
LOAD ./USB_Device/Target/usbd_conf.o
START GROUP
LOAD C:/ST/STM32CubeIDE_1.18.1/STM32CubeIDE/plugins/com.st.stm32cube.ide.mcu.externaltools.gnu-tools-for-stm32.13.3.rel1.win32_1.0.100.202509120712/tools/bin/../lib/gcc/arm-none-eabi/13.3.1/../../../../arm-none-eabi/lib/thumb/v7e-m+fp/hard\libc_nano.a
LOAD C:/ST/STM32CubeIDE_1.18.1/STM32CubeIDE/plugins/com.st.stm32cube.ide.mcu.externaltools.gnu-tools-for-stm32.13.3.rel1.win32_1.0.100.202509120712/tools/bin/../lib/gcc/arm-none-eabi/13.3.1/../../../../arm-none-eabi/lib/thumb/v7e-m+fp/hard\libm.a
END GROUP
START GROUP
LOAD C:/ST/STM32CubeIDE_1.18.1/STM32CubeIDE/plugins/com.st.stm32cube.ide.mcu.externaltools.gnu-tools-for-stm32.13.3.rel1.win32_1.0.100.202509120712/tools/bin/../lib/gcc/arm-none-eabi/13.3.1/thumb/v7e-m+fp/hard\libgcc.a
LOAD C:/ST/STM32CubeIDE_1.18.1/STM32CubeIDE/plugins/com.st.stm32cube.ide.mcu.externaltools.gnu-tools-for-stm32.13.3.rel1.win32_1.0.100.202509120712/tools/bin/../lib/gcc/arm-none-eabi/13.3.1/../../../../arm-none-eabi/lib/thumb/v7e-m+fp/hard\libc_nano.a
END GROUP
START GROUP
LOAD C:/ST/STM32CubeIDE_1.18.1/STM32CubeIDE/plugins/com.st.stm32cube.ide.mcu.externaltools.gnu-tools-for-stm32.13.3.rel1.win32_1.0.100.202509120712/tools/bin/../lib/gcc/arm-none-eabi/13.3.1/thumb/v7e-m+fp/hard\libgcc.a
LOAD C:/ST/STM32CubeIDE_1.18.1/STM32CubeIDE/plugins/com.st.stm32cube.ide.mcu.externaltools.gnu-tools-for-stm32.13.3.rel1.win32_1.0.100.202509120712/tools/bin/../lib/gcc/arm-none-eabi/13.3.1/../../../../arm-none-eabi/lib/thumb/v7e-m+fp/hard\libc_nano.a
LOAD C:/ST/STM32CubeIDE_1.18.1/STM32CubeIDE/plugins/com.st.stm32cube.ide.mcu.externaltools.gnu-tools-for-stm32.13.3.rel1.win32_1.0.100.202509120712/tools/bin/../lib/gcc/arm-none-eabi/13.3.1/../../../../arm-none-eabi/lib/thumb/v7e-m+fp/hard\libnosys.a
END GROUP
START GROUP
LOAD C:/ST/STM32CubeIDE_1.18.1/STM32CubeIDE/plugins/com.st.stm32cube.ide.mcu.externaltools.gnu-tools-for-stm32.13.3.rel1.win32_1.0.100.202509120712/tools/bin/../lib/gcc/arm-none-eabi/13.3.1/thumb/v7e-m+fp/hard\libgcc.a
LOAD C:/ST/STM32CubeIDE_1.18.1/STM32CubeIDE/plugins/com.st.stm32cube.ide.mcu.externaltools.gnu-tools-for-stm32.13.3.rel1.win32_1.0.100.202509120712/tools/bin/../lib/gcc/arm-none-eabi/13.3.1/../../../../arm-none-eabi/lib/thumb/v7e-m+fp/hard\libc_nano.a
LOAD C:/ST/STM32CubeIDE_1.18.1/STM32CubeIDE/plugins/com.st.stm32cube.ide.mcu.externaltools.gnu-tools-for-stm32.13.3.rel1.win32_1.0.100.202509120712/tools/bin/../lib/gcc/arm-none-eabi/13.3.1/../../../../arm-none-eabi/lib/thumb/v7e-m+fp/hard\libnosys.a
END GROUP
LOAD C:/ST/STM32CubeIDE_1.18.1/STM32CubeIDE/plugins/com.st.stm32cube.ide.mcu.externaltools.gnu-tools-for-stm32.13.3.rel1.win32_1.0.100.202509120712/tools/bin/../lib/gcc/arm-none-eabi/13.3.1/thumb/v7e-m+fp/hard/crtend.o
LOAD C:/ST/STM32CubeIDE_1.18.1/STM32CubeIDE/plugins/com.st.stm32cube.ide.mcu.externaltools.gnu-tools-for-stm32.13.3.rel1.win32_1.0.100.202509120712/tools/bin/../lib/gcc/arm-none-eabi/13.3.1/thumb/v7e-m+fp/hard/crtn.o
                0x20020000                        _estack = (ORIGIN (RAM) + LENGTH (RAM))
                0x00000200                        _Min_Heap_Size = 0x200
                0x00000400                        _Min_Stack_Size = 0x400

.isr_vector     0x08000000      0x1d8
                0x08000000                        . = ALIGN (0x4)
 *(.isr_vector)
 .isr_vector    0x08000000      0x1d8 ./Core/Startup/startup_stm32g473cetx.o
                0x08000000                g_pfnVectors
                0x080001d8                        . = ALIGN (0x4)

.text           0x080001e0     0xc0ec
                0x080001e0                        . = ALIGN (0x4)
 *(.text)
 .text          0x080001e0       0x40 C:/ST/STM32CubeIDE_1.18.1/STM32CubeIDE/plugins/com.st.stm32cube.ide.mcu.externaltools.gnu-tools-for-stm32.13.3.rel1.win32_1.0.100.202509120712/tools/bin/../lib/gcc/arm-none-eabi/13.3.1/thumb/v7e-m+fp/hard/crtbegin.o
 .text          0x08000220       0xa0 C:/ST/STM32CubeIDE_1.18.1/STM32CubeIDE/plugins/com.st.stm32cube.ide.mcu.externaltools.gnu-tools-for-stm32.13.3.rel1.win32_1.0.100.202509120712/tools/bin/../lib/gcc/arm-none-eabi/13.3.1/../../../../arm-none-eabi/lib/thumb/v7e-m+fp/hard\libc_nano.a(libc_a-memchr.o)
                0x08000220                memchr
 *(.text*)
 .text.process_init
                0x080002c0      0x128 ./Core/App/process.o
                0x080002c0                process_init
 .text.HeartbeatTask
                0x080003e8       0x20 ./Core/App/process.o
                0x080003e8                HeartbeatTask
 .text.UsbRxTask
                0x08000408       0x30 ./Core/App/process.o
                0x08000408                UsbRxTask
 .text.UsbTxTask
                0x08000438       0x40 ./Core/App/process.o
                0x08000438                UsbTxTask
 .text.CAN_RxTask
                0x08000478       0x70 ./Core/App/process.o
                0x08000478                CAN_RxTask
 .text.process_handle_can_tx
                0x080004e8       0x94 ./Core/App/process.o
                0x080004e8                process_handle_can_tx
 .text.encode_dlc
                0x0800057c       0x68 ./Core/App/process.o
 .text.update_device_info
                0x080005e4       0x78 ./Core/Protocol/command.o
                0x080005e4                update_device_info
 .text.command_process
                0x0800065c       0x98 ./Core/Protocol/command.o
                0x0800065c                command_process
 .text.generate_serial_number
                0x080006f4       0x40 ./Core/Protocol/command.o
                0x080006f4                generate_serial_number
 .text.HAL_FDCAN_RxFifo0Callback
                0x08000734       0xd4 ./Core/Src/main.o
                0x08000734                HAL_FDCAN_RxFifo0Callback
 .text.main     0x08000808       0x48 ./Core/Src/main.o
                0x08000808                main
 .text.SystemClock_Config
                0x08000850       0x98 ./Core/Src/main.o
                0x08000850                SystemClock_Config
 .text.MX_FDCAN2_Init
                0x080008e8       0xd8 ./Core/Src/main.o
 .text.MX_FDCAN3_Init
                0x080009c0       0xd8 ./Core/Src/main.o
 .text.MX_GPIO_Init
                0x08000a98       0xc0 ./Core/Src/main.o
 .text.HAL_TIM_PeriodElapsedCallback
                0x08000b58       0x24 ./Core/Src/main.o
                0x08000b58                HAL_TIM_PeriodElapsedCallback
 .text.Error_Handler
                0x08000b7c        0xc ./Core/Src/main.o
                0x08000b7c                Error_Handler
 .text.HAL_MspInit
                0x08000b88       0x48 ./Core/Src/stm32g4xx_hal_msp.o
                0x08000b88                HAL_MspInit
 .text.HAL_FDCAN_MspInit
                0x08000bd0      0x1a0 ./Core/Src/stm32g4xx_hal_msp.o
                0x08000bd0                HAL_FDCAN_MspInit
 .text.HAL_InitTick
                0x08000d70       0xd8 ./Core/Src/stm32g4xx_hal_timebase_tim.o
                0x08000d70                HAL_InitTick
 .text.NMI_Handler
                0x08000e48        0x8 ./Core/Src/stm32g4xx_it.o
                0x08000e48                NMI_Handler
 .text.HardFault_Handler
                0x08000e50        0x8 ./Core/Src/stm32g4xx_it.o
                0x08000e50                HardFault_Handler
 .text.MemManage_Handler
                0x08000e58        0x8 ./Core/Src/stm32g4xx_it.o
                0x08000e58                MemManage_Handler
 .text.BusFault_Handler
                0x08000e60        0x8 ./Core/Src/stm32g4xx_it.o
                0x08000e60                BusFault_Handler
 .text.UsageFault_Handler
                0x08000e68        0x8 ./Core/Src/stm32g4xx_it.o
                0x08000e68                UsageFault_Handler
 .text.DebugMon_Handler
                0x08000e70        0xe ./Core/Src/stm32g4xx_it.o
                0x08000e70                DebugMon_Handler
 *fill*         0x08000e7e        0x2 
 .text.USB_LP_IRQHandler
                0x08000e80       0x14 ./Core/Src/stm32g4xx_it.o
                0x08000e80                USB_LP_IRQHandler
 .text.TIM6_DAC_IRQHandler
                0x08000e94       0x14 ./Core/Src/stm32g4xx_it.o
                0x08000e94                TIM6_DAC_IRQHandler
 .text.FDCAN2_IT0_IRQHandler
                0x08000ea8       0x14 ./Core/Src/stm32g4xx_it.o
                0x08000ea8                FDCAN2_IT0_IRQHandler
 .text.FDCAN2_IT1_IRQHandler
                0x08000ebc       0x14 ./Core/Src/stm32g4xx_it.o
                0x08000ebc                FDCAN2_IT1_IRQHandler
 .text.FDCAN3_IT0_IRQHandler
                0x08000ed0       0x14 ./Core/Src/stm32g4xx_it.o
                0x08000ed0                FDCAN3_IT0_IRQHandler
 .text.FDCAN3_IT1_IRQHandler
                0x08000ee4       0x14 ./Core/Src/stm32g4xx_it.o
                0x08000ee4                FDCAN3_IT1_IRQHandler
 .text._sbrk    0x08000ef8       0x6c ./Core/Src/sysmem.o
                0x08000ef8                _sbrk
 .text.SystemInit
                0x08000f64       0x24 ./Core/Src/system_stm32g4xx.o
                0x08000f64                SystemInit
 .text.Reset_Handler
                0x08000f88       0x50 ./Core/Startup/startup_stm32g473cetx.o
                0x08000f88                Reset_Handler
 .text.Default_Handler
                0x08000fd8        0x2 ./Core/Startup/startup_stm32g473cetx.o
                0x08000fd8                RTC_Alarm_IRQHandler
                0x08000fd8                EXTI2_IRQHandler
                0x08000fd8                TIM8_TRG_COM_IRQHandler
                0x08000fd8                TIM8_CC_IRQHandler
                0x08000fd8                SPI4_IRQHandler
                0x08000fd8                TIM1_CC_IRQHandler
                0x08000fd8                USB_HP_IRQHandler
                0x08000fd8                CORDIC_IRQHandler
                0x08000fd8                DMA2_Channel8_IRQHandler
                0x08000fd8                EXTI3_IRQHandler
                0x08000fd8                I2C3_ER_IRQHandler
                0x08000fd8                EXTI0_IRQHandler
                0x08000fd8                I2C2_EV_IRQHandler
                0x08000fd8                FPU_IRQHandler
                0x08000fd8                FDCAN1_IT1_IRQHandler
                0x08000fd8                TIM1_UP_TIM16_IRQHandler
                0x08000fd8                ADC1_2_IRQHandler
                0x08000fd8                SPI1_IRQHandler
                0x08000fd8                TIM8_UP_IRQHandler
                0x08000fd8                DMA2_Channel2_IRQHandler
                0x08000fd8                DMA1_Channel4_IRQHandler
                0x08000fd8                TIM20_TRG_COM_IRQHandler
                0x08000fd8                USART3_IRQHandler
                0x08000fd8                DMA1_Channel7_IRQHandler
                0x08000fd8                UART5_IRQHandler
                0x08000fd8                ADC3_IRQHandler
                0x08000fd8                TIM4_IRQHandler
                0x08000fd8                DMA2_Channel1_IRQHandler
                0x08000fd8                QUADSPI_IRQHandler
                0x08000fd8                I2C1_EV_IRQHandler
                0x08000fd8                DMA1_Channel6_IRQHandler
                0x08000fd8                UART4_IRQHandler
                0x08000fd8                DMA2_Channel4_IRQHandler
                0x08000fd8                TIM3_IRQHandler
                0x08000fd8                RCC_IRQHandler
                0x08000fd8                TIM20_UP_IRQHandler
                0x08000fd8                DMA1_Channel1_IRQHandler
                0x08000fd8                Default_Handler
                0x08000fd8                DMA2_Channel7_IRQHandler
                0x08000fd8                RTC_TAMP_LSECSS_IRQHandler
                0x08000fd8                FMAC_IRQHandler
                0x08000fd8                EXTI15_10_IRQHandler
                0x08000fd8                DMA1_Channel8_IRQHandler
                0x08000fd8                TIM7_DAC_IRQHandler
                0x08000fd8                TIM5_IRQHandler
                0x08000fd8                UCPD1_IRQHandler
                0x08000fd8                I2C3_EV_IRQHandler
                0x08000fd8                EXTI9_5_IRQHandler
                0x08000fd8                RTC_WKUP_IRQHandler
                0x08000fd8                PVD_PVM_IRQHandler
                0x08000fd8                SPI2_IRQHandler
                0x08000fd8                ADC5_IRQHandler
                0x08000fd8                DMA2_Channel5_IRQHandler
                0x08000fd8                CRS_IRQHandler
                0x08000fd8                DMA1_Channel5_IRQHandler
                0x08000fd8                EXTI4_IRQHandler
                0x08000fd8                RNG_IRQHandler
                0x08000fd8                TIM1_TRG_COM_TIM17_IRQHandler
                0x08000fd8                DMA1_Channel3_IRQHandler
                0x08000fd8                ADC4_IRQHandler
                0x08000fd8                WWDG_IRQHandler
                0x08000fd8                I2C4_EV_IRQHandler
                0x08000fd8                LPUART1_IRQHandler
                0x08000fd8                DMA2_Channel6_IRQHandler
                0x08000fd8                FDCAN1_IT0_IRQHandler
                0x08000fd8                TIM2_IRQHandler
                0x08000fd8                COMP7_IRQHandler
                0x08000fd8                COMP1_2_3_IRQHandler
                0x08000fd8                EXTI1_IRQHandler
                0x08000fd8                USART2_IRQHandler
                0x08000fd8                COMP4_5_6_IRQHandler
                0x08000fd8                TIM20_BRK_IRQHandler
                0x08000fd8                I2C2_ER_IRQHandler
                0x08000fd8                DMA1_Channel2_IRQHandler
                0x08000fd8                TIM8_BRK_IRQHandler
                0x08000fd8                FLASH_IRQHandler
                0x08000fd8                TIM20_CC_IRQHandler
                0x08000fd8                USART1_IRQHandler
                0x08000fd8                SPI3_IRQHandler
                0x08000fd8                I2C1_ER_IRQHandler
                0x08000fd8                FMC_IRQHandler
                0x08000fd8                LPTIM1_IRQHandler
                0x08000fd8                DMAMUX_OVR_IRQHandler
                0x08000fd8                I2C4_ER_IRQHandler
                0x08000fd8                USBWakeUp_IRQHandler
                0x08000fd8                SAI1_IRQHandler
                0x08000fd8                DMA2_Channel3_IRQHandler
                0x08000fd8                TIM1_BRK_TIM15_IRQHandler
 .text.HAL_Init
                0x08000fda       0x30 ./Drivers/STM32G4xx_HAL_Driver/Src/stm32g4xx_hal.o
                0x08000fda                HAL_Init
 *fill*         0x0800100a        0x2 
 .text.HAL_IncTick
                0x0800100c       0x24 ./Drivers/STM32G4xx_HAL_Driver/Src/stm32g4xx_hal.o
                0x0800100c                HAL_IncTick
 .text.HAL_GetTick
                0x08001030       0x18 ./Drivers/STM32G4xx_HAL_Driver/Src/stm32g4xx_hal.o
                0x08001030                HAL_GetTick
 .text.HAL_GetUIDw2
                0x08001048       0x18 ./Drivers/STM32G4xx_HAL_Driver/Src/stm32g4xx_hal.o
                0x08001048                HAL_GetUIDw2
 .text.__NVIC_SetPriorityGrouping
                0x08001060       0x48 ./Drivers/STM32G4xx_HAL_Driver/Src/stm32g4xx_hal_cortex.o
 .text.__NVIC_GetPriorityGrouping
                0x080010a8       0x1c ./Drivers/STM32G4xx_HAL_Driver/Src/stm32g4xx_hal_cortex.o
 .text.__NVIC_EnableIRQ
                0x080010c4       0x3c ./Drivers/STM32G4xx_HAL_Driver/Src/stm32g4xx_hal_cortex.o
 .text.__NVIC_SetPriority
                0x08001100       0x54 ./Drivers/STM32G4xx_HAL_Driver/Src/stm32g4xx_hal_cortex.o
 .text.NVIC_EncodePriority
                0x08001154       0x66 ./Drivers/STM32G4xx_HAL_Driver/Src/stm32g4xx_hal_cortex.o
 .text.HAL_NVIC_SetPriorityGrouping
                0x080011ba       0x16 ./Drivers/STM32G4xx_HAL_Driver/Src/stm32g4xx_hal_cortex.o
                0x080011ba                HAL_NVIC_SetPriorityGrouping
 .text.HAL_NVIC_SetPriority
                0x080011d0       0x34 ./Drivers/STM32G4xx_HAL_Driver/Src/stm32g4xx_hal_cortex.o
                0x080011d0                HAL_NVIC_SetPriority
 .text.HAL_NVIC_EnableIRQ
                0x08001204       0x1c ./Drivers/STM32G4xx_HAL_Driver/Src/stm32g4xx_hal_cortex.o
                0x08001204                HAL_NVIC_EnableIRQ
 .text.HAL_FDCAN_Init
                0x08001220      0x2b4 ./Drivers/STM32G4xx_HAL_Driver/Src/stm32g4xx_hal_fdcan.o
                0x08001220                HAL_FDCAN_Init
 .text.HAL_FDCAN_ConfigFilter
                0x080014d4       0xb4 ./Drivers/STM32G4xx_HAL_Driver/Src/stm32g4xx_hal_fdcan.o
                0x080014d4                HAL_FDCAN_ConfigFilter
 .text.HAL_FDCAN_ConfigGlobalFilter
                0x08001588       0x62 ./Drivers/STM32G4xx_HAL_Driver/Src/stm32g4xx_hal_fdcan.o
                0x08001588                HAL_FDCAN_ConfigGlobalFilter
 .text.HAL_FDCAN_Start
                0x080015ea       0x50 ./Drivers/STM32G4xx_HAL_Driver/Src/stm32g4xx_hal_fdcan.o
                0x080015ea                HAL_FDCAN_Start
 .text.HAL_FDCAN_AddMessageToTxFifoQ
                0x0800163a       0x88 ./Drivers/STM32G4xx_HAL_Driver/Src/stm32g4xx_hal_fdcan.o
                0x0800163a                HAL_FDCAN_AddMessageToTxFifoQ
 *fill*         0x080016c2        0x2 
 .text.HAL_FDCAN_GetRxMessage
                0x080016c4      0x210 ./Drivers/STM32G4xx_HAL_Driver/Src/stm32g4xx_hal_fdcan.o
                0x080016c4                HAL_FDCAN_GetRxMessage
 .text.HAL_FDCAN_ActivateNotification
                0x080018d4      0x1cc ./Drivers/STM32G4xx_HAL_Driver/Src/stm32g4xx_hal_fdcan.o
                0x080018d4                HAL_FDCAN_ActivateNotification
 .text.HAL_FDCAN_IRQHandler
                0x08001aa0      0x266 ./Drivers/STM32G4xx_HAL_Driver/Src/stm32g4xx_hal_fdcan.o
                0x08001aa0                HAL_FDCAN_IRQHandler
 .text.HAL_FDCAN_TxEventFifoCallback
                0x08001d06       0x16 ./Drivers/STM32G4xx_HAL_Driver/Src/stm32g4xx_hal_fdcan.o
                0x08001d06                HAL_FDCAN_TxEventFifoCallback
 .text.HAL_FDCAN_RxFifo1Callback
                0x08001d1c       0x16 ./Drivers/STM32G4xx_HAL_Driver/Src/stm32g4xx_hal_fdcan.o
                0x08001d1c                HAL_FDCAN_RxFifo1Callback
 .text.HAL_FDCAN_TxFifoEmptyCallback
                0x08001d32       0x14 ./Drivers/STM32G4xx_HAL_Driver/Src/stm32g4xx_hal_fdcan.o
                0x08001d32                HAL_FDCAN_TxFifoEmptyCallback
 .text.HAL_FDCAN_TxBufferCompleteCallback
                0x08001d46       0x16 ./Drivers/STM32G4xx_HAL_Driver/Src/stm32g4xx_hal_fdcan.o
                0x08001d46                HAL_FDCAN_TxBufferCompleteCallback
 .text.HAL_FDCAN_TxBufferAbortCallback
                0x08001d5c       0x16 ./Drivers/STM32G4xx_HAL_Driver/Src/stm32g4xx_hal_fdcan.o
                0x08001d5c                HAL_FDCAN_TxBufferAbortCallback
 .text.HAL_FDCAN_TimestampWraparoundCallback
                0x08001d72       0x14 ./Drivers/STM32G4xx_HAL_Driver/Src/stm32g4xx_hal_fdcan.o
                0x08001d72                HAL_FDCAN_TimestampWraparoundCallback
 .text.HAL_FDCAN_TimeoutOccurredCallback
                0x08001d86       0x14 ./Drivers/STM32G4xx_HAL_Driver/Src/stm32g4xx_hal_fdcan.o
                0x08001d86                HAL_FDCAN_TimeoutOccurredCallback
 .text.HAL_FDCAN_HighPriorityMessageCallback
                0x08001d9a       0x14 ./Drivers/STM32G4xx_HAL_Driver/Src/stm32g4xx_hal_fdcan.o
                0x08001d9a                HAL_FDCAN_HighPriorityMessageCallback
 .text.HAL_FDCAN_ErrorCallback
                0x08001dae       0x14 ./Drivers/STM32G4xx_HAL_Driver/Src/stm32g4xx_hal_fdcan.o
                0x08001dae                HAL_FDCAN_ErrorCallback
 .text.HAL_FDCAN_ErrorStatusCallback
                0x08001dc2       0x16 ./Drivers/STM32G4xx_HAL_Driver/Src/stm32g4xx_hal_fdcan.o
                0x08001dc2                HAL_FDCAN_ErrorStatusCallback
 .text.FDCAN_CalcultateRamBlockAddresses
                0x08001dd8       0xd8 ./Drivers/STM32G4xx_HAL_Driver/Src/stm32g4xx_hal_fdcan.o
 .text.FDCAN_CopyMessageToRAM
                0x08001eb0       0xf8 ./Drivers/STM32G4xx_HAL_Driver/Src/stm32g4xx_hal_fdcan.o
 .text.HAL_GPIO_Init
                0x08001fa8      0x304 ./Drivers/STM32G4xx_HAL_Driver/Src/stm32g4xx_hal_gpio.o
                0x08001fa8                HAL_GPIO_Init
 .text.HAL_GPIO_WritePin
                0x080022ac       0x30 ./Drivers/STM32G4xx_HAL_Driver/Src/stm32g4xx_hal_gpio.o
                0x080022ac                HAL_GPIO_WritePin
 .text.HAL_GPIO_TogglePin
                0x080022dc       0x34 ./Drivers/STM32G4xx_HAL_Driver/Src/stm32g4xx_hal_gpio.o
                0x080022dc                HAL_GPIO_TogglePin
 .text.HAL_PCD_Init
                0x08002310      0x19c ./Drivers/STM32G4xx_HAL_Driver/Src/stm32g4xx_hal_pcd.o
                0x08002310                HAL_PCD_Init
 .text.HAL_PCD_Start
                0x080024ac       0x44 ./Drivers/STM32G4xx_HAL_Driver/Src/stm32g4xx_hal_pcd.o
                0x080024ac                HAL_PCD_Start
 .text.HAL_PCD_IRQHandler
                0x080024f0      0x24e ./Drivers/STM32G4xx_HAL_Driver/Src/stm32g4xx_hal_pcd.o
                0x080024f0                HAL_PCD_IRQHandler
 .text.HAL_PCD_SetAddress
                0x0800273e       0x48 ./Drivers/STM32G4xx_HAL_Driver/Src/stm32g4xx_hal_pcd.o
                0x0800273e                HAL_PCD_SetAddress
 .text.HAL_PCD_EP_Open
                0x08002786       0xbe ./Drivers/STM32G4xx_HAL_Driver/Src/stm32g4xx_hal_pcd.o
                0x08002786                HAL_PCD_EP_Open
 .text.HAL_PCD_EP_Close
                0x08002844       0x90 ./Drivers/STM32G4xx_HAL_Driver/Src/stm32g4xx_hal_pcd.o
                0x08002844                HAL_PCD_EP_Close
 .text.HAL_PCD_EP_Receive
                0x080028d4       0x62 ./Drivers/STM32G4xx_HAL_Driver/Src/stm32g4xx_hal_pcd.o
                0x080028d4                HAL_PCD_EP_Receive
 .text.HAL_PCD_EP_GetRxCount
                0x08002936       0x30 ./Drivers/STM32G4xx_HAL_Driver/Src/stm32g4xx_hal_pcd.o
                0x08002936                HAL_PCD_EP_GetRxCount
 .text.HAL_PCD_EP_Transmit
                0x08002966       0x6e ./Drivers/STM32G4xx_HAL_Driver/Src/stm32g4xx_hal_pcd.o
                0x08002966                HAL_PCD_EP_Transmit
 .text.HAL_PCD_EP_SetStall
                0x080029d4       0xa4 ./Drivers/STM32G4xx_HAL_Driver/Src/stm32g4xx_hal_pcd.o
                0x080029d4                HAL_PCD_EP_SetStall
 .text.HAL_PCD_EP_ClrStall
                0x08002a78       0xa8 ./Drivers/STM32G4xx_HAL_Driver/Src/stm32g4xx_hal_pcd.o
                0x08002a78                HAL_PCD_EP_ClrStall
 .text.PCD_EP_ISR_Handler
                0x08002b20      0x68e ./Drivers/STM32G4xx_HAL_Driver/Src/stm32g4xx_hal_pcd.o
 .text.HAL_PCD_EP_DB_Receive
                0x080031ae      0x212 ./Drivers/STM32G4xx_HAL_Driver/Src/stm32g4xx_hal_pcd.o
 .text.HAL_PCD_EP_DB_Transmit
                0x080033c0      0x878 ./Drivers/STM32G4xx_HAL_Driver/Src/stm32g4xx_hal_pcd.o
 .text.HAL_PCDEx_PMAConfig
                0x08003c38       0x86 ./Drivers/STM32G4xx_HAL_Driver/Src/stm32g4xx_hal_pcd_ex.o
                0x08003c38                HAL_PCDEx_PMAConfig
 .text.HAL_PCDEx_ActivateLPM
                0x08003cbe       0x54 ./Drivers/STM32G4xx_HAL_Driver/Src/stm32g4xx_hal_pcd_ex.o
                0x08003cbe                HAL_PCDEx_ActivateLPM
 *fill*         0x08003d12        0x2 
 .text.HAL_PWREx_ControlVoltageScaling
                0x08003d14      0x148 ./Drivers/STM32G4xx_HAL_Driver/Src/stm32g4xx_hal_pwr_ex.o
                0x08003d14                HAL_PWREx_ControlVoltageScaling
 .text.HAL_PWREx_DisableUCPDDeadBattery
                0x08003e5c       0x20 ./Drivers/STM32G4xx_HAL_Driver/Src/stm32g4xx_hal_pwr_ex.o
                0x08003e5c                HAL_PWREx_DisableUCPDDeadBattery
 .text.HAL_RCC_OscConfig
                0x08003e7c      0x624 ./Drivers/STM32G4xx_HAL_Driver/Src/stm32g4xx_hal_rcc.o
                0x08003e7c                HAL_RCC_OscConfig
 .text.HAL_RCC_ClockConfig
                0x080044a0      0x278 ./Drivers/STM32G4xx_HAL_Driver/Src/stm32g4xx_hal_rcc.o
                0x080044a0                HAL_RCC_ClockConfig
 .text.HAL_RCC_GetSysClockFreq
                0x08004718       0xc4 ./Drivers/STM32G4xx_HAL_Driver/Src/stm32g4xx_hal_rcc.o
                0x08004718                HAL_RCC_GetSysClockFreq
 .text.HAL_RCC_GetHCLKFreq
                0x080047dc       0x18 ./Drivers/STM32G4xx_HAL_Driver/Src/stm32g4xx_hal_rcc.o
                0x080047dc                HAL_RCC_GetHCLKFreq
 .text.HAL_RCC_GetPCLK1Freq
                0x080047f4       0x2c ./Drivers/STM32G4xx_HAL_Driver/Src/stm32g4xx_hal_rcc.o
                0x080047f4                HAL_RCC_GetPCLK1Freq
 .text.HAL_RCC_GetClockConfig
                0x08004820       0x64 ./Drivers/STM32G4xx_HAL_Driver/Src/stm32g4xx_hal_rcc.o
                0x08004820                HAL_RCC_GetClockConfig
 .text.RCC_GetSysClockFreqFromPLLSource
                0x08004884       0x8c ./Drivers/STM32G4xx_HAL_Driver/Src/stm32g4xx_hal_rcc.o
 .text.HAL_RCCEx_PeriphCLKConfig
                0x08004910      0x49c ./Drivers/STM32G4xx_HAL_Driver/Src/stm32g4xx_hal_rcc_ex.o
                0x08004910                HAL_RCCEx_PeriphCLKConfig
 .text.HAL_TIM_Base_Init
                0x08004dac       0xae ./Drivers/STM32G4xx_HAL_Driver/Src/stm32g4xx_hal_tim.o
                0x08004dac                HAL_TIM_Base_Init
 .text.HAL_TIM_Base_MspInit
                0x08004e5a       0x14 ./Drivers/STM32G4xx_HAL_Driver/Src/stm32g4xx_hal_tim.o
                0x08004e5a                HAL_TIM_Base_MspInit
 *fill*         0x08004e6e        0x2 
 .text.HAL_TIM_Base_Start_IT
                0x08004e70       0xf0 ./Drivers/STM32G4xx_HAL_Driver/Src/stm32g4xx_hal_tim.o
                0x08004e70                HAL_TIM_Base_Start_IT
 .text.HAL_TIM_IRQHandler
                0x08004f60      0x29e ./Drivers/STM32G4xx_HAL_Driver/Src/stm32g4xx_hal_tim.o
                0x08004f60                HAL_TIM_IRQHandler
 .text.HAL_TIM_OC_DelayElapsedCallback
                0x080051fe       0x14 ./Drivers/STM32G4xx_HAL_Driver/Src/stm32g4xx_hal_tim.o
                0x080051fe                HAL_TIM_OC_DelayElapsedCallback
 .text.HAL_TIM_IC_CaptureCallback
                0x08005212       0x14 ./Drivers/STM32G4xx_HAL_Driver/Src/stm32g4xx_hal_tim.o
                0x08005212                HAL_TIM_IC_CaptureCallback
 .text.HAL_TIM_PWM_PulseFinishedCallback
                0x08005226       0x14 ./Drivers/STM32G4xx_HAL_Driver/Src/stm32g4xx_hal_tim.o
                0x08005226                HAL_TIM_PWM_PulseFinishedCallback
 .text.HAL_TIM_TriggerCallback
                0x0800523a       0x14 ./Drivers/STM32G4xx_HAL_Driver/Src/stm32g4xx_hal_tim.o
                0x0800523a                HAL_TIM_TriggerCallback
 *fill*         0x0800524e        0x2 
 .text.TIM_Base_SetConfig
                0x08005250      0x168 ./Drivers/STM32G4xx_HAL_Driver/Src/stm32g4xx_hal_tim.o
                0x08005250                TIM_Base_SetConfig
 .text.HAL_TIMEx_CommutCallback
                0x080053b8       0x14 ./Drivers/STM32G4xx_HAL_Driver/Src/stm32g4xx_hal_tim_ex.o
                0x080053b8                HAL_TIMEx_CommutCallback
 .text.HAL_TIMEx_BreakCallback
                0x080053cc       0x14 ./Drivers/STM32G4xx_HAL_Driver/Src/stm32g4xx_hal_tim_ex.o
                0x080053cc                HAL_TIMEx_BreakCallback
 .text.HAL_TIMEx_Break2Callback
                0x080053e0       0x14 ./Drivers/STM32G4xx_HAL_Driver/Src/stm32g4xx_hal_tim_ex.o
                0x080053e0                HAL_TIMEx_Break2Callback
 .text.HAL_TIMEx_EncoderIndexCallback
                0x080053f4       0x14 ./Drivers/STM32G4xx_HAL_Driver/Src/stm32g4xx_hal_tim_ex.o
                0x080053f4                HAL_TIMEx_EncoderIndexCallback
 .text.HAL_TIMEx_DirectionChangeCallback
                0x08005408       0x14 ./Drivers/STM32G4xx_HAL_Driver/Src/stm32g4xx_hal_tim_ex.o
                0x08005408                HAL_TIMEx_DirectionChangeCallback
 .text.HAL_TIMEx_IndexErrorCallback
                0x0800541c       0x14 ./Drivers/STM32G4xx_HAL_Driver/Src/stm32g4xx_hal_tim_ex.o
                0x0800541c                HAL_TIMEx_IndexErrorCallback
 .text.HAL_TIMEx_TransitionErrorCallback
                0x08005430       0x14 ./Drivers/STM32G4xx_HAL_Driver/Src/stm32g4xx_hal_tim_ex.o
                0x08005430                HAL_TIMEx_TransitionErrorCallback
 .text.USB_EnableGlobalInt
                0x08005444       0x2e ./Drivers/STM32G4xx_HAL_Driver/Src/stm32g4xx_ll_usb.o
                0x08005444                USB_EnableGlobalInt
 .text.USB_DisableGlobalInt
                0x08005472       0x36 ./Drivers/STM32G4xx_HAL_Driver/Src/stm32g4xx_ll_usb.o
                0x08005472                USB_DisableGlobalInt
 .text.USB_DevInit
                0x080054a8       0x3c ./Drivers/STM32G4xx_HAL_Driver/Src/stm32g4xx_ll_usb.o
                0x080054a8                USB_DevInit
 .text.USB_ActivateEndpoint
                0x080054e4      0x9d0 ./Drivers/STM32G4xx_HAL_Driver/Src/stm32g4xx_ll_usb.o
                0x080054e4                USB_ActivateEndpoint
 .text.USB_DeactivateEndpoint
                0x08005eb4      0x3da ./Drivers/STM32G4xx_HAL_Driver/Src/stm32g4xx_ll_usb.o
                0x08005eb4                USB_DeactivateEndpoint
 .text.USB_EPStartXfer
                0x0800628e      0xb5e ./Drivers/STM32G4xx_HAL_Driver/Src/stm32g4xx_ll_usb.o
                0x0800628e                USB_EPStartXfer
 .text.USB_EPSetStall
                0x08006dec       0xa2 ./Drivers/STM32G4xx_HAL_Driver/Src/stm32g4xx_ll_usb.o
                0x08006dec                USB_EPSetStall
 .text.USB_EPClearStall
                0x08006e8e      0x152 ./Drivers/STM32G4xx_HAL_Driver/Src/stm32g4xx_ll_usb.o
                0x08006e8e                USB_EPClearStall
 .text.USB_SetDevAddress
                0x08006fe0       0x28 ./Drivers/STM32G4xx_HAL_Driver/Src/stm32g4xx_ll_usb.o
                0x08006fe0                USB_SetDevAddress
 .text.USB_DevConnect
                0x08007008       0x2e ./Drivers/STM32G4xx_HAL_Driver/Src/stm32g4xx_ll_usb.o
                0x08007008                USB_DevConnect
 .text.USB_ReadInterrupts
                0x08007036       0x20 ./Drivers/STM32G4xx_HAL_Driver/Src/stm32g4xx_ll_usb.o
                0x08007036                USB_ReadInterrupts
 .text.USB_WritePMA
                0x08007056       0x86 ./Drivers/STM32G4xx_HAL_Driver/Src/stm32g4xx_ll_usb.o
                0x08007056                USB_WritePMA
 .text.USB_ReadPMA
                0x080070dc       0x98 ./Drivers/STM32G4xx_HAL_Driver/Src/stm32g4xx_ll_usb.o
                0x080070dc                USB_ReadPMA
 .text.USBD_CDC_Init
                0x08007174       0xfe ./Middlewares/ST/STM32_USB_Device_Library/Class/CDC/Src/usbd_cdc.o
 .text.USBD_CDC_DeInit
                0x08007272       0x74 ./Middlewares/ST/STM32_USB_Device_Library/Class/CDC/Src/usbd_cdc.o
 *fill*         0x080072e6        0x2 
 .text.USBD_CDC_Setup
                0x080072e8      0x190 ./Middlewares/ST/STM32_USB_Device_Library/Class/CDC/Src/usbd_cdc.o
 .text.USBD_CDC_DataIn
                0x08007478       0xca ./Middlewares/ST/STM32_USB_Device_Library/Class/CDC/Src/usbd_cdc.o
 .text.USBD_CDC_DataOut
                0x08007542       0x56 ./Middlewares/ST/STM32_USB_Device_Library/Class/CDC/Src/usbd_cdc.o
 .text.USBD_CDC_EP0_RxReady
                0x08007598       0x58 ./Middlewares/ST/STM32_USB_Device_Library/Class/CDC/Src/usbd_cdc.o
 .text.USBD_CDC_GetFSCfgDesc
                0x080075f0       0x20 ./Middlewares/ST/STM32_USB_Device_Library/Class/CDC/Src/usbd_cdc.o
 .text.USBD_CDC_GetHSCfgDesc
                0x08007610       0x20 ./Middlewares/ST/STM32_USB_Device_Library/Class/CDC/Src/usbd_cdc.o
 .text.USBD_CDC_GetOtherSpeedCfgDesc
                0x08007630       0x20 ./Middlewares/ST/STM32_USB_Device_Library/Class/CDC/Src/usbd_cdc.o
 .text.USBD_CDC_GetDeviceQualifierDescriptor
                0x08007650       0x20 ./Middlewares/ST/STM32_USB_Device_Library/Class/CDC/Src/usbd_cdc.o
                0x08007650                USBD_CDC_GetDeviceQualifierDescriptor
 .text.USBD_CDC_RegisterInterface
                0x08007670       0x2a ./Middlewares/ST/STM32_USB_Device_Library/Class/CDC/Src/usbd_cdc.o
                0x08007670                USBD_CDC_RegisterInterface
 .text.USBD_CDC_SetTxBuffer
                0x0800769a       0x3c ./Middlewares/ST/STM32_USB_Device_Library/Class/CDC/Src/usbd_cdc.o
                0x0800769a                USBD_CDC_SetTxBuffer
 .text.USBD_CDC_SetRxBuffer
                0x080076d6       0x32 ./Middlewares/ST/STM32_USB_Device_Library/Class/CDC/Src/usbd_cdc.o
                0x080076d6                USBD_CDC_SetRxBuffer
 .text.USBD_CDC_TransmitPacket
                0x08007708       0x60 ./Middlewares/ST/STM32_USB_Device_Library/Class/CDC/Src/usbd_cdc.o
                0x08007708                USBD_CDC_TransmitPacket
 .text.USBD_CDC_ReceivePacket
                0x08007768       0x54 ./Middlewares/ST/STM32_USB_Device_Library/Class/CDC/Src/usbd_cdc.o
                0x08007768                USBD_CDC_ReceivePacket
 .text.USBD_Init
                0x080077bc       0x60 ./Middlewares/ST/STM32_USB_Device_Library/Core/Src/usbd_core.o
                0x080077bc                USBD_Init
 .text.USBD_RegisterClass
                0x0800781c       0x4e ./Middlewares/ST/STM32_USB_Device_Library/Core/Src/usbd_core.o
                0x0800781c                USBD_RegisterClass
 .text.USBD_Start
                0x0800786a       0x18 ./Middlewares/ST/STM32_USB_Device_Library/Core/Src/usbd_core.o
                0x0800786a                USBD_Start
 .text.USBD_RunTestMode
                0x08007882       0x16 ./Middlewares/ST/STM32_USB_Device_Library/Core/Src/usbd_core.o
                0x08007882                USBD_RunTestMode
 .text.USBD_SetClassConfig
                0x08007898       0x38 ./Middlewares/ST/STM32_USB_Device_Library/Core/Src/usbd_core.o
                0x08007898                USBD_SetClassConfig
 .text.USBD_ClrClassConfig
                0x080078d0       0x30 ./Middlewares/ST/STM32_USB_Device_Library/Core/Src/usbd_core.o
                0x080078d0                USBD_ClrClassConfig
 .text.USBD_LL_SetupStage
                0x08007900       0xaa ./Middlewares/ST/STM32_USB_Device_Library/Core/Src/usbd_core.o
                0x08007900                USBD_LL_SetupStage
 .text.USBD_LL_DataOutStage
                0x080079aa       0xc6 ./Middlewares/ST/STM32_USB_Device_Library/Core/Src/usbd_core.o
                0x080079aa                USBD_LL_DataOutStage
 .text.USBD_LL_DataInStage
                0x08007a70      0x12c ./Middlewares/ST/STM32_USB_Device_Library/Core/Src/usbd_core.o
                0x08007a70                USBD_LL_DataInStage
 .text.USBD_LL_Reset
                0x08007b9c       0x9c ./Middlewares/ST/STM32_USB_Device_Library/Core/Src/usbd_core.o
                0x08007b9c                USBD_LL_Reset
 .text.USBD_LL_SetSpeed
                0x08007c38       0x20 ./Middlewares/ST/STM32_USB_Device_Library/Core/Src/usbd_core.o
                0x08007c38                USBD_LL_SetSpeed
 .text.USBD_LL_Suspend
                0x08007c58       0x2c ./Middlewares/ST/STM32_USB_Device_Library/Core/Src/usbd_core.o
                0x08007c58                USBD_LL_Suspend
 .text.USBD_LL_Resume
                0x08007c84       0x30 ./Middlewares/ST/STM32_USB_Device_Library/Core/Src/usbd_core.o
                0x08007c84                USBD_LL_Resume
 .text.USBD_LL_SOF
                0x08007cb4       0x44 ./Middlewares/ST/STM32_USB_Device_Library/Core/Src/usbd_core.o
                0x08007cb4                USBD_LL_SOF
 .text.SWAPBYTE
                0x08007cf8       0x3e ./Middlewares/ST/STM32_USB_Device_Library/Core/Src/usbd_ctlreq.o
 *fill*         0x08007d36        0x2 
 .text.USBD_StdDevReq
                0x08007d38       0xdc ./Middlewares/ST/STM32_USB_Device_Library/Core/Src/usbd_ctlreq.o
                0x08007d38                USBD_StdDevReq
 .text.USBD_StdItfReq
                0x08007e14       0x92 ./Middlewares/ST/STM32_USB_Device_Library/Core/Src/usbd_ctlreq.o
                0x08007e14                USBD_StdItfReq
 .text.USBD_StdEPReq
                0x08007ea6      0x2c4 ./Middlewares/ST/STM32_USB_Device_Library/Core/Src/usbd_ctlreq.o
                0x08007ea6                USBD_StdEPReq
 *fill*         0x0800816a        0x2 
 .text.USBD_GetDescriptor
                0x0800816c      0x328 ./Middlewares/ST/STM32_USB_Device_Library/Core/Src/usbd_ctlreq.o
 .text.USBD_SetAddress
                0x08008494       0x88 ./Middlewares/ST/STM32_USB_Device_Library/Core/Src/usbd_ctlreq.o
 .text.USBD_SetConfig
                0x0800851c      0x14c ./Middlewares/ST/STM32_USB_Device_Library/Core/Src/usbd_ctlreq.o
 .text.USBD_GetConfig
                0x08008668       0x6c ./Middlewares/ST/STM32_USB_Device_Library/Core/Src/usbd_ctlreq.o
 .text.USBD_GetStatus
                0x080086d4       0x68 ./Middlewares/ST/STM32_USB_Device_Library/Core/Src/usbd_ctlreq.o
 .text.USBD_SetFeature
                0x0800873c       0x28 ./Middlewares/ST/STM32_USB_Device_Library/Core/Src/usbd_ctlreq.o
 .text.USBD_ClrFeature
                0x08008764       0x44 ./Middlewares/ST/STM32_USB_Device_Library/Core/Src/usbd_ctlreq.o
 .text.USBD_ParseSetupRequest
                0x080087a8       0x74 ./Middlewares/ST/STM32_USB_Device_Library/Core/Src/usbd_ctlreq.o
                0x080087a8                USBD_ParseSetupRequest
 .text.USBD_CtlError
                0x0800881c       0x22 ./Middlewares/ST/STM32_USB_Device_Library/Core/Src/usbd_ctlreq.o
                0x0800881c                USBD_CtlError
 .text.USBD_GetString
                0x0800883e       0x8c ./Middlewares/ST/STM32_USB_Device_Library/Core/Src/usbd_ctlreq.o
                0x0800883e                USBD_GetString
 .text.USBD_GetLen
                0x080088ca       0x34 ./Middlewares/ST/STM32_USB_Device_Library/Core/Src/usbd_ctlreq.o
 .text.USBD_CtlSendData
                0x080088fe       0x36 ./Middlewares/ST/STM32_USB_Device_Library/Core/Src/usbd_ioreq.o
                0x080088fe                USBD_CtlSendData
 .text.USBD_CtlContinueSendData
                0x08008934       0x22 ./Middlewares/ST/STM32_USB_Device_Library/Core/Src/usbd_ioreq.o
                0x08008934                USBD_CtlContinueSendData
 .text.USBD_CtlPrepareRx
                0x08008956       0x3a ./Middlewares/ST/STM32_USB_Device_Library/Core/Src/usbd_ioreq.o
                0x08008956                USBD_CtlPrepareRx
 .text.USBD_CtlContinueRx
                0x08008990       0x22 ./Middlewares/ST/STM32_USB_Device_Library/Core/Src/usbd_ioreq.o
                0x08008990                USBD_CtlContinueRx
 .text.USBD_CtlSendStatus
                0x080089b2       0x26 ./Middlewares/ST/STM32_USB_Device_Library/Core/Src/usbd_ioreq.o
                0x080089b2                USBD_CtlSendStatus
 .text.USBD_CtlReceiveStatus
                0x080089d8       0x26 ./Middlewares/ST/STM32_USB_Device_Library/Core/Src/usbd_ioreq.o
                0x080089d8                USBD_CtlReceiveStatus
 .text.vListInitialise
                0x080089fe       0x40 ./ThirdParty/FreeRTOS/list.o
                0x080089fe                vListInitialise
 .text.vListInitialiseItem
                0x08008a3e       0x1a ./ThirdParty/FreeRTOS/list.o
                0x08008a3e                vListInitialiseItem
 .text.vListInsert
                0x08008a58       0x72 ./ThirdParty/FreeRTOS/list.o
                0x08008a58                vListInsert
 .text.uxListRemove
                0x08008aca       0x54 ./ThirdParty/FreeRTOS/list.o
                0x08008aca                uxListRemove
 *fill*         0x08008b1e        0x2 
 .text.xQueueGenericReset
                0x08008b20      0x124 ./ThirdParty/FreeRTOS/queue.o
                0x08008b20                xQueueGenericReset
 .text.xQueueGenericCreate
                0x08008c44       0x9e ./ThirdParty/FreeRTOS/queue.o
                0x08008c44                xQueueGenericCreate
 .text.prvInitialiseNewQueue
                0x08008ce2       0x46 ./ThirdParty/FreeRTOS/queue.o
 .text.xQueueGenericSend
                0x08008d28      0x1d4 ./ThirdParty/FreeRTOS/queue.o
                0x08008d28                xQueueGenericSend
 .text.xQueueGenericSendFromISR
                0x08008efc      0x16c ./ThirdParty/FreeRTOS/queue.o
                0x08008efc                xQueueGenericSendFromISR
 .text.xQueueReceive
                0x08009068      0x194 ./ThirdParty/FreeRTOS/queue.o
                0x08009068                xQueueReceive
 .text.prvCopyDataToQueue
                0x080091fc       0xd4 ./ThirdParty/FreeRTOS/queue.o
 .text.prvCopyDataFromQueue
                0x080092d0       0x4c ./ThirdParty/FreeRTOS/queue.o
 .text.prvUnlockQueue
                0x0800931c       0xa4 ./ThirdParty/FreeRTOS/queue.o
 .text.prvIsQueueEmpty
                0x080093c0       0x2c ./ThirdParty/FreeRTOS/queue.o
 .text.prvIsQueueFull
                0x080093ec       0x30 ./ThirdParty/FreeRTOS/queue.o
 .text.prvCreateTask
                0x0800941c       0x78 ./ThirdParty/FreeRTOS/tasks.o
 .text.xTaskCreate
                0x08009494       0x46 ./ThirdParty/FreeRTOS/tasks.o
                0x08009494                xTaskCreate
 .text.prvInitialiseNewTask
                0x080094da      0x120 ./ThirdParty/FreeRTOS/tasks.o
 *fill*         0x080095fa        0x2 
 .text.prvAddNewTaskToReadyList
                0x080095fc      0x12c ./ThirdParty/FreeRTOS/tasks.o
 .text.vTaskDelay
                0x08009728       0x6c ./ThirdParty/FreeRTOS/tasks.o
                0x08009728                vTaskDelay
 .text.prvCreateIdleTasks
                0x08009794       0x94 ./ThirdParty/FreeRTOS/tasks.o
 .text.vTaskStartScheduler
                0x08009828       0x7c ./ThirdParty/FreeRTOS/tasks.o
                0x08009828                vTaskStartScheduler
 .text.vTaskSuspendAll
                0x080098a4       0x1c ./ThirdParty/FreeRTOS/tasks.o
                0x080098a4                vTaskSuspendAll
 .text.xTaskResumeAll
                0x080098c0      0x20c ./ThirdParty/FreeRTOS/tasks.o
                0x080098c0                xTaskResumeAll
 .text.uxTaskGetNumberOfTasks
                0x08009acc       0x18 ./ThirdParty/FreeRTOS/tasks.o
                0x08009acc                uxTaskGetNumberOfTasks
 .text.xTaskIncrementTick
                0x08009ae4      0x230 ./ThirdParty/FreeRTOS/tasks.o
                0x08009ae4                xTaskIncrementTick
 .text.vTaskSwitchContext
                0x08009d14       0xbc ./ThirdParty/FreeRTOS/tasks.o
                0x08009d14                vTaskSwitchContext
 .text.vTaskPlaceOnEventList
                0x08009dd0       0x4c ./ThirdParty/FreeRTOS/tasks.o
                0x08009dd0                vTaskPlaceOnEventList
 .text.xTaskRemoveFromEventList
                0x08009e1c      0x1b0 ./ThirdParty/FreeRTOS/tasks.o
                0x08009e1c                xTaskRemoveFromEventList
 .text.vTaskInternalSetTimeOutState
                0x08009fcc       0x2c ./ThirdParty/FreeRTOS/tasks.o
                0x08009fcc                vTaskInternalSetTimeOutState
 .text.xTaskCheckForTimeOut
                0x08009ff8       0xd0 ./ThirdParty/FreeRTOS/tasks.o
                0x08009ff8                xTaskCheckForTimeOut
 .text.vTaskMissedYield
                0x0800a0c8       0x18 ./ThirdParty/FreeRTOS/tasks.o
                0x0800a0c8                vTaskMissedYield
 .text.prvIdleTask
                0x0800a0e0       0x30 ./ThirdParty/FreeRTOS/tasks.o
 .text.prvInitialiseTaskLists
                0x0800a110       0x80 ./ThirdParty/FreeRTOS/tasks.o
 .text.prvCheckTasksWaitingTermination
                0x0800a190       0x5c ./ThirdParty/FreeRTOS/tasks.o
 .text.prvDeleteTCB
                0x0800a1ec       0x20 ./ThirdParty/FreeRTOS/tasks.o
 .text.prvResetNextTaskUnblockTime
                0x0800a20c       0x38 ./ThirdParty/FreeRTOS/tasks.o
 .text.xTaskPriorityDisinherit
                0x0800a244      0x14c ./ThirdParty/FreeRTOS/tasks.o
                0x0800a244                xTaskPriorityDisinherit
 .text.prvAddCurrentTaskToDelayedList
                0x0800a390      0x104 ./ThirdParty/FreeRTOS/tasks.o
 .text.pxPortInitialiseStack
                0x0800a494       0x68 ./ThirdParty/FreeRTOS/portable/GCC/ARM_CM4F/port.o
                0x0800a494                pxPortInitialiseStack
 .text.prvTaskExitError
                0x0800a4fc       0x5c ./ThirdParty/FreeRTOS/portable/GCC/ARM_CM4F/port.o
 *fill*         0x0800a558        0x8 
 .text.SVC_Handler
                0x0800a560       0x28 ./ThirdParty/FreeRTOS/portable/GCC/ARM_CM4F/port.o
                0x0800a560                SVC_Handler
 .text.prvPortStartFirstTask
                0x0800a588       0x2c ./ThirdParty/FreeRTOS/portable/GCC/ARM_CM4F/port.o
 .text.xPortStartScheduler
                0x0800a5b4      0x1e0 ./ThirdParty/FreeRTOS/portable/GCC/ARM_CM4F/port.o
                0x0800a5b4                xPortStartScheduler
 .text.vPortEnterCritical
                0x0800a794       0x64 ./ThirdParty/FreeRTOS/portable/GCC/ARM_CM4F/port.o
                0x0800a794                vPortEnterCritical
 .text.vPortExitCritical
                0x0800a7f8       0x54 ./ThirdParty/FreeRTOS/portable/GCC/ARM_CM4F/port.o
                0x0800a7f8                vPortExitCritical
 *fill*         0x0800a84c        0x4 
 .text.PendSV_Handler
                0x0800a850       0x68 ./ThirdParty/FreeRTOS/portable/GCC/ARM_CM4F/port.o
                0x0800a850                PendSV_Handler
 .text.SysTick_Handler
                0x0800a8b8       0x44 ./ThirdParty/FreeRTOS/portable/GCC/ARM_CM4F/port.o
                0x0800a8b8                SysTick_Handler
 .text.vPortSetupTimerInterrupt
                0x0800a8fc       0x48 ./ThirdParty/FreeRTOS/portable/GCC/ARM_CM4F/port.o
                0x0800a8fc                vPortSetupTimerInterrupt
 .text.vPortEnableVFP
                0x0800a944       0x18 ./ThirdParty/FreeRTOS/portable/GCC/ARM_CM4F/port.o
 .text.vPortValidateInterruptPriority
                0x0800a95c       0x84 ./ThirdParty/FreeRTOS/portable/GCC/ARM_CM4F/port.o
                0x0800a95c                vPortValidateInterruptPriority
 .text.pvPortMalloc
                0x0800a9e0      0x264 ./ThirdParty/FreeRTOS/portable/MemMang/heap_4.o
                0x0800a9e0                pvPortMalloc
 .text.vPortFree
                0x0800ac44       0xec ./ThirdParty/FreeRTOS/portable/MemMang/heap_4.o
                0x0800ac44                vPortFree
 .text.prvHeapInit
                0x0800ad30       0xb4 ./ThirdParty/FreeRTOS/portable/MemMang/heap_4.o
 .text.prvInsertBlockIntoFreeList
                0x0800ade4       0xf4 ./ThirdParty/FreeRTOS/portable/MemMang/heap_4.o
 .text.MX_USB_Device_Init
                0x0800aed8       0x60 ./USB_Device/App/usb_device.o
                0x0800aed8                MX_USB_Device_Init
 .text.CDC_Init_FS
                0x0800af38       0x28 ./USB_Device/App/usbd_cdc_if.o
 .text.CDC_DeInit_FS
                0x0800af60       0x10 ./USB_Device/App/usbd_cdc_if.o
 .text.CDC_Control_FS
                0x0800af70       0xbc ./USB_Device/App/usbd_cdc_if.o
 .text.CDC_Receive_FS
                0x0800b02c       0x88 ./USB_Device/App/usbd_cdc_if.o
 .text.CDC_Transmit_FS
                0x0800b0b4       0x4c ./USB_Device/App/usbd_cdc_if.o
                0x0800b0b4                CDC_Transmit_FS
 .text.CDC_TransmitCplt_FS
                0x0800b100       0x22 ./USB_Device/App/usbd_cdc_if.o
 *fill*         0x0800b122        0x2 
 .text.USBD_CDC_DeviceDescriptor
                0x0800b124       0x24 ./USB_Device/App/usbd_desc.o
                0x0800b124                USBD_CDC_DeviceDescriptor
 .text.USBD_CDC_LangIDStrDescriptor
                0x0800b148       0x24 ./USB_Device/App/usbd_desc.o
                0x0800b148                USBD_CDC_LangIDStrDescriptor
 .text.USBD_CDC_ProductStrDescriptor
                0x0800b16c       0x3c ./USB_Device/App/usbd_desc.o
                0x0800b16c                USBD_CDC_ProductStrDescriptor
 .text.USBD_CDC_ManufacturerStrDescriptor
                0x0800b1a8       0x28 ./USB_Device/App/usbd_desc.o
                0x0800b1a8                USBD_CDC_ManufacturerStrDescriptor
 .text.USBD_CDC_SerialStrDescriptor
                0x0800b1d0       0x24 ./USB_Device/App/usbd_desc.o
                0x0800b1d0                USBD_CDC_SerialStrDescriptor
 .text.USBD_CDC_ConfigStrDescriptor
                0x0800b1f4       0x3c ./USB_Device/App/usbd_desc.o
                0x0800b1f4                USBD_CDC_ConfigStrDescriptor
 .text.USBD_CDC_InterfaceStrDescriptor
                0x0800b230       0x3c ./USB_Device/App/usbd_desc.o
                0x0800b230                USBD_CDC_InterfaceStrDescriptor
 .text.Get_SerialNum
                0x0800b26c       0x58 ./USB_Device/App/usbd_desc.o
 .text.IntToUnicode
                0x0800b2c4       0x7e ./USB_Device/App/usbd_desc.o
 *fill*         0x0800b342        0x2 
 .text.HAL_PCD_MspInit
                0x0800b344       0x78 ./USB_Device/Target/usbd_conf.o
                0x0800b344                HAL_PCD_MspInit
 .text.HAL_PCD_SetupStageCallback
                0x0800b3bc       0x24 ./USB_Device/Target/usbd_conf.o
                0x0800b3bc                HAL_PCD_SetupStageCallback
 .text.HAL_PCD_DataOutStageCallback
                0x0800b3e0       0x36 ./USB_Device/Target/usbd_conf.o
                0x0800b3e0                HAL_PCD_DataOutStageCallback
 .text.HAL_PCD_DataInStageCallback
                0x0800b416       0x34 ./USB_Device/Target/usbd_conf.o
                0x0800b416                HAL_PCD_DataInStageCallback
 .text.HAL_PCD_SOFCallback
                0x0800b44a       0x1c ./USB_Device/Target/usbd_conf.o
                0x0800b44a                HAL_PCD_SOFCallback
 .text.HAL_PCD_ResetCallback
                0x0800b466       0x3c ./USB_Device/Target/usbd_conf.o
                0x0800b466                HAL_PCD_ResetCallback
 *fill*         0x0800b4a2        0x2 
 .text.HAL_PCD_SuspendCallback
                0x0800b4a4       0x34 ./USB_Device/Target/usbd_conf.o
                0x0800b4a4                HAL_PCD_SuspendCallback
 .text.HAL_PCD_ResumeCallback
                0x0800b4d8       0x38 ./USB_Device/Target/usbd_conf.o
                0x0800b4d8                HAL_PCD_ResumeCallback
 .text.USBD_LL_Init
                0x0800b510       0xc0 ./USB_Device/Target/usbd_conf.o
                0x0800b510                USBD_LL_Init
 .text.USBD_LL_Start
                0x0800b5d0       0x36 ./USB_Device/Target/usbd_conf.o
                0x0800b5d0                USBD_LL_Start
 .text.USBD_LL_OpenEP
                0x0800b606       0x4c ./USB_Device/Target/usbd_conf.o
                0x0800b606                USBD_LL_OpenEP
 .text.USBD_LL_CloseEP
                0x0800b652       0x3e ./USB_Device/Target/usbd_conf.o
                0x0800b652                USBD_LL_CloseEP
 .text.USBD_LL_StallEP
                0x0800b690       0x3e ./USB_Device/Target/usbd_conf.o
                0x0800b690                USBD_LL_StallEP
 .text.USBD_LL_ClearStallEP
                0x0800b6ce       0x3e ./USB_Device/Target/usbd_conf.o
                0x0800b6ce                USBD_LL_ClearStallEP
 .text.USBD_LL_IsStallEP
                0x0800b70c       0x58 ./USB_Device/Target/usbd_conf.o
                0x0800b70c                USBD_LL_IsStallEP
 .text.USBD_LL_SetUSBAddress
                0x0800b764       0x3e ./USB_Device/Target/usbd_conf.o
                0x0800b764                USBD_LL_SetUSBAddress
 .text.USBD_LL_Transmit
                0x0800b7a2       0x42 ./USB_Device/Target/usbd_conf.o
                0x0800b7a2                USBD_LL_Transmit
 .text.USBD_LL_PrepareReceive
                0x0800b7e4       0x42 ./USB_Device/Target/usbd_conf.o
                0x0800b7e4                USBD_LL_PrepareReceive
 .text.USBD_LL_GetRxDataSize
                0x0800b826       0x26 ./USB_Device/Target/usbd_conf.o
                0x0800b826                USBD_LL_GetRxDataSize
 .text.HAL_PCDEx_LPM_Callback
                0x0800b84c       0x6c ./USB_Device/Target/usbd_conf.o
                0x0800b84c                HAL_PCDEx_LPM_Callback
 .text.USBD_static_malloc
                0x0800b8b8       0x1c ./USB_Device/Target/usbd_conf.o
                0x0800b8b8                USBD_static_malloc
 .text.USBD_static_free
                0x0800b8d4       0x14 ./USB_Device/Target/usbd_conf.o
                0x0800b8d4                USBD_static_free
 .text.SystemClockConfig_Resume
                0x0800b8e8        0xc ./USB_Device/Target/usbd_conf.o
 .text.USBD_Get_USB_Status
                0x0800b8f4       0x58 ./USB_Device/Target/usbd_conf.o
 .text.snprintf
                0x0800b94c       0x6c C:/ST/STM32CubeIDE_1.18.1/STM32CubeIDE/plugins/com.st.stm32cube.ide.mcu.externaltools.gnu-tools-for-stm32.13.3.rel1.win32_1.0.100.202509120712/tools/bin/../lib/gcc/arm-none-eabi/13.3.1/../../../../arm-none-eabi/lib/thumb/v7e-m+fp/hard\libc_nano.a(libc_a-snprintf.o)
                0x0800b94c                sniprintf
                0x0800b94c                snprintf
 .text.memset   0x0800b9b8       0x10 C:/ST/STM32CubeIDE_1.18.1/STM32CubeIDE/plugins/com.st.stm32cube.ide.mcu.externaltools.gnu-tools-for-stm32.13.3.rel1.win32_1.0.100.202509120712/tools/bin/../lib/gcc/arm-none-eabi/13.3.1/../../../../arm-none-eabi/lib/thumb/v7e-m+fp/hard\libc_nano.a(libc_a-memset.o)
                0x0800b9b8                memset
 .text.__errno  0x0800b9c8        0xc C:/ST/STM32CubeIDE_1.18.1/STM32CubeIDE/plugins/com.st.stm32cube.ide.mcu.externaltools.gnu-tools-for-stm32.13.3.rel1.win32_1.0.100.202509120712/tools/bin/../lib/gcc/arm-none-eabi/13.3.1/../../../../arm-none-eabi/lib/thumb/v7e-m+fp/hard\libc_nano.a(libc_a-errno.o)
                0x0800b9c8                __errno
 .text.__libc_init_array
                0x0800b9d4       0x48 C:/ST/STM32CubeIDE_1.18.1/STM32CubeIDE/plugins/com.st.stm32cube.ide.mcu.externaltools.gnu-tools-for-stm32.13.3.rel1.win32_1.0.100.202509120712/tools/bin/../lib/gcc/arm-none-eabi/13.3.1/../../../../arm-none-eabi/lib/thumb/v7e-m+fp/hard\libc_nano.a(libc_a-init.o)
                0x0800b9d4                __libc_init_array
 .text.__retarget_lock_acquire_recursive
                0x0800ba1c        0x2 C:/ST/STM32CubeIDE_1.18.1/STM32CubeIDE/plugins/com.st.stm32cube.ide.mcu.externaltools.gnu-tools-for-stm32.13.3.rel1.win32_1.0.100.202509120712/tools/bin/../lib/gcc/arm-none-eabi/13.3.1/../../../../arm-none-eabi/lib/thumb/v7e-m+fp/hard\libc_nano.a(libc_a-lock.o)
                0x0800ba1c                __retarget_lock_acquire_recursive
 .text.__retarget_lock_release_recursive
                0x0800ba1e        0x2 C:/ST/STM32CubeIDE_1.18.1/STM32CubeIDE/plugins/com.st.stm32cube.ide.mcu.externaltools.gnu-tools-for-stm32.13.3.rel1.win32_1.0.100.202509120712/tools/bin/../lib/gcc/arm-none-eabi/13.3.1/../../../../arm-none-eabi/lib/thumb/v7e-m+fp/hard\libc_nano.a(libc_a-lock.o)
                0x0800ba1e                __retarget_lock_release_recursive
 .text.memcpy   0x0800ba20       0x1c C:/ST/STM32CubeIDE_1.18.1/STM32CubeIDE/plugins/com.st.stm32cube.ide.mcu.externaltools.gnu-tools-for-stm32.13.3.rel1.win32_1.0.100.202509120712/tools/bin/../lib/gcc/arm-none-eabi/13.3.1/../../../../arm-none-eabi/lib/thumb/v7e-m+fp/hard\libc_nano.a(libc_a-memcpy-stub.o)
                0x0800ba20                memcpy
 .text._free_r  0x0800ba3c       0x94 C:/ST/STM32CubeIDE_1.18.1/STM32CubeIDE/plugins/com.st.stm32cube.ide.mcu.externaltools.gnu-tools-for-stm32.13.3.rel1.win32_1.0.100.202509120712/tools/bin/../lib/gcc/arm-none-eabi/13.3.1/../../../../arm-none-eabi/lib/thumb/v7e-m+fp/hard\libc_nano.a(libc_a-freer.o)
                0x0800ba3c                _free_r
 .text.sbrk_aligned
                0x0800bad0       0x44 C:/ST/STM32CubeIDE_1.18.1/STM32CubeIDE/plugins/com.st.stm32cube.ide.mcu.externaltools.gnu-tools-for-stm32.13.3.rel1.win32_1.0.100.202509120712/tools/bin/../lib/gcc/arm-none-eabi/13.3.1/../../../../arm-none-eabi/lib/thumb/v7e-m+fp/hard\libc_nano.a(libc_a-mallocr.o)
 .text._malloc_r
                0x0800bb14      0x100 C:/ST/STM32CubeIDE_1.18.1/STM32CubeIDE/plugins/com.st.stm32cube.ide.mcu.externaltools.gnu-tools-for-stm32.13.3.rel1.win32_1.0.100.202509120712/tools/bin/../lib/gcc/arm-none-eabi/13.3.1/../../../../arm-none-eabi/lib/thumb/v7e-m+fp/hard\libc_nano.a(libc_a-mallocr.o)
                0x0800bb14                _malloc_r
 .text.__malloc_lock
                0x0800bc14        0xc C:/ST/STM32CubeIDE_1.18.1/STM32CubeIDE/plugins/com.st.stm32cube.ide.mcu.externaltools.gnu-tools-for-stm32.13.3.rel1.win32_1.0.100.202509120712/tools/bin/../lib/gcc/arm-none-eabi/13.3.1/../../../../arm-none-eabi/lib/thumb/v7e-m+fp/hard\libc_nano.a(libc_a-mlock.o)
                0x0800bc14                __malloc_lock
 .text.__malloc_unlock
                0x0800bc20        0xc C:/ST/STM32CubeIDE_1.18.1/STM32CubeIDE/plugins/com.st.stm32cube.ide.mcu.externaltools.gnu-tools-for-stm32.13.3.rel1.win32_1.0.100.202509120712/tools/bin/../lib/gcc/arm-none-eabi/13.3.1/../../../../arm-none-eabi/lib/thumb/v7e-m+fp/hard\libc_nano.a(libc_a-mlock.o)
                0x0800bc20                __malloc_unlock
 .text.__ssputs_r
                0x0800bc2c       0xb6 C:/ST/STM32CubeIDE_1.18.1/STM32CubeIDE/plugins/com.st.stm32cube.ide.mcu.externaltools.gnu-tools-for-stm32.13.3.rel1.win32_1.0.100.202509120712/tools/bin/../lib/gcc/arm-none-eabi/13.3.1/../../../../arm-none-eabi/lib/thumb/v7e-m+fp/hard\libc_nano.a(libc_a-nano-svfprintf.o)
                0x0800bc2c                __ssputs_r
 *fill*         0x0800bce2        0x2 
 .text._svfprintf_r
                0x0800bce4      0x1f8 C:/ST/STM32CubeIDE_1.18.1/STM32CubeIDE/plugins/com.st.stm32cube.ide.mcu.externaltools.gnu-tools-for-stm32.13.3.rel1.win32_1.0.100.202509120712/tools/bin/../lib/gcc/arm-none-eabi/13.3.1/../../../../arm-none-eabi/lib/thumb/v7e-m+fp/hard\libc_nano.a(libc_a-nano-svfprintf.o)
                0x0800bce4                _svfiprintf_r
                0x0800bce4                _svfprintf_r
 .text._printf_common
                0x0800bedc       0xda C:/ST/STM32CubeIDE_1.18.1/STM32CubeIDE/plugins/com.st.stm32cube.ide.mcu.externaltools.gnu-tools-for-stm32.13.3.rel1.win32_1.0.100.202509120712/tools/bin/../lib/gcc/arm-none-eabi/13.3.1/../../../../arm-none-eabi/lib/thumb/v7e-m+fp/hard\libc_nano.a(libc_a-nano-vfprintf_i.o)
                0x0800bedc                _printf_common
 *fill*         0x0800bfb6        0x2 
 .text._printf_i
                0x0800bfb8      0x23c C:/ST/STM32CubeIDE_1.18.1/STM32CubeIDE/plugins/com.st.stm32cube.ide.mcu.externaltools.gnu-tools-for-stm32.13.3.rel1.win32_1.0.100.202509120712/tools/bin/../lib/gcc/arm-none-eabi/13.3.1/../../../../arm-none-eabi/lib/thumb/v7e-m+fp/hard\libc_nano.a(libc_a-nano-vfprintf_i.o)
                0x0800bfb8                _printf_i
 .text.memmove  0x0800c1f4       0x34 C:/ST/STM32CubeIDE_1.18.1/STM32CubeIDE/plugins/com.st.stm32cube.ide.mcu.externaltools.gnu-tools-for-stm32.13.3.rel1.win32_1.0.100.202509120712/tools/bin/../lib/gcc/arm-none-eabi/13.3.1/../../../../arm-none-eabi/lib/thumb/v7e-m+fp/hard\libc_nano.a(libc_a-memmove.o)
                0x0800c1f4                memmove
 .text._sbrk_r  0x0800c228       0x20 C:/ST/STM32CubeIDE_1.18.1/STM32CubeIDE/plugins/com.st.stm32cube.ide.mcu.externaltools.gnu-tools-for-stm32.13.3.rel1.win32_1.0.100.202509120712/tools/bin/../lib/gcc/arm-none-eabi/13.3.1/../../../../arm-none-eabi/lib/thumb/v7e-m+fp/hard\libc_nano.a(libc_a-sbrkr.o)
                0x0800c228                _sbrk_r
 .text._realloc_r
                0x0800c248       0x5c C:/ST/STM32CubeIDE_1.18.1/STM32CubeIDE/plugins/com.st.stm32cube.ide.mcu.externaltools.gnu-tools-for-stm32.13.3.rel1.win32_1.0.100.202509120712/tools/bin/../lib/gcc/arm-none-eabi/13.3.1/../../../../arm-none-eabi/lib/thumb/v7e-m+fp/hard\libc_nano.a(libc_a-reallocr.o)
                0x0800c248                _realloc_r
 .text._malloc_usable_size_r
                0x0800c2a4       0x10 C:/ST/STM32CubeIDE_1.18.1/STM32CubeIDE/plugins/com.st.stm32cube.ide.mcu.externaltools.gnu-tools-for-stm32.13.3.rel1.win32_1.0.100.202509120712/tools/bin/../lib/gcc/arm-none-eabi/13.3.1/../../../../arm-none-eabi/lib/thumb/v7e-m+fp/hard\libc_nano.a(libc_a-msizer.o)
                0x0800c2a4                _malloc_usable_size_r
 *(.glue_7)
 .glue_7        0x0800c2b4        0x0 linker stubs
 *(.glue_7t)
 .glue_7t       0x0800c2b4        0x0 linker stubs
 *(.eh_frame)
 .eh_frame      0x0800c2b4        0x0 C:/ST/STM32CubeIDE_1.18.1/STM32CubeIDE/plugins/com.st.stm32cube.ide.mcu.externaltools.gnu-tools-for-stm32.13.3.rel1.win32_1.0.100.202509120712/tools/bin/../lib/gcc/arm-none-eabi/13.3.1/thumb/v7e-m+fp/hard/crtbegin.o
 *(.init)
 .init          0x0800c2b4        0x4 C:/ST/STM32CubeIDE_1.18.1/STM32CubeIDE/plugins/com.st.stm32cube.ide.mcu.externaltools.gnu-tools-for-stm32.13.3.rel1.win32_1.0.100.202509120712/tools/bin/../lib/gcc/arm-none-eabi/13.3.1/thumb/v7e-m+fp/hard/crti.o
                0x0800c2b4                _init
 .init          0x0800c2b8        0x8 C:/ST/STM32CubeIDE_1.18.1/STM32CubeIDE/plugins/com.st.stm32cube.ide.mcu.externaltools.gnu-tools-for-stm32.13.3.rel1.win32_1.0.100.202509120712/tools/bin/../lib/gcc/arm-none-eabi/13.3.1/thumb/v7e-m+fp/hard/crtn.o
 *(.fini)
 .fini          0x0800c2c0        0x4 C:/ST/STM32CubeIDE_1.18.1/STM32CubeIDE/plugins/com.st.stm32cube.ide.mcu.externaltools.gnu-tools-for-stm32.13.3.rel1.win32_1.0.100.202509120712/tools/bin/../lib/gcc/arm-none-eabi/13.3.1/thumb/v7e-m+fp/hard/crti.o
                0x0800c2c0                _fini
 .fini          0x0800c2c4        0x8 C:/ST/STM32CubeIDE_1.18.1/STM32CubeIDE/plugins/com.st.stm32cube.ide.mcu.externaltools.gnu-tools-for-stm32.13.3.rel1.win32_1.0.100.202509120712/tools/bin/../lib/gcc/arm-none-eabi/13.3.1/thumb/v7e-m+fp/hard/crtn.o
                0x0800c2cc                        . = ALIGN (0x4)
                0x0800c2cc                        _etext = .

.vfp11_veneer   0x0800c2cc        0x0
 .vfp11_veneer  0x0800c2cc        0x0 linker stubs

.v4_bx          0x0800c2cc        0x0
 .v4_bx         0x0800c2cc        0x0 linker stubs

.iplt           0x0800c2cc        0x0
 .iplt          0x0800c2cc        0x0 C:/ST/STM32CubeIDE_1.18.1/STM32CubeIDE/plugins/com.st.stm32cube.ide.mcu.externaltools.gnu-tools-for-stm32.13.3.rel1.win32_1.0.100.202509120712/tools/bin/../lib/gcc/arm-none-eabi/13.3.1/thumb/v7e-m+fp/hard/crtbegin.o

.rodata         0x0800c2cc       0xf8
                0x0800c2cc                        . = ALIGN (0x4)
 *(.rodata)
 .rodata        0x0800c2cc       0x23 ./Core/App/process.o
 *fill*         0x0800c2ef        0x1 
 .rodata        0x0800c2f0       0x17 ./Core/Protocol/command.o
 *fill*         0x0800c307        0x1 
 .rodata        0x0800c308        0x5 ./ThirdParty/FreeRTOS/tasks.o
 *fill*         0x0800c30d        0x3 
 .rodata        0x0800c310       0x46 ./USB_Device/App/usbd_desc.o
 *(.rodata*)
 *fill*         0x0800c356        0x2 
 .rodata.company_code
                0x0800c358        0x4 ./Core/Protocol/command.o
                0x0800c358                company_code
 .rodata.product_code
                0x0800c35c        0x3 ./Core/Protocol/command.o
                0x0800c35c                product_code
 *fill*         0x0800c35f        0x1 
 .rodata.product_type
                0x0800c360        0x4 ./Core/Protocol/command.o
                0x0800c360                product_type
 .rodata.AHBPrescTable
                0x0800c364       0x10 ./Core/Src/system_stm32g4xx.o
                0x0800c364                AHBPrescTable
 .rodata.APBPrescTable
                0x0800c374        0x8 ./Core/Src/system_stm32g4xx.o
                0x0800c374                APBPrescTable
 .rodata.DLCtoBytes
                0x0800c37c       0x10 ./Drivers/STM32G4xx_HAL_Driver/Src/stm32g4xx_hal_fdcan.o
 .rodata.uxTopUsedPriority
                0x0800c38c        0x4 ./ThirdParty/FreeRTOS/tasks.o
 .rodata._svfprintf_r.str1.1
                0x0800c390       0x33 C:/ST/STM32CubeIDE_1.18.1/STM32CubeIDE/plugins/com.st.stm32cube.ide.mcu.externaltools.gnu-tools-for-stm32.13.3.rel1.win32_1.0.100.202509120712/tools/bin/../lib/gcc/arm-none-eabi/13.3.1/../../../../arm-none-eabi/lib/thumb/v7e-m+fp/hard\libc_nano.a(libc_a-nano-svfprintf.o)
                                 0x11 (size before relaxing)
 .rodata._printf_i.str1.1
                0x0800c3c3        0x0 C:/ST/STM32CubeIDE_1.18.1/STM32CubeIDE/plugins/com.st.stm32cube.ide.mcu.externaltools.gnu-tools-for-stm32.13.3.rel1.win32_1.0.100.202509120712/tools/bin/../lib/gcc/arm-none-eabi/13.3.1/../../../../arm-none-eabi/lib/thumb/v7e-m+fp/hard\libc_nano.a(libc_a-nano-vfprintf_i.o)
                                 0x22 (size before relaxing)
                0x0800c3c4                        . = ALIGN (0x4)
 *fill*         0x0800c3c3        0x1 

.ARM.extab      0x0800c3c4        0x0
                0x0800c3c4                        . = ALIGN (0x4)
 *(.ARM.extab* .gnu.linkonce.armextab.*)
                0x0800c3c4                        . = ALIGN (0x4)

.ARM            0x0800c3c4        0x8
                0x0800c3c4                        . = ALIGN (0x4)
                0x0800c3c4                        __exidx_start = .
 *(.ARM.exidx*)
 .ARM.exidx     0x0800c3c4        0x8 C:/ST/STM32CubeIDE_1.18.1/STM32CubeIDE/plugins/com.st.stm32cube.ide.mcu.externaltools.gnu-tools-for-stm32.13.3.rel1.win32_1.0.100.202509120712/tools/bin/../lib/gcc/arm-none-eabi/13.3.1/../../../../arm-none-eabi/lib/thumb/v7e-m+fp/hard\libc_nano.a(libc_a-memchr.o)
                0x0800c3cc                        __exidx_end = .
                0x0800c3cc                        . = ALIGN (0x4)

.preinit_array  0x0800c3cc        0x0
                0x0800c3cc                        . = ALIGN (0x4)
                0x0800c3cc                        PROVIDE (__preinit_array_start = .)
 *(.preinit_array*)
                0x0800c3cc                        PROVIDE (__preinit_array_end = .)
                0x0800c3cc                        . = ALIGN (0x4)

.init_array     0x0800c3cc        0x4
                0x0800c3cc                        . = ALIGN (0x4)
                0x0800c3cc                        PROVIDE (__init_array_start = .)
 *(SORT_BY_NAME(.init_array.*))
 *(.init_array*)
 .init_array    0x0800c3cc        0x4 C:/ST/STM32CubeIDE_1.18.1/STM32CubeIDE/plugins/com.st.stm32cube.ide.mcu.externaltools.gnu-tools-for-stm32.13.3.rel1.win32_1.0.100.202509120712/tools/bin/../lib/gcc/arm-none-eabi/13.3.1/thumb/v7e-m+fp/hard/crtbegin.o
                0x0800c3d0                        PROVIDE (__init_array_end = .)
                0x0800c3d0                        . = ALIGN (0x4)

.fini_array     0x0800c3d0        0x4
                0x0800c3d0                        . = ALIGN (0x4)
                [!provide]                        PROVIDE (__fini_array_start = .)
 *(SORT_BY_NAME(.fini_array.*))
 *(.fini_array*)
 .fini_array    0x0800c3d0        0x4 C:/ST/STM32CubeIDE_1.18.1/STM32CubeIDE/plugins/com.st.stm32cube.ide.mcu.externaltools.gnu-tools-for-stm32.13.3.rel1.win32_1.0.100.202509120712/tools/bin/../lib/gcc/arm-none-eabi/13.3.1/thumb/v7e-m+fp/hard/crtbegin.o
                [!provide]                        PROVIDE (__fini_array_end = .)
                0x0800c3d4                        . = ALIGN (0x4)
                0x0800c3d4                        _sidata = LOADADDR (.data)

.rel.dyn        0x0800c3d4        0x0
 .rel.iplt      0x0800c3d4        0x0 C:/ST/STM32CubeIDE_1.18.1/STM32CubeIDE/plugins/com.st.stm32cube.ide.mcu.externaltools.gnu-tools-for-stm32.13.3.rel1.win32_1.0.100.202509120712/tools/bin/../lib/gcc/arm-none-eabi/13.3.1/thumb/v7e-m+fp/hard/crtbegin.o

.data           0x20000000      0x1d8 load address 0x0800c3d4
                0x20000000                        . = ALIGN (0x4)
                0x20000000                        _sdata = .
 *(.data)
 *(.data*)
 .data.SystemCoreClock
                0x20000000        0x4 ./Core/Src/system_stm32g4xx.o
                0x20000000                SystemCoreClock
 .data.uwTickPrio
                0x20000004        0x4 ./Drivers/STM32G4xx_HAL_Driver/Src/stm32g4xx_hal.o
                0x20000004                uwTickPrio
 .data.uwTickFreq
                0x20000008        0x4 ./Drivers/STM32G4xx_HAL_Driver/Src/stm32g4xx_hal.o
                0x20000008                uwTickFreq
 .data.USBD_CDC_DeviceQualifierDesc
                0x2000000c        0xa ./Middlewares/ST/STM32_USB_Device_Library/Class/CDC/Src/usbd_cdc.o
 *fill*         0x20000016        0x2 
 .data.USBD_CDC
                0x20000018       0x38 ./Middlewares/ST/STM32_USB_Device_Library/Class/CDC/Src/usbd_cdc.o
                0x20000018                USBD_CDC
 .data.USBD_CDC_CfgHSDesc
                0x20000050       0x43 ./Middlewares/ST/STM32_USB_Device_Library/Class/CDC/Src/usbd_cdc.o
 *fill*         0x20000093        0x1 
 .data.USBD_CDC_CfgFSDesc
                0x20000094       0x43 ./Middlewares/ST/STM32_USB_Device_Library/Class/CDC/Src/usbd_cdc.o
 *fill*         0x200000d7        0x1 
 .data.USBD_CDC_OtherSpeedCfgDesc
                0x200000d8       0x43 ./Middlewares/ST/STM32_USB_Device_Library/Class/CDC/Src/usbd_cdc.o
 *fill*         0x2000011b        0x1 
 .data.uxCriticalNesting
                0x2000011c        0x4 ./ThirdParty/FreeRTOS/portable/GCC/ARM_CM4F/port.o
 .data.USBD_Interface_fops_FS
                0x20000120       0x14 ./USB_Device/App/usbd_cdc_if.o
                0x20000120                USBD_Interface_fops_FS
 .data.CDC_Desc
                0x20000134       0x20 ./USB_Device/App/usbd_desc.o
                0x20000134                CDC_Desc
 .data.USBD_CDC_DeviceDesc
                0x20000154       0x12 ./USB_Device/App/usbd_desc.o
                0x20000154                USBD_CDC_DeviceDesc
 *fill*         0x20000166        0x2 
 .data.USBD_LangIDDesc
                0x20000168        0x4 ./USB_Device/App/usbd_desc.o
                0x20000168                USBD_LangIDDesc
 .data.USBD_StringSerial
                0x2000016c       0x1a ./USB_Device/App/usbd_desc.o
                0x2000016c                USBD_StringSerial
 *fill*         0x20000186        0x2 
 .data._impure_ptr
                0x20000188        0x4 C:/ST/STM32CubeIDE_1.18.1/STM32CubeIDE/plugins/com.st.stm32cube.ide.mcu.externaltools.gnu-tools-for-stm32.13.3.rel1.win32_1.0.100.202509120712/tools/bin/../lib/gcc/arm-none-eabi/13.3.1/../../../../arm-none-eabi/lib/thumb/v7e-m+fp/hard\libc_nano.a(libc_a-impure.o)
                0x20000188                _impure_ptr
 .data._impure_data
                0x2000018c       0x4c C:/ST/STM32CubeIDE_1.18.1/STM32CubeIDE/plugins/com.st.stm32cube.ide.mcu.externaltools.gnu-tools-for-stm32.13.3.rel1.win32_1.0.100.202509120712/tools/bin/../lib/gcc/arm-none-eabi/13.3.1/../../../../arm-none-eabi/lib/thumb/v7e-m+fp/hard\libc_nano.a(libc_a-impure.o)
                0x2000018c                _impure_data
 *(.RamFunc)
 *(.RamFunc*)
                0x200001d8                        . = ALIGN (0x4)
                0x200001d8                        _edata = .

.igot.plt       0x200001d8        0x0 load address 0x0800c5ac
 .igot.plt      0x200001d8        0x0 C:/ST/STM32CubeIDE_1.18.1/STM32CubeIDE/plugins/com.st.stm32cube.ide.mcu.externaltools.gnu-tools-for-stm32.13.3.rel1.win32_1.0.100.202509120712/tools/bin/../lib/gcc/arm-none-eabi/13.3.1/thumb/v7e-m+fp/hard/crtbegin.o
                0x200001d8                        . = ALIGN (0x4)

.bss            0x200001d8    0x149d0 load address 0x0800c5ac
                0x200001d8                        _sbss = .
                0x200001d8                        __bss_start__ = _sbss
 *(.bss)
 .bss           0x200001d8       0x1c C:/ST/STM32CubeIDE_1.18.1/STM32CubeIDE/plugins/com.st.stm32cube.ide.mcu.externaltools.gnu-tools-for-stm32.13.3.rel1.win32_1.0.100.202509120712/tools/bin/../lib/gcc/arm-none-eabi/13.3.1/thumb/v7e-m+fp/hard/crtbegin.o
 *(.bss*)
 .bss.heartbeatTaskHandle
                0x200001f4        0x4 ./Core/App/process.o
                0x200001f4                heartbeatTaskHandle
 .bss.usbRxTaskHandle
                0x200001f8        0x4 ./Core/App/process.o
                0x200001f8                usbRxTaskHandle
 .bss.usbRxQueue
                0x200001fc        0x4 ./Core/App/process.o
                0x200001fc                usbRxQueue
 .bss.usbTxQueue
                0x20000200        0x4 ./Core/App/process.o
                0x20000200                usbTxQueue
 .bss.canRxQueue
                0x20000204        0x4 ./Core/App/process.o
                0x20000204                canRxQueue
 .bss.dev_info  0x20000208       0x3e ./Core/Protocol/command.o
 *fill*         0x20000246        0x2 
 .bss.hfdcan2   0x20000248       0x64 ./Core/Src/main.o
                0x20000248                hfdcan2
 .bss.hfdcan3   0x200002ac       0x64 ./Core/Src/main.o
                0x200002ac                hfdcan3
 .bss.HAL_RCC_FDCAN_CLK_ENABLED
                0x20000310        0x4 ./Core/Src/stm32g4xx_hal_msp.o
 .bss.htim6     0x20000314       0x4c ./Core/Src/stm32g4xx_hal_timebase_tim.o
                0x20000314                htim6
 .bss.__sbrk_heap_end
                0x20000360        0x4 ./Core/Src/sysmem.o
 .bss.uwTick    0x20000364        0x4 ./Drivers/STM32G4xx_HAL_Driver/Src/stm32g4xx_hal.o
                0x20000364                uwTick
 .bss.cfgidx.0  0x20000368        0x1 ./Middlewares/ST/STM32_USB_Device_Library/Core/Src/usbd_ctlreq.o
 *fill*         0x20000369        0x3 
 .bss.pxCurrentTCB
                0x2000036c        0x4 ./ThirdParty/FreeRTOS/tasks.o
                0x2000036c                pxCurrentTCB
 .bss.pxReadyTasksLists
                0x20000370       0x64 ./ThirdParty/FreeRTOS/tasks.o
 .bss.xDelayedTaskList1
                0x200003d4       0x14 ./ThirdParty/FreeRTOS/tasks.o
 .bss.xDelayedTaskList2
                0x200003e8       0x14 ./ThirdParty/FreeRTOS/tasks.o
 .bss.pxDelayedTaskList
                0x200003fc        0x4 ./ThirdParty/FreeRTOS/tasks.o
 .bss.pxOverflowDelayedTaskList
                0x20000400        0x4 ./ThirdParty/FreeRTOS/tasks.o
 .bss.xPendingReadyList
                0x20000404       0x14 ./ThirdParty/FreeRTOS/tasks.o
 .bss.xTasksWaitingTermination
                0x20000418       0x14 ./ThirdParty/FreeRTOS/tasks.o
 .bss.uxDeletedTasksWaitingCleanUp
                0x2000042c        0x4 ./ThirdParty/FreeRTOS/tasks.o
 .bss.xSuspendedTaskList
                0x20000430       0x14 ./ThirdParty/FreeRTOS/tasks.o
 .bss.uxCurrentNumberOfTasks
                0x20000444        0x4 ./ThirdParty/FreeRTOS/tasks.o
 .bss.xTickCount
                0x20000448        0x4 ./ThirdParty/FreeRTOS/tasks.o
 .bss.uxTopReadyPriority
                0x2000044c        0x4 ./ThirdParty/FreeRTOS/tasks.o
 .bss.xSchedulerRunning
                0x20000450        0x4 ./ThirdParty/FreeRTOS/tasks.o
 .bss.xPendedTicks
                0x20000454        0x4 ./ThirdParty/FreeRTOS/tasks.o
 .bss.xYieldPendings
                0x20000458        0x4 ./ThirdParty/FreeRTOS/tasks.o
 .bss.xNumOfOverflows
                0x2000045c        0x4 ./ThirdParty/FreeRTOS/tasks.o
 .bss.uxTaskNumber
                0x20000460        0x4 ./ThirdParty/FreeRTOS/tasks.o
 .bss.xNextTaskUnblockTime
                0x20000464        0x4 ./ThirdParty/FreeRTOS/tasks.o
 .bss.xIdleTaskHandles
                0x20000468        0x4 ./ThirdParty/FreeRTOS/tasks.o
 .bss.uxSchedulerSuspended
                0x2000046c        0x4 ./ThirdParty/FreeRTOS/tasks.o
 .bss.ucMaxSysCallPriority
                0x20000470        0x1 ./ThirdParty/FreeRTOS/portable/GCC/ARM_CM4F/port.o
 *fill*         0x20000471        0x3 
 .bss.ulMaxPRIGROUPValue
                0x20000474        0x4 ./ThirdParty/FreeRTOS/portable/GCC/ARM_CM4F/port.o
 .bss.ucHeap    0x20000478    0x12c00 ./ThirdParty/FreeRTOS/portable/MemMang/heap_4.o
 .bss.xStart    0x20013078        0x8 ./ThirdParty/FreeRTOS/portable/MemMang/heap_4.o
 .bss.pxEnd     0x20013080        0x4 ./ThirdParty/FreeRTOS/portable/MemMang/heap_4.o
 .bss.xFreeBytesRemaining
                0x20013084        0x4 ./ThirdParty/FreeRTOS/portable/MemMang/heap_4.o
 .bss.xMinimumEverFreeBytesRemaining
                0x20013088        0x4 ./ThirdParty/FreeRTOS/portable/MemMang/heap_4.o
 .bss.xNumberOfSuccessfulAllocations
                0x2001308c        0x4 ./ThirdParty/FreeRTOS/portable/MemMang/heap_4.o
 .bss.xNumberOfSuccessfulFrees
                0x20013090        0x4 ./ThirdParty/FreeRTOS/portable/MemMang/heap_4.o
 .bss.hUsbDeviceFS
                0x20013094      0x2d0 ./USB_Device/App/usb_device.o
                0x20013094                hUsbDeviceFS
 .bss.UserRxBufferFS
                0x20013364      0x800 ./USB_Device/App/usbd_cdc_if.o
                0x20013364                UserRxBufferFS
 .bss.UserTxBufferFS
                0x20013b64      0x800 ./USB_Device/App/usbd_cdc_if.o
                0x20013b64                UserTxBufferFS
 .bss.USBD_StrDesc
                0x20014364      0x200 ./USB_Device/App/usbd_desc.o
                0x20014364                USBD_StrDesc
 .bss.hpcd_USB_FS
                0x20014564      0x2dc ./USB_Device/Target/usbd_conf.o
                0x20014564                hpcd_USB_FS
 .bss.mem.0     0x20014840      0x220 ./USB_Device/Target/usbd_conf.o
 .bss.__sf      0x20014a60      0x138 C:/ST/STM32CubeIDE_1.18.1/STM32CubeIDE/plugins/com.st.stm32cube.ide.mcu.externaltools.gnu-tools-for-stm32.13.3.rel1.win32_1.0.100.202509120712/tools/bin/../lib/gcc/arm-none-eabi/13.3.1/../../../../arm-none-eabi/lib/thumb/v7e-m+fp/hard\libc_nano.a(libc_a-findfp.o)
                0x20014a60                __sf
 .bss.errno     0x20014b98        0x4 C:/ST/STM32CubeIDE_1.18.1/STM32CubeIDE/plugins/com.st.stm32cube.ide.mcu.externaltools.gnu-tools-for-stm32.13.3.rel1.win32_1.0.100.202509120712/tools/bin/../lib/gcc/arm-none-eabi/13.3.1/../../../../arm-none-eabi/lib/thumb/v7e-m+fp/hard\libc_nano.a(libc_a-reent.o)
                0x20014b98                errno
 .bss.__lock___malloc_recursive_mutex
                0x20014b9c        0x1 C:/ST/STM32CubeIDE_1.18.1/STM32CubeIDE/plugins/com.st.stm32cube.ide.mcu.externaltools.gnu-tools-for-stm32.13.3.rel1.win32_1.0.100.202509120712/tools/bin/../lib/gcc/arm-none-eabi/13.3.1/../../../../arm-none-eabi/lib/thumb/v7e-m+fp/hard\libc_nano.a(libc_a-lock.o)
                0x20014b9c                __lock___malloc_recursive_mutex
 *fill*         0x20014b9d        0x3 
 .bss.__malloc_sbrk_start
                0x20014ba0        0x4 C:/ST/STM32CubeIDE_1.18.1/STM32CubeIDE/plugins/com.st.stm32cube.ide.mcu.externaltools.gnu-tools-for-stm32.13.3.rel1.win32_1.0.100.202509120712/tools/bin/../lib/gcc/arm-none-eabi/13.3.1/../../../../arm-none-eabi/lib/thumb/v7e-m+fp/hard\libc_nano.a(libc_a-mallocr.o)
                0x20014ba0                __malloc_sbrk_start
 .bss.__malloc_free_list
                0x20014ba4        0x4 C:/ST/STM32CubeIDE_1.18.1/STM32CubeIDE/plugins/com.st.stm32cube.ide.mcu.externaltools.gnu-tools-for-stm32.13.3.rel1.win32_1.0.100.202509120712/tools/bin/../lib/gcc/arm-none-eabi/13.3.1/../../../../arm-none-eabi/lib/thumb/v7e-m+fp/hard\libc_nano.a(libc_a-mallocr.o)
                0x20014ba4                __malloc_free_list
 *(COMMON)
                0x20014ba8                        . = ALIGN (0x4)
                0x20014ba8                        _ebss = .
                0x20014ba8                        __bss_end__ = _ebss

._user_heap_stack
                0x20014ba8      0x600 load address 0x0800c5ac
                0x20014ba8                        . = ALIGN (0x8)
                [!provide]                        PROVIDE (end = .)
                0x20014ba8                        PROVIDE (_end = .)
                0x20014da8                        . = (. + _Min_Heap_Size)
 *fill*         0x20014ba8      0x200 
                0x200151a8                        . = (. + _Min_Stack_Size)
 *fill*         0x20014da8      0x400 
                0x200151a8                        . = ALIGN (0x8)

/DISCARD/
 libc.a(*)
 libm.a(*)
 libgcc.a(*)

.ARM.attributes
                0x00000000       0x30
 *(.ARM.attributes)
 .ARM.attributes
                0x00000000       0x22 C:/ST/STM32CubeIDE_1.18.1/STM32CubeIDE/plugins/com.st.stm32cube.ide.mcu.externaltools.gnu-tools-for-stm32.13.3.rel1.win32_1.0.100.202509120712/tools/bin/../lib/gcc/arm-none-eabi/13.3.1/thumb/v7e-m+fp/hard/crti.o
 .ARM.attributes
                0x00000022       0x34 C:/ST/STM32CubeIDE_1.18.1/STM32CubeIDE/plugins/com.st.stm32cube.ide.mcu.externaltools.gnu-tools-for-stm32.13.3.rel1.win32_1.0.100.202509120712/tools/bin/../lib/gcc/arm-none-eabi/13.3.1/thumb/v7e-m+fp/hard/crtbegin.o
 .ARM.attributes
                0x00000056       0x34 ./Core/App/process.o
 .ARM.attributes
                0x0000008a       0x34 ./Core/Protocol/command.o
 .ARM.attributes
                0x000000be       0x34 ./Core/Src/main.o
 .ARM.attributes
                0x000000f2       0x34 ./Core/Src/stm32g4xx_hal_msp.o
 .ARM.attributes
                0x00000126       0x34 ./Core/Src/stm32g4xx_hal_timebase_tim.o
 .ARM.attributes
                0x0000015a       0x34 ./Core/Src/stm32g4xx_it.o
 .ARM.attributes
                0x0000018e       0x34 ./Core/Src/sysmem.o
 .ARM.attributes
                0x000001c2       0x34 ./Core/Src/system_stm32g4xx.o
 .ARM.attributes
                0x000001f6       0x21 ./Core/Startup/startup_stm32g473cetx.o
 .ARM.attributes
                0x00000217       0x34 ./Drivers/STM32G4xx_HAL_Driver/Src/stm32g4xx_hal.o
 .ARM.attributes
                0x0000024b       0x34 ./Drivers/STM32G4xx_HAL_Driver/Src/stm32g4xx_hal_cortex.o
 .ARM.attributes
                0x0000027f       0x34 ./Drivers/STM32G4xx_HAL_Driver/Src/stm32g4xx_hal_fdcan.o
 .ARM.attributes
                0x000002b3       0x34 ./Drivers/STM32G4xx_HAL_Driver/Src/stm32g4xx_hal_gpio.o
 .ARM.attributes
                0x000002e7       0x34 ./Drivers/STM32G4xx_HAL_Driver/Src/stm32g4xx_hal_pcd.o
 .ARM.attributes
                0x0000031b       0x34 ./Drivers/STM32G4xx_HAL_Driver/Src/stm32g4xx_hal_pcd_ex.o
 .ARM.attributes
                0x0000034f       0x34 ./Drivers/STM32G4xx_HAL_Driver/Src/stm32g4xx_hal_pwr_ex.o
 .ARM.attributes
                0x00000383       0x34 ./Drivers/STM32G4xx_HAL_Driver/Src/stm32g4xx_hal_rcc.o
 .ARM.attributes
                0x000003b7       0x34 ./Drivers/STM32G4xx_HAL_Driver/Src/stm32g4xx_hal_rcc_ex.o
 .ARM.attributes
                0x000003eb       0x34 ./Drivers/STM32G4xx_HAL_Driver/Src/stm32g4xx_hal_tim.o
 .ARM.attributes
                0x0000041f       0x34 ./Drivers/STM32G4xx_HAL_Driver/Src/stm32g4xx_hal_tim_ex.o
 .ARM.attributes
                0x00000453       0x34 ./Drivers/STM32G4xx_HAL_Driver/Src/stm32g4xx_ll_usb.o
 .ARM.attributes
                0x00000487       0x34 ./Middlewares/ST/STM32_USB_Device_Library/Class/CDC/Src/usbd_cdc.o
 .ARM.attributes
                0x000004bb       0x34 ./Middlewares/ST/STM32_USB_Device_Library/Core/Src/usbd_core.o
 .ARM.attributes
                0x000004ef       0x34 ./Middlewares/ST/STM32_USB_Device_Library/Core/Src/usbd_ctlreq.o
 .ARM.attributes
                0x00000523       0x34 ./Middlewares/ST/STM32_USB_Device_Library/Core/Src/usbd_ioreq.o
 .ARM.attributes
                0x00000557       0x34 ./ThirdParty/FreeRTOS/list.o
 .ARM.attributes
                0x0000058b       0x34 ./ThirdParty/FreeRTOS/queue.o
 .ARM.attributes
                0x000005bf       0x34 ./ThirdParty/FreeRTOS/tasks.o
 .ARM.attributes
                0x000005f3       0x34 ./ThirdParty/FreeRTOS/portable/GCC/ARM_CM4F/port.o
 .ARM.attributes
                0x00000627       0x34 ./ThirdParty/FreeRTOS/portable/MemMang/heap_4.o
 .ARM.attributes
                0x0000065b       0x34 ./USB_Device/App/usb_device.o
 .ARM.attributes
                0x0000068f       0x34 ./USB_Device/App/usbd_cdc_if.o
 .ARM.attributes
                0x000006c3       0x34 ./USB_Device/App/usbd_desc.o
 .ARM.attributes
                0x000006f7       0x34 ./USB_Device/Target/usbd_conf.o
 .ARM.attributes
                0x0000072b       0x34 C:/ST/STM32CubeIDE_1.18.1/STM32CubeIDE/plugins/com.st.stm32cube.ide.mcu.externaltools.gnu-tools-for-stm32.13.3.rel1.win32_1.0.100.202509120712/tools/bin/../lib/gcc/arm-none-eabi/13.3.1/../../../../arm-none-eabi/lib/thumb/v7e-m+fp/hard\libc_nano.a(libc_a-findfp.o)
 .ARM.attributes
                0x0000075f       0x34 C:/ST/STM32CubeIDE_1.18.1/STM32CubeIDE/plugins/com.st.stm32cube.ide.mcu.externaltools.gnu-tools-for-stm32.13.3.rel1.win32_1.0.100.202509120712/tools/bin/../lib/gcc/arm-none-eabi/13.3.1/../../../../arm-none-eabi/lib/thumb/v7e-m+fp/hard\libc_nano.a(libc_a-snprintf.o)
 .ARM.attributes
                0x00000793       0x34 C:/ST/STM32CubeIDE_1.18.1/STM32CubeIDE/plugins/com.st.stm32cube.ide.mcu.externaltools.gnu-tools-for-stm32.13.3.rel1.win32_1.0.100.202509120712/tools/bin/../lib/gcc/arm-none-eabi/13.3.1/../../../../arm-none-eabi/lib/thumb/v7e-m+fp/hard\libc_nano.a(libc_a-memset.o)
 .ARM.attributes
                0x000007c7       0x34 C:/ST/STM32CubeIDE_1.18.1/STM32CubeIDE/plugins/com.st.stm32cube.ide.mcu.externaltools.gnu-tools-for-stm32.13.3.rel1.win32_1.0.100.202509120712/tools/bin/../lib/gcc/arm-none-eabi/13.3.1/../../../../arm-none-eabi/lib/thumb/v7e-m+fp/hard\libc_nano.a(libc_a-reent.o)
 .ARM.attributes
                0x000007fb       0x34 C:/ST/STM32CubeIDE_1.18.1/STM32CubeIDE/plugins/com.st.stm32cube.ide.mcu.externaltools.gnu-tools-for-stm32.13.3.rel1.win32_1.0.100.202509120712/tools/bin/../lib/gcc/arm-none-eabi/13.3.1/../../../../arm-none-eabi/lib/thumb/v7e-m+fp/hard\libc_nano.a(libc_a-impure.o)
 .ARM.attributes
                0x0000082f       0x34 C:/ST/STM32CubeIDE_1.18.1/STM32CubeIDE/plugins/com.st.stm32cube.ide.mcu.externaltools.gnu-tools-for-stm32.13.3.rel1.win32_1.0.100.202509120712/tools/bin/../lib/gcc/arm-none-eabi/13.3.1/../../../../arm-none-eabi/lib/thumb/v7e-m+fp/hard\libc_nano.a(libc_a-errno.o)
 .ARM.attributes
                0x00000863       0x34 C:/ST/STM32CubeIDE_1.18.1/STM32CubeIDE/plugins/com.st.stm32cube.ide.mcu.externaltools.gnu-tools-for-stm32.13.3.rel1.win32_1.0.100.202509120712/tools/bin/../lib/gcc/arm-none-eabi/13.3.1/../../../../arm-none-eabi/lib/thumb/v7e-m+fp/hard\libc_nano.a(libc_a-init.o)
 .ARM.attributes
                0x00000897       0x34 C:/ST/STM32CubeIDE_1.18.1/STM32CubeIDE/plugins/com.st.stm32cube.ide.mcu.externaltools.gnu-tools-for-stm32.13.3.rel1.win32_1.0.100.202509120712/tools/bin/../lib/gcc/arm-none-eabi/13.3.1/../../../../arm-none-eabi/lib/thumb/v7e-m+fp/hard\libc_nano.a(libc_a-lock.o)
 .ARM.attributes
                0x000008cb       0x34 C:/ST/STM32CubeIDE_1.18.1/STM32CubeIDE/plugins/com.st.stm32cube.ide.mcu.externaltools.gnu-tools-for-stm32.13.3.rel1.win32_1.0.100.202509120712/tools/bin/../lib/gcc/arm-none-eabi/13.3.1/../../../../arm-none-eabi/lib/thumb/v7e-m+fp/hard\libc_nano.a(libc_a-memcpy-stub.o)
 .ARM.attributes
                0x000008ff       0x34 C:/ST/STM32CubeIDE_1.18.1/STM32CubeIDE/plugins/com.st.stm32cube.ide.mcu.externaltools.gnu-tools-for-stm32.13.3.rel1.win32_1.0.100.202509120712/tools/bin/../lib/gcc/arm-none-eabi/13.3.1/../../../../arm-none-eabi/lib/thumb/v7e-m+fp/hard\libc_nano.a(libc_a-freer.o)
 .ARM.attributes
                0x00000933       0x34 C:/ST/STM32CubeIDE_1.18.1/STM32CubeIDE/plugins/com.st.stm32cube.ide.mcu.externaltools.gnu-tools-for-stm32.13.3.rel1.win32_1.0.100.202509120712/tools/bin/../lib/gcc/arm-none-eabi/13.3.1/../../../../arm-none-eabi/lib/thumb/v7e-m+fp/hard\libc_nano.a(libc_a-mallocr.o)
 .ARM.attributes
                0x00000967       0x34 C:/ST/STM32CubeIDE_1.18.1/STM32CubeIDE/plugins/com.st.stm32cube.ide.mcu.externaltools.gnu-tools-for-stm32.13.3.rel1.win32_1.0.100.202509120712/tools/bin/../lib/gcc/arm-none-eabi/13.3.1/../../../../arm-none-eabi/lib/thumb/v7e-m+fp/hard\libc_nano.a(libc_a-mlock.o)
 .ARM.attributes
                0x0000099b       0x34 C:/ST/STM32CubeIDE_1.18.1/STM32CubeIDE/plugins/com.st.stm32cube.ide.mcu.externaltools.gnu-tools-for-stm32.13.3.rel1.win32_1.0.100.202509120712/tools/bin/../lib/gcc/arm-none-eabi/13.3.1/../../../../arm-none-eabi/lib/thumb/v7e-m+fp/hard\libc_nano.a(libc_a-nano-svfprintf.o)
 .ARM.attributes
                0x000009cf       0x34 C:/ST/STM32CubeIDE_1.18.1/STM32CubeIDE/plugins/com.st.stm32cube.ide.mcu.externaltools.gnu-tools-for-stm32.13.3.rel1.win32_1.0.100.202509120712/tools/bin/../lib/gcc/arm-none-eabi/13.3.1/../../../../arm-none-eabi/lib/thumb/v7e-m+fp/hard\libc_nano.a(libc_a-nano-vfprintf_i.o)
 .ARM.attributes
                0x00000a03       0x34 C:/ST/STM32CubeIDE_1.18.1/STM32CubeIDE/plugins/com.st.stm32cube.ide.mcu.externaltools.gnu-tools-for-stm32.13.3.rel1.win32_1.0.100.202509120712/tools/bin/../lib/gcc/arm-none-eabi/13.3.1/../../../../arm-none-eabi/lib/thumb/v7e-m+fp/hard\libc_nano.a(libc_a-memmove.o)
 .ARM.attributes
                0x00000a37       0x34 C:/ST/STM32CubeIDE_1.18.1/STM32CubeIDE/plugins/com.st.stm32cube.ide.mcu.externaltools.gnu-tools-for-stm32.13.3.rel1.win32_1.0.100.202509120712/tools/bin/../lib/gcc/arm-none-eabi/13.3.1/../../../../arm-none-eabi/lib/thumb/v7e-m+fp/hard\libc_nano.a(libc_a-sbrkr.o)
 .ARM.attributes
                0x00000a6b       0x1c C:/ST/STM32CubeIDE_1.18.1/STM32CubeIDE/plugins/com.st.stm32cube.ide.mcu.externaltools.gnu-tools-for-stm32.13.3.rel1.win32_1.0.100.202509120712/tools/bin/../lib/gcc/arm-none-eabi/13.3.1/../../../../arm-none-eabi/lib/thumb/v7e-m+fp/hard\libc_nano.a(libc_a-memchr.o)
 .ARM.attributes
                0x00000a87       0x34 C:/ST/STM32CubeIDE_1.18.1/STM32CubeIDE/plugins/com.st.stm32cube.ide.mcu.externaltools.gnu-tools-for-stm32.13.3.rel1.win32_1.0.100.202509120712/tools/bin/../lib/gcc/arm-none-eabi/13.3.1/../../../../arm-none-eabi/lib/thumb/v7e-m+fp/hard\libc_nano.a(libc_a-reallocr.o)
 .ARM.attributes
                0x00000abb       0x34 C:/ST/STM32CubeIDE_1.18.1/STM32CubeIDE/plugins/com.st.stm32cube.ide.mcu.externaltools.gnu-tools-for-stm32.13.3.rel1.win32_1.0.100.202509120712/tools/bin/../lib/gcc/arm-none-eabi/13.3.1/../../../../arm-none-eabi/lib/thumb/v7e-m+fp/hard\libc_nano.a(libc_a-msizer.o)
 .ARM.attributes
                0x00000aef       0x22 C:/ST/STM32CubeIDE_1.18.1/STM32CubeIDE/plugins/com.st.stm32cube.ide.mcu.externaltools.gnu-tools-for-stm32.13.3.rel1.win32_1.0.100.202509120712/tools/bin/../lib/gcc/arm-none-eabi/13.3.1/thumb/v7e-m+fp/hard/crtn.o
OUTPUT(002_SNIFF_CODE_CUSTOMPCB.elf elf32-littlearm)
LOAD linker stubs
LOAD C:/ST/STM32CubeIDE_1.18.1/STM32CubeIDE/plugins/com.st.stm32cube.ide.mcu.externaltools.gnu-tools-for-stm32.13.3.rel1.win32_1.0.100.202509120712/tools/bin/../lib/gcc/arm-none-eabi/13.3.1/../../../../arm-none-eabi/lib/thumb/v7e-m+fp/hard\libc.a
LOAD C:/ST/STM32CubeIDE_1.18.1/STM32CubeIDE/plugins/com.st.stm32cube.ide.mcu.externaltools.gnu-tools-for-stm32.13.3.rel1.win32_1.0.100.202509120712/tools/bin/../lib/gcc/arm-none-eabi/13.3.1/../../../../arm-none-eabi/lib/thumb/v7e-m+fp/hard\libm.a