../Core/Src/stm32g4xx_it.c:73:6:NMI_Handler	4	static
../Core/Src/stm32g4xx_it.c:88:6:HardFault_Handler	4	static
../Core/Src/stm32g4xx_it.c:103:6:MemManage_Handler	4	static
../Core/Src/stm32g4xx_it.c:118:6:BusFault_Handler	4	static
../Core/Src/stm32g4xx_it.c:133:6:UsageFault_Handler	4	static
../Core/Src/stm32g4xx_it.c:148:6:DebugMon_Handler	4	static
../Core/Src/stm32g4xx_it.c:168:6:USB_LP_IRQHandler	8	static
../Core/Src/stm32g4xx_it.c:182:6:TIM6_DAC_IRQHandler	8	static
../Core/Src/stm32g4xx_it.c:196:6:FDCAN2_IT0_IRQHandler	8	static
../Core/Src/stm32g4xx_it.c:210:6:FDCAN2_IT1_IRQHandler	8	static
../Core/Src/stm32g4xx_it.c:224:6:FDCAN3_IT0_IRQHandler	8	static
../Core/Src/stm32g4xx_it.c:238:6:FDCAN3_IT1_IRQHandler	8	static
