17:54:18 **** Incremental Build of configuration Debug for project 002_SNIFF_CODE_CUSTOMPCB ****
make -j8 all 
arm-none-eabi-gcc -o "002_SNIFF_CODE_CUSTOMPCB.elf" @"objects.list"   -mcpu=cortex-m4 -T"F:\SNIFFER_CODING\HARDWARE\002_SNIFF_CODE_CUSTOMPCB\STM32G473CETX_FLASH.ld" --specs=nosys.specs -Wl,-Map="002_SNIFF_CODE_CUSTOMPCB.map" -Wl,--gc-sections -static --specs=nano.specs -mfpu=fpv4-sp-d16 -mfloat-abi=hard -mthumb -Wl,--start-group -lc -lm -Wl,--end-group
Finished building target: 002_SNIFF_CODE_CUSTOMPCB.elf
 
arm-none-eabi-size  002_SNIFF_CODE_CUSTOMPCB.elf 
arm-none-eabi-objdump -h -S 002_SNIFF_CODE_CUSTOMPCB.elf  > "002_SNIFF_CODE_CUSTOMPCB.list"
   text	   data	    bss	    dec	    hex	filename
  50124	    472	  85968	 136564	  21574	002_SNIFF_CODE_CUSTOMPCB.elf
Finished building: default.size.stdout
 
Finished building: 002_SNIFF_CODE_CUSTOMPCB.list
 

17:54:20 Build Finished. 0 errors, 0 warnings. (took 1s.826ms)

