Archive member included to satisfy reference by file (symbol)

C:/ST/STM32CubeIDE_1.18.1/STM32CubeIDE/plugins/com.st.stm32cube.ide.mcu.externaltools.gnu-tools-for-stm32.13.3.rel1.win32_1.0.100.202509120712/tools/bin/../lib/gcc/arm-none-eabi/13.3.1/../../../../arm-none-eabi/lib/thumb/v7e-m+fp/hard\libc_nano.a(libc_a-exit.o)
                              C:/ST/STM32CubeIDE_1.18.1/STM32CubeIDE/plugins/com.st.stm32cube.ide.mcu.externaltools.gnu-tools-for-stm32.13.3.rel1.win32_1.0.100.202509120712/tools/bin/../lib/gcc/arm-none-eabi/13.3.1/../../../../arm-none-eabi/lib/thumb/v7e-m+fp/hard/crt0.o (exit)
C:/ST/STM32CubeIDE_1.18.1/STM32CubeIDE/plugins/com.st.stm32cube.ide.mcu.externaltools.gnu-tools-for-stm32.13.3.rel1.win32_1.0.100.202509120712/tools/bin/../lib/gcc/arm-none-eabi/13.3.1/../../../../arm-none-eabi/lib/thumb/v7e-m+fp/hard\libc_nano.a(libc_a-findfp.o)
                              C:/ST/STM32CubeIDE_1.18.1/STM32CubeIDE/plugins/com.st.stm32cube.ide.mcu.externaltools.gnu-tools-for-stm32.13.3.rel1.win32_1.0.100.202509120712/tools/bin/../lib/gcc/arm-none-eabi/13.3.1/../../../../arm-none-eabi/lib/thumb/v7e-m+fp/hard\libc_nano.a(libc_a-exit.o) (__stdio_exit_handler)
C:/ST/STM32CubeIDE_1.18.1/STM32CubeIDE/plugins/com.st.stm32cube.ide.mcu.externaltools.gnu-tools-for-stm32.13.3.rel1.win32_1.0.100.202509120712/tools/bin/../lib/gcc/arm-none-eabi/13.3.1/../../../../arm-none-eabi/lib/thumb/v7e-m+fp/hard\libc_nano.a(libc_a-fwalk.o)
                              C:/ST/STM32CubeIDE_1.18.1/STM32CubeIDE/plugins/com.st.stm32cube.ide.mcu.externaltools.gnu-tools-for-stm32.13.3.rel1.win32_1.0.100.202509120712/tools/bin/../lib/gcc/arm-none-eabi/13.3.1/../../../../arm-none-eabi/lib/thumb/v7e-m+fp/hard\libc_nano.a(libc_a-findfp.o) (_fwalk_sglue)
C:/ST/STM32CubeIDE_1.18.1/STM32CubeIDE/plugins/com.st.stm32cube.ide.mcu.externaltools.gnu-tools-for-stm32.13.3.rel1.win32_1.0.100.202509120712/tools/bin/../lib/gcc/arm-none-eabi/13.3.1/../../../../arm-none-eabi/lib/thumb/v7e-m+fp/hard\libc_nano.a(libc_a-snprintf.o)
                              ./Core/Protocol/command.o (snprintf)
C:/ST/STM32CubeIDE_1.18.1/STM32CubeIDE/plugins/com.st.stm32cube.ide.mcu.externaltools.gnu-tools-for-stm32.13.3.rel1.win32_1.0.100.202509120712/tools/bin/../lib/gcc/arm-none-eabi/13.3.1/../../../../arm-none-eabi/lib/thumb/v7e-m+fp/hard\libc_nano.a(libc_a-stdio.o)
                              C:/ST/STM32CubeIDE_1.18.1/STM32CubeIDE/plugins/com.st.stm32cube.ide.mcu.externaltools.gnu-tools-for-stm32.13.3.rel1.win32_1.0.100.202509120712/tools/bin/../lib/gcc/arm-none-eabi/13.3.1/../../../../arm-none-eabi/lib/thumb/v7e-m+fp/hard\libc_nano.a(libc_a-findfp.o) (__sread)
C:/ST/STM32CubeIDE_1.18.1/STM32CubeIDE/plugins/com.st.stm32cube.ide.mcu.externaltools.gnu-tools-for-stm32.13.3.rel1.win32_1.0.100.202509120712/tools/bin/../lib/gcc/arm-none-eabi/13.3.1/../../../../arm-none-eabi/lib/thumb/v7e-m+fp/hard\libc_nano.a(libc_a-memset.o)
                              C:/ST/STM32CubeIDE_1.18.1/STM32CubeIDE/plugins/com.st.stm32cube.ide.mcu.externaltools.gnu-tools-for-stm32.13.3.rel1.win32_1.0.100.202509120712/tools/bin/../lib/gcc/arm-none-eabi/13.3.1/../../../../arm-none-eabi/lib/thumb/v7e-m+fp/hard/crt0.o (memset)
C:/ST/STM32CubeIDE_1.18.1/STM32CubeIDE/plugins/com.st.stm32cube.ide.mcu.externaltools.gnu-tools-for-stm32.13.3.rel1.win32_1.0.100.202509120712/tools/bin/../lib/gcc/arm-none-eabi/13.3.1/../../../../arm-none-eabi/lib/thumb/v7e-m+fp/hard\libc_nano.a(libc_a-closer.o)
                              C:/ST/STM32CubeIDE_1.18.1/STM32CubeIDE/plugins/com.st.stm32cube.ide.mcu.externaltools.gnu-tools-for-stm32.13.3.rel1.win32_1.0.100.202509120712/tools/bin/../lib/gcc/arm-none-eabi/13.3.1/../../../../arm-none-eabi/lib/thumb/v7e-m+fp/hard\libc_nano.a(libc_a-stdio.o) (_close_r)
C:/ST/STM32CubeIDE_1.18.1/STM32CubeIDE/plugins/com.st.stm32cube.ide.mcu.externaltools.gnu-tools-for-stm32.13.3.rel1.win32_1.0.100.202509120712/tools/bin/../lib/gcc/arm-none-eabi/13.3.1/../../../../arm-none-eabi/lib/thumb/v7e-m+fp/hard\libc_nano.a(libc_a-reent.o)
                              C:/ST/STM32CubeIDE_1.18.1/STM32CubeIDE/plugins/com.st.stm32cube.ide.mcu.externaltools.gnu-tools-for-stm32.13.3.rel1.win32_1.0.100.202509120712/tools/bin/../lib/gcc/arm-none-eabi/13.3.1/../../../../arm-none-eabi/lib/thumb/v7e-m+fp/hard\libc_nano.a(libc_a-closer.o) (errno)
C:/ST/STM32CubeIDE_1.18.1/STM32CubeIDE/plugins/com.st.stm32cube.ide.mcu.externaltools.gnu-tools-for-stm32.13.3.rel1.win32_1.0.100.202509120712/tools/bin/../lib/gcc/arm-none-eabi/13.3.1/../../../../arm-none-eabi/lib/thumb/v7e-m+fp/hard\libc_nano.a(libc_a-impure.o)
                              C:/ST/STM32CubeIDE_1.18.1/STM32CubeIDE/plugins/com.st.stm32cube.ide.mcu.externaltools.gnu-tools-for-stm32.13.3.rel1.win32_1.0.100.202509120712/tools/bin/../lib/gcc/arm-none-eabi/13.3.1/../../../../arm-none-eabi/lib/thumb/v7e-m+fp/hard\libc_nano.a(libc_a-snprintf.o) (_impure_ptr)
[...]
Memory Configuration

Name             Origin             Length             Attributes
RAM              0x20000000         0x00020000         xrw
FLASH            0x08000000         0x00080000         xr
*default*        0x00000000         0xffffffff

Linker script and memory map

LOAD C:/ST/STM32CubeIDE_1.18.1/STM32CubeIDE/plugins/com.st.stm32cube.ide.mcu.externaltools.gnu-tools-for-stm32.13.3.rel1.win32_1.0.100.202509120712/tools/bin/../lib/gcc/arm-none-eabi/13.3.1/thumb/v7e-m+fp/hard/crti.o
LOAD C:/ST/STM32CubeIDE_1.18.1/STM32CubeIDE/plugins/com.st.stm32cube.ide.mcu.externaltools.gnu-tools-for-stm32.13.3.rel1.win32_1.0.100.202509120712/tools/bin/../lib/gcc/arm-none-eabi/13.3.1/thumb/v7e-m+fp/hard/crtbegin.o
LOAD C:/ST/STM32CubeIDE_1.18.1/STM32CubeIDE/plugins/com.st.stm32cube.ide.mcu.externaltools.gnu-tools-for-stm32.13.3.rel1.win32_1.0.100.202509120712/tools/bin/../lib/gcc/arm-none-eabi/13.3.1/../../../../arm-none-eabi/lib/thumb/v7e-m+fp/hard/crt0.o
LOAD ./Core/App/process.o
LOAD ./Core/CAN_Setting/can_setting.o
LOAD ./Core/Protocol/command.o
LOAD ./Core/Src/main.o
LOAD ./Core/Src/stm32g4xx_hal_msp.o
LOAD ./Core/Src/stm32g4xx_hal_timebase_tim.o
LOAD ./Core/Src/stm32g4xx_it.o
LOAD ./Core/Src/syscalls.o
LOAD ./Core/Src/sysmem.o
LOAD ./Core/Src/system_stm32g4xx.o
LOAD ./Core/Startup/startup_stm32g473cetx.o
LOAD ./Drivers/STM32G4xx_HAL_Driver/Src/stm32g4xx_hal.o
LOAD ./Drivers/STM32G4xx_HAL_Driver/Src/stm32g4xx_hal_cortex.o
LOAD ./Drivers/STM32G4xx_HAL_Driver/Src/stm32g4xx_hal_dma.o
LOAD ./Drivers/STM32G4xx_HAL_Driver/Src/stm32g4xx_hal_dma_ex.o
LOAD ./Drivers/STM32G4xx_HAL_Driver/Src/stm32g4xx_hal_exti.o
LOAD ./Drivers/STM32G4xx_HAL_Driver/Src/stm32g4xx_hal_fdcan.o
LOAD ./Drivers/STM32G4xx_HAL_Driver/Src/stm32g4xx_hal_flash.o
LOAD ./Drivers/STM32G4xx_HAL_Driver/Src/stm32g4xx_hal_flash_ex.o
LOAD ./Drivers/STM32G4xx_HAL_Driver/Src/stm32g4xx_hal_flash_ramfunc.o
LOAD ./Drivers/STM32G4xx_HAL_Driver/Src/stm32g4xx_hal_gpio.o
LOAD ./Drivers/STM32G4xx_HAL_Driver/Src/stm32g4xx_hal_iwdg.o
LOAD ./Drivers/STM32G4xx_HAL_Driver/Src/stm32g4xx_hal_pcd.o
LOAD ./Drivers/STM32G4xx_HAL_Driver/Src/stm32g4xx_hal_pcd_ex.o
LOAD ./Drivers/STM32G4xx_HAL_Driver/Src/stm32g4xx_hal_pwr.o
LOAD ./Drivers/STM32G4xx_HAL_Driver/Src/stm32g4xx_hal_pwr_ex.o
LOAD ./Drivers/STM32G4xx_HAL_Driver/Src/stm32g4xx_hal_rcc.o
LOAD ./Drivers/STM32G4xx_HAL_Driver/Src/stm32g4xx_hal_rcc_ex.o
LOAD ./Drivers/STM32G4xx_HAL_Driver/Src/stm32g4xx_hal_tim.o
LOAD ./Drivers/STM32G4xx_HAL_Driver/Src/stm32g4xx_hal_tim_ex.o
LOAD ./Drivers/STM32G4xx_HAL_Driver/Src/stm32g4xx_ll_usb.o
LOAD ./Middlewares/ST/STM32_USB_Device_Library/Class/CDC/Src/usbd_cdc.o
LOAD ./Middlewares/ST/STM32_USB_Device_Library/Core/Src/usbd_core.o
LOAD ./Middlewares/ST/STM32_USB_Device_Library/Core/Src/usbd_ctlreq.o
LOAD ./Middlewares/ST/STM32_USB_Device_Library/Core/Src/usbd_ioreq.o
LOAD ./ThirdParty/FreeRTOS/croutine.o
LOAD ./ThirdParty/FreeRTOS/event_groups.o
LOAD ./ThirdParty/FreeRTOS/list.o
LOAD ./ThirdParty/FreeRTOS/queue.o
LOAD ./ThirdParty/FreeRTOS/stream_buffer.o
LOAD ./ThirdParty/FreeRTOS/tasks.o
LOAD ./ThirdParty/FreeRTOS/timers.o
LOAD ./ThirdParty/FreeRTOS/portable/GCC/ARM_CM4F/port.o
LOAD ./ThirdParty/FreeRTOS/portable/MemMang/heap_4.o
LOAD ./USB_Device/App/usb_device.o
LOAD ./USB_Device/App/usbd_cdc_if.o
LOAD ./USB_Device/App/usbd_desc.o
LOAD ./USB_Device/Target/usbd_conf.o
START GROUP
LOAD C:/ST/STM32CubeIDE_1.18.1/STM32CubeIDE/plugins/com.st.stm32cube.ide.mcu.externaltools.gnu-tools-for-stm32.13.3.rel1.win32_1.0.100.202509120712/tools/bin/../lib/gcc/arm-none-eabi/13.3.1/../../../../arm-none-eabi/lib/thumb/v7e-m+fp/hard\libc_nano.a
LOAD C:/ST/STM32CubeIDE_1.18.1/STM32CubeIDE/plugins/com.st.stm32cube.ide.mcu.externaltools.gnu-tools-for-stm32.13.3.rel1.win32_1.0.100.202509120712/tools/bin/../lib/gcc/arm-none-eabi/13.3.1/../../../../arm-none-eabi/lib/thumb/v7e-m+fp/hard\libm.a
END GROUP
START GROUP
LOAD C:/ST/STM32CubeIDE_1.18.1/STM32CubeIDE/plugins/com.st.stm32cube.ide.mcu.externaltools.gnu-tools-for-stm32.13.3.rel1.win32_1.0.100.202509120712/tools/bin/../lib/gcc/arm-none-eabi/13.3.1/thumb/v7e-m+fp/hard\libgcc.a
LOAD C:/ST/STM32CubeIDE_1.18.1/STM32CubeIDE/plugins/com.st.stm32cube.ide.mcu.externaltools.gnu-tools-for-stm32.13.3.rel1.win32_1.0.100.202509120712/tools/bin/../lib/gcc/arm-none-eabi/13.3.1/../../../../arm-none-eabi/lib/thumb/v7e-m+fp/hard\libc_nano.a
END GROUP
START GROUP
LOAD C:/ST/STM32CubeIDE_1.18.1/STM32CubeIDE/plugins/com.st.stm32cube.ide.mcu.externaltools.gnu-tools-for-stm32.13.3.rel1.win32_1.0.100.202509120712/tools/bin/../lib/gcc/arm-none-eabi/13.3.1/thumb/v7e-m+fp/hard\libgcc.a
LOAD C:/ST/STM32CubeIDE_1.18.1/STM32CubeIDE/plugins/com.st.stm32cube.ide.mcu.externaltools.gnu-tools-for-stm32.13.3.rel1.win32_1.0.100.202509120712/tools/bin/../lib/gcc/arm-none-eabi/13.3.1/../../../../arm-none-eabi/lib/thumb/v7e-m+fp/hard\libc_nano.a
LOAD C:/ST/STM32CubeIDE_1.18.1/STM32CubeIDE/plugins/com.st.stm32cube.ide.mcu.externaltools.gnu-tools-for-stm32.13.3.rel1.win32_1.0.100.202509120712/tools/bin/../lib/gcc/arm-none-eabi/13.3.1/../../../../arm-none-eabi/lib/thumb/v7e-m+fp/hard\libnosys.a
END GROUP
START GROUP
LOAD C:/ST/STM32CubeIDE_1.18.1/STM32CubeIDE/plugins/com.st.stm32cube.ide.mcu.externaltools.gnu-tools-for-stm32.13.3.rel1.win32_1.0.100.202509120712/tools/bin/../lib/gcc/arm-none-eabi/13.3.1/thumb/v7e-m+fp/hard\libgcc.a
LOAD C:/ST/STM32CubeIDE_1.18.1/STM32CubeIDE/plugins/com.st.stm32cube.ide.mcu.externaltools.gnu-tools-for-stm32.13.3.rel1.win32_1.0.100.202509120712/tools/bin/../lib/gcc/arm-none-eabi/13.3.1/../../../../arm-none-eabi/lib/thumb/v7e-m+fp/hard\libc_nano.a
LOAD C:/ST/STM32CubeIDE_1.18.1/STM32CubeIDE/plugins/com.st.stm32cube.ide.mcu.externaltools.gnu-tools-for-stm32.13.3.rel1.win32_1.0.100.202509120712/tools/bin/../lib/gcc/arm-none-eabi/13.3.1/../../../../arm-none-eabi/lib/thumb/v7e-m+fp/hard\libnosys.a
END GROUP
LOAD C:/ST/STM32CubeIDE_1.18.1/STM32CubeIDE/plugins/com.st.stm32cube.ide.mcu.externaltools.gnu-tools-for-stm32.13.3.rel1.win32_1.0.100.202509120712/tools/bin/../lib/gcc/arm-none-eabi/13.3.1/thumb/v7e-m+fp/hard/crtend.o
LOAD C:/ST/STM32CubeIDE_1.18.1/STM32CubeIDE/plugins/com.st.stm32cube.ide.mcu.externaltools.gnu-tools-for-stm32.13.3.rel1.win32_1.0.100.202509120712/tools/bin/../lib/gcc/arm-none-eabi/13.3.1/thumb/v7e-m+fp/hard/crtn.o
                0x20020000                        _estack = (ORIGIN (RAM) + LENGTH (RAM))
                0x00000200                        _Min_Heap_Size = 0x200
                0x00000400                        _Min_Stack_Size = 0x400

.isr_vector     0x08000000      0x1d8
                0x08000000                        . = ALIGN (0x4)
 *(.isr_vector)
 .isr_vector    0x08000000      0x1d8 ./Core/Startup/startup_stm32g473cetx.o
                0x08000000                g_pfnVectors
                0x080001d8                        . = ALIGN (0x4)

.text           0x080001e0     0xcb0c
                0x080001e0                        . = ALIGN (0x4)
 *(.text)
 .text          0x080001e0       0x40 C:/ST/STM32CubeIDE_1.18.1/STM32CubeIDE/plugins/com.st.stm32cube.ide.mcu.externaltools.gnu-tools-for-stm32.13.3.rel1.win32_1.0.100.202509120712/tools/bin/../lib/gcc/arm-none-eabi/13.3.1/thumb/v7e-m+fp/hard/crtbegin.o
 .text          0x08000220       0xa0 C:/ST/STM32CubeIDE_1.18.1/STM32CubeIDE/plugins/com.st.stm32cube.ide.mcu.externaltools.gnu-tools-for-stm32.13.3.rel1.win32_1.0.100.202509120712/tools/bin/../lib/gcc/arm-none-eabi/13.3.1/../../../../arm-none-eabi/lib/thumb/v7e-m+fp/hard\libc_nano.a(libc_a-memchr.o)
                0x08000220                memchr
 *(.text*)
 .text.report_task_alive
                0x080002c0       0x24 ./Core/App/process.o
                0x080002c0                report_task_alive
 .text.check_fdcan_recovery
                0x080002e4       0x44 ./Core/App/process.o
                0x080002e4                check_fdcan_recovery
 .text.process_init
                0x08000328      0x148 ./Core/App/process.o
                0x08000328                process_init
 .text.HeartbeatTask
                0x08000470       0x60 ./Core/App/process.o
                0x08000470                HeartbeatTask
 .text.UsbRxTask
                0x080004d0       0x34 ./Core/App/process.o
                0x080004d0                UsbRxTask
 .text.UsbTxTask
                0x08000504       0x68 ./Core/App/process.o
                0x08000504                UsbTxTask
 .text.CAN_RxTask
                0x0800056c       0xd0 ./Core/App/process.o
                0x0800056c                CAN_RxTask
 .text.process_handle_can_tx
                0x0800063c      0x1a4 ./Core/App/process.o
                0x0800063c                process_handle_can_tx
 .text.raw_dlc_to_hal
                0x080007e0       0xae ./Core/App/process.o
 *fill*         0x0800088e        0x2 
 .text.LedIndicatorTask
                0x08000890       0x68 ./Core/App/process.o
                0x08000890                LedIndicatorTask
 .text.get_timing_by_cmd
                0x080008f8       0x5c ./Core/CAN_Setting/can_setting.o
 .text.get_handle_by_index
                0x08000954       0x34 ./Core/CAN_Setting/can_setting.o
 .text.CAN_Setting_Init
                0x08000988       0x18 ./Core/CAN_Setting/can_setting.o
                0x08000988                CAN_Setting_Init
 .text.CAN_Set_Baudrate
                0x080009a0      0x150 ./Core/CAN_Setting/can_setting.o
                0x080009a0                CAN_Set_Baudrate
 .text.CAN_Get_Baudrate
                0x08000af0       0x48 ./Core/CAN_Setting/can_setting.o
                0x08000af0                CAN_Get_Baudrate
 .text.update_device_info
                0x08000b38       0x8c ./Core/Protocol/command.o
                0x08000b38                update_device_info
 .text.command_process
                0x08000bc4      0x184 ./Core/Protocol/command.o
                0x08000bc4                command_process
 .text.generate_serial_number
                0x08000d48       0x40 ./Core/Protocol/command.o
                0x08000d48                generate_serial_number
 .text.HAL_FDCAN_RxFifo0Callback
                0x08000d88      0x134 ./Core/Src/main.o
                0x08000d88                HAL_FDCAN_RxFifo0Callback
 .text.main     0x08000ebc       0x28 ./Core/Src/main.o
                0x08000ebc                main
 .text.SystemClock_Config
                0x08000ee4       0x9c ./Core/Src/main.o
                0x08000ee4                SystemClock_Config
 .text.MX_IWDG_Init
                0x08000f80       0x3c ./Core/Src/main.o
 .text.MX_GPIO_Init
                0x08000fbc       0xc0 ./Core/Src/main.o
 .text.HAL_TIM_PeriodElapsedCallback
                0x0800107c       0x24 ./Core/Src/main.o
                0x0800107c                HAL_TIM_PeriodElapsedCallback
 .text.Error_Handler
                0x080010a0        0xc ./Core/Src/main.o
                0x080010a0                Error_Handler
 .text.HAL_MspInit
                0x080010ac       0x48 ./Core/Src/stm32g4xx_hal_msp.o
                0x080010ac                HAL_MspInit
 .text.HAL_FDCAN_MspInit
                0x080010f4      0x1a0 ./Core/Src/stm32g4xx_hal_msp.o
                0x080010f4                HAL_FDCAN_MspInit
 .text.HAL_FDCAN_MspDeInit
                0x08001294       0xa0 ./Core/Src/stm32g4xx_hal_msp.o
                0x08001294                HAL_FDCAN_MspDeInit
 .text.HAL_InitTick
                0x08001334       0xd8 ./Core/Src/stm32g4xx_hal_timebase_tim.o
                0x08001334                HAL_InitTick
 .text.NMI_Handler
                0x0800140c        0x8 ./Core/Src/stm32g4xx_it.o
                0x0800140c                NMI_Handler
 .text.HardFault_Handler
                0x08001414        0x8 ./Core/Src/stm32g4xx_it.o
                0x08001414                HardFault_Handler
 .text.MemManage_Handler
                0x0800141c        0x8 ./Core/Src/stm32g4xx_it.o
                0x0800141c                MemManage_Handler
 .text.BusFault_Handler
                0x08001424        0x8 ./Core/Src/stm32g4xx_it.o
                0x08001424                BusFault_Handler
 .text.UsageFault_Handler
                0x0800142c        0x8 ./Core/Src/stm32g4xx_it.o
                0x0800142c                UsageFault_Handler
 .text.DebugMon_Handler
                0x08001434        0xe ./Core/Src/stm32g4xx_it.o
                0x08001434                DebugMon_Handler
 *fill*         0x08001442        0x2 
 .text.USB_LP_IRQHandler
                0x08001444       0x14 ./Core/Src/stm32g4xx_it.o
                0x08001444                USB_LP_IRQHandler
 .text.TIM6_DAC_IRQHandler
                0x08001458       0x14 ./Core/Src/stm32g4xx_it.o
                0x08001458                TIM6_DAC_IRQHandler
 .text.FDCAN2_IT0_IRQHandler
                0x0800146c       0x14 ./Core/Src/stm32g4xx_it.o
                0x0800146c                FDCAN2_IT0_IRQHandler
 .text.FDCAN2_IT1_IRQHandler
                0x08001480       0x14 ./Core/Src/stm32g4xx_it.o
                0x08001480                FDCAN2_IT1_IRQHandler
 .text.FDCAN3_IT0_IRQHandler
                0x08001494       0x14 ./Core/Src/stm32g4xx_it.o
                0x08001494                FDCAN3_IT0_IRQHandler
 .text.FDCAN3_IT1_IRQHandler
                0x080014a8       0x14 ./Core/Src/stm32g4xx_it.o
                0x080014a8                FDCAN3_IT1_IRQHandler
 .text._sbrk    0x080014bc       0x6c ./Core/Src/sysmem.o
                0x080014bc                _sbrk
 .text.SystemInit
                0x08001528       0x24 ./Core/Src/system_stm32g4xx.o
                0x08001528                SystemInit
 .text.Reset_Handler
                0x0800154c       0x50 ./Core/Startup/startup_stm32g473cetx.o
                0x0800154c                Reset_Handler
 .text.Default_Handler
                0x0800159c        0x2 ./Core/Startup/startup_stm32g473cetx.o
                0x0800159c                RTC_Alarm_IRQHandler
                0x0800159c                EXTI2_IRQHandler
                0x0800159c                TIM8_TRG_COM_IRQHandler
                0x0800159c                TIM8_CC_IRQHandler
                0x0800159c                SPI4_IRQHandler
                0x0800159c                TIM1_CC_IRQHandler
                0x0800159c                USB_HP_IRQHandler
                0x0800159c                CORDIC_IRQHandler
                0x0800159c                DMA2_Channel8_IRQHandler
                0x0800159c                EXTI3_IRQHandler
                0x0800159c                I2C3_ER_IRQHandler
                0x0800159c                EXTI0_IRQHandler
                0x0800159c                I2C2_EV_IRQHandler
                0x0800159c                FPU_IRQHandler
                0x0800159c                FDCAN1_IT1_IRQHandler
                0x0800159c                TIM1_UP_TIM16_IRQHandler
                0x0800159c                ADC1_2_IRQHandler
                0x0800159c                SPI1_IRQHandler
                0x0800159c                TIM8_UP_IRQHandler
                0x0800159c                DMA2_Channel2_IRQHandler
                0x0800159c                DMA1_Channel4_IRQHandler
                0x0800159c                TIM20_TRG_COM_IRQHandler
                0x0800159c                USART3_IRQHandler
                0x0800159c                DMA1_Channel7_IRQHandler
                0x0800159c                UART5_IRQHandler
                0x0800159c                ADC3_IRQHandler
                0x0800159c                TIM4_IRQHandler
                0x0800159c                DMA2_Channel1_IRQHandler
                0x0800159c                QUADSPI_IRQHandler
                0x0800159c                I2C1_EV_IRQHandler
                0x0800159c                DMA1_Channel6_IRQHandler
                0x0800159c                UART4_IRQHandler
                0x0800159c                DMA2_Channel4_IRQHandler
                0x0800159c                TIM3_IRQHandler
                0x0800159c                RCC_IRQHandler
                0x0800159c                TIM20_UP_IRQHandler
                0x0800159c                DMA1_Channel1_IRQHandler
                0x0800159c                Default_Handler
                0x0800159c                DMA2_Channel7_IRQHandler
                0x0800159c                RTC_TAMP_LSECSS_IRQHandler
                0x0800159c                FMAC_IRQHandler
                0x0800159c                EXTI15_10_IRQHandler
                0x0800159c                DMA1_Channel8_IRQHandler
                0x0800159c                TIM7_DAC_IRQHandler
                0x0800159c                TIM5_IRQHandler
                0x0800159c                UCPD1_IRQHandler
                0x0800159c                I2C3_EV_IRQHandler
                0x0800159c                EXTI9_5_IRQHandler
                0x0800159c                RTC_WKUP_IRQHandler
                0x0800159c                PVD_PVM_IRQHandler
                0x0800159c                SPI2_IRQHandler
                0x0800159c                ADC5_IRQHandler
                0x0800159c                DMA2_Channel5_IRQHandler
                0x0800159c                CRS_IRQHandler
                0x0800159c                DMA1_Channel5_IRQHandler
                0x0800159c                EXTI4_IRQHandler
                0x0800159c                RNG_IRQHandler
                0x0800159c                TIM1_TRG_COM_TIM17_IRQHandler
                0x0800159c                DMA1_Channel3_IRQHandler
                0x0800159c                ADC4_IRQHandler
                0x0800159c                WWDG_IRQHandler
                0x0800159c                I2C4_EV_IRQHandler
                0x0800159c                LPUART1_IRQHandler
                0x0800159c                DMA2_Channel6_IRQHandler
                0x0800159c                FDCAN1_IT0_IRQHandler
                0x0800159c                TIM2_IRQHandler
                0x0800159c                COMP7_IRQHandler
                0x0800159c                COMP1_2_3_IRQHandler
                0x0800159c                EXTI1_IRQHandler
                0x0800159c                USART2_IRQHandler
                0x0800159c                COMP4_5_6_IRQHandler
                0x0800159c                TIM20_BRK_IRQHandler
                0x0800159c                I2C2_ER_IRQHandler
                0x0800159c                DMA1_Channel2_IRQHandler
                0x0800159c                TIM8_BRK_IRQHandler
                0x0800159c                FLASH_IRQHandler
                0x0800159c                TIM20_CC_IRQHandler
                0x0800159c                USART1_IRQHandler
                0x0800159c                SPI3_IRQHandler
                0x0800159c                I2C1_ER_IRQHandler
                0x0800159c                FMC_IRQHandler
                0x0800159c                LPTIM1_IRQHandler
                0x0800159c                DMAMUX_OVR_IRQHandler
                0x0800159c                I2C4_ER_IRQHandler
                0x0800159c                USBWakeUp_IRQHandler
                0x0800159c                SAI1_IRQHandler
                0x0800159c                DMA2_Channel3_IRQHandler
                0x0800159c                TIM1_BRK_TIM15_IRQHandler
 .text.HAL_Init
                0x0800159e       0x30 ./Drivers/STM32G4xx_HAL_Driver/Src/stm32g4xx_hal.o
                0x0800159e                HAL_Init
 *fill*         0x080015ce        0x2 
 .text.HAL_IncTick
                0x080015d0       0x24 ./Drivers/STM32G4xx_HAL_Driver/Src/stm32g4xx_hal.o
                0x080015d0                HAL_IncTick
 .text.HAL_GetTick
                0x080015f4       0x18 ./Drivers/STM32G4xx_HAL_Driver/Src/stm32g4xx_hal.o
                0x080015f4                HAL_GetTick
 .text.HAL_GetUIDw2
                0x0800160c       0x18 ./Drivers/STM32G4xx_HAL_Driver/Src/stm32g4xx_hal.o
                0x0800160c                HAL_GetUIDw2
 .text.__NVIC_SetPriorityGrouping
                0x08001624       0x48 ./Drivers/STM32G4xx_HAL_Driver/Src/stm32g4xx_hal_cortex.o
 .text.__NVIC_GetPriorityGrouping
                0x0800166c       0x1c ./Drivers/STM32G4xx_HAL_Driver/Src/stm32g4xx_hal_cortex.o
 .text.__NVIC_EnableIRQ
                0x08001688       0x3c ./Drivers/STM32G4xx_HAL_Driver/Src/stm32g4xx_hal_cortex.o
 .text.__NVIC_DisableIRQ
                0x080016c4       0x48 ./Drivers/STM32G4xx_HAL_Driver/Src/stm32g4xx_hal_cortex.o
 .text.__NVIC_SetPriority
                0x0800170c       0x54 ./Drivers/STM32G4xx_HAL_Driver/Src/stm32g4xx_hal_cortex.o
 .text.NVIC_EncodePriority
                0x08001760       0x66 ./Drivers/STM32G4xx_HAL_Driver/Src/stm32g4xx_hal_cortex.o
 .text.HAL_NVIC_SetPriorityGrouping
                0x080017c6       0x16 ./Drivers/STM32G4xx_HAL_Driver/Src/stm32g4xx_hal_cortex.o
                0x080017c6                HAL_NVIC_SetPriorityGrouping
 .text.HAL_NVIC_SetPriority
                0x080017dc       0x34 ./Drivers/STM32G4xx_HAL_Driver/Src/stm32g4xx_hal_cortex.o
                0x080017dc                HAL_NVIC_SetPriority
 .text.HAL_NVIC_EnableIRQ
                0x08001810       0x1c ./Drivers/STM32G4xx_HAL_Driver/Src/stm32g4xx_hal_cortex.o
                0x08001810                HAL_NVIC_EnableIRQ
 .text.HAL_NVIC_DisableIRQ
                0x0800182c       0x1c ./Drivers/STM32G4xx_HAL_Driver/Src/stm32g4xx_hal_cortex.o
                0x0800182c                HAL_NVIC_DisableIRQ
 .text.HAL_FDCAN_Init
                0x08001848      0x2b4 ./Drivers/STM32G4xx_HAL_Driver/Src/stm32g4xx_hal_fdcan.o
                0x08001848                HAL_FDCAN_Init
 .text.HAL_FDCAN_DeInit
                0x08001afc       0x46 ./Drivers/STM32G4xx_HAL_Driver/Src/stm32g4xx_hal_fdcan.o
                0x08001afc                HAL_FDCAN_DeInit
 .text.HAL_FDCAN_ConfigFilter
                0x08001b42       0xb4 ./Drivers/STM32G4xx_HAL_Driver/Src/stm32g4xx_hal_fdcan.o
                0x08001b42                HAL_FDCAN_ConfigFilter
 .text.HAL_FDCAN_ConfigGlobalFilter
                0x08001bf6       0x62 ./Drivers/STM32G4xx_HAL_Driver/Src/stm32g4xx_hal_fdcan.o
                0x08001bf6                HAL_FDCAN_ConfigGlobalFilter
 .text.HAL_FDCAN_Start
                0x08001c58       0x50 ./Drivers/STM32G4xx_HAL_Driver/Src/stm32g4xx_hal_fdcan.o
                0x08001c58                HAL_FDCAN_Start
 .text.HAL_FDCAN_Stop
                0x08001ca8       0xe0 ./Drivers/STM32G4xx_HAL_Driver/Src/stm32g4xx_hal_fdcan.o
                0x08001ca8                HAL_FDCAN_Stop
 .text.HAL_FDCAN_AddMessageToTxFifoQ
                0x08001d88       0x88 ./Drivers/STM32G4xx_HAL_Driver/Src/stm32g4xx_hal_fdcan.o
                0x08001d88                HAL_FDCAN_AddMessageToTxFifoQ
 .text.HAL_FDCAN_GetRxMessage
                0x08001e10      0x210 ./Drivers/STM32G4xx_HAL_Driver/Src/stm32g4xx_hal_fdcan.o
                0x08001e10                HAL_FDCAN_GetRxMessage
 .text.HAL_FDCAN_GetRxFifoFillLevel
                0x08002020       0x3c ./Drivers/STM32G4xx_HAL_Driver/Src/stm32g4xx_hal_fdcan.o
                0x08002020                HAL_FDCAN_GetRxFifoFillLevel
 .text.HAL_FDCAN_ActivateNotification
                0x0800205c      0x1cc ./Drivers/STM32G4xx_HAL_Driver/Src/stm32g4xx_hal_fdcan.o
                0x0800205c                HAL_FDCAN_ActivateNotification
 .text.HAL_FDCAN_IRQHandler
                0x08002228      0x266 ./Drivers/STM32G4xx_HAL_Driver/Src/stm32g4xx_hal_fdcan.o
                0x08002228                HAL_FDCAN_IRQHandler
 .text.HAL_FDCAN_TxEventFifoCallback
                0x0800248e       0x16 ./Drivers/STM32G4xx_HAL_Driver/Src/stm32g4xx_hal_fdcan.o
                0x0800248e                HAL_FDCAN_TxEventFifoCallback
 .text.HAL_FDCAN_RxFifo1Callback
                0x080024a4       0x16 ./Drivers/STM32G4xx_HAL_Driver/Src/stm32g4xx_hal_fdcan.o
                0x080024a4                HAL_FDCAN_RxFifo1Callback
 .text.HAL_FDCAN_TxFifoEmptyCallback
                0x080024ba       0x14 ./Drivers/STM32G4xx_HAL_Driver/Src/stm32g4xx_hal_fdcan.o
                0x080024ba                HAL_FDCAN_TxFifoEmptyCallback
 .text.HAL_FDCAN_TxBufferCompleteCallback
                0x080024ce       0x16 ./Drivers/STM32G4xx_HAL_Driver/Src/stm32g4xx_hal_fdcan.o
                0x080024ce                HAL_FDCAN_TxBufferCompleteCallback
 .text.HAL_FDCAN_TxBufferAbortCallback
                0x080024e4       0x16 ./Drivers/STM32G4xx_HAL_Driver/Src/stm32g4xx_hal_fdcan.o
                0x080024e4                HAL_FDCAN_TxBufferAbortCallback
 .text.HAL_FDCAN_TimestampWraparoundCallback
                0x080024fa       0x14 ./Drivers/STM32G4xx_HAL_Driver/Src/stm32g4xx_hal_fdcan.o
                0x080024fa                HAL_FDCAN_TimestampWraparoundCallback
 .text.HAL_FDCAN_TimeoutOccurredCallback
                0x0800250e       0x14 ./Drivers/STM32G4xx_HAL_Driver/Src/stm32g4xx_hal_fdcan.o
                0x0800250e                HAL_FDCAN_TimeoutOccurredCallback
 .text.HAL_FDCAN_HighPriorityMessageCallback
                0x08002522       0x14 ./Drivers/STM32G4xx_HAL_Driver/Src/stm32g4xx_hal_fdcan.o
                0x08002522                HAL_FDCAN_HighPriorityMessageCallback
 .text.HAL_FDCAN_ErrorCallback
                0x08002536       0x14 ./Drivers/STM32G4xx_HAL_Driver/Src/stm32g4xx_hal_fdcan.o
                0x08002536                HAL_FDCAN_ErrorCallback
 .text.HAL_FDCAN_ErrorStatusCallback
                0x0800254a       0x16 ./Drivers/STM32G4xx_HAL_Driver/Src/stm32g4xx_hal_fdcan.o
                0x0800254a                HAL_FDCAN_ErrorStatusCallback
 .text.HAL_FDCAN_GetState
                0x08002560       0x1c ./Drivers/STM32G4xx_HAL_Driver/Src/stm32g4xx_hal_fdcan.o
                0x08002560                HAL_FDCAN_GetState
 .text.FDCAN_CalcultateRamBlockAddresses
                0x0800257c       0xd8 ./Drivers/STM32G4xx_HAL_Driver/Src/stm32g4xx_hal_fdcan.o
 .text.FDCAN_CopyMessageToRAM
                0x08002654       0xf8 ./Drivers/STM32G4xx_HAL_Driver/Src/stm32g4xx_hal_fdcan.o
 .text.HAL_GPIO_Init
                0x0800274c      0x304 ./Drivers/STM32G4xx_HAL_Driver/Src/stm32g4xx_hal_gpio.o
                0x0800274c                HAL_GPIO_Init
 .text.HAL_GPIO_DeInit
                0x08002a50      0x1c4 ./Drivers/STM32G4xx_HAL_Driver/Src/stm32g4xx_hal_gpio.o
                0x08002a50                HAL_GPIO_DeInit
 .text.HAL_GPIO_WritePin
                0x08002c14       0x30 ./Drivers/STM32G4xx_HAL_Driver/Src/stm32g4xx_hal_gpio.o
                0x08002c14                HAL_GPIO_WritePin
 .text.HAL_GPIO_TogglePin
                0x08002c44       0x34 ./Drivers/STM32G4xx_HAL_Driver/Src/stm32g4xx_hal_gpio.o
                0x08002c44                HAL_GPIO_TogglePin
 .text.HAL_IWDG_Init
                0x08002c78       0x9e ./Drivers/STM32G4xx_HAL_Driver/Src/stm32g4xx_hal_iwdg.o
                0x08002c78                HAL_IWDG_Init
 .text.HAL_IWDG_Refresh
                0x08002d16       0x20 ./Drivers/STM32G4xx_HAL_Driver/Src/stm32g4xx_hal_iwdg.o
                0x08002d16                HAL_IWDG_Refresh
 .text.HAL_PCD_Init
                0x08002d36      0x19c ./Drivers/STM32G4xx_HAL_Driver/Src/stm32g4xx_hal_pcd.o
                0x08002d36                HAL_PCD_Init
 .text.HAL_PCD_Start
                0x08002ed2       0x44 ./Drivers/STM32G4xx_HAL_Driver/Src/stm32g4xx_hal_pcd.o
                0x08002ed2                HAL_PCD_Start
 .text.HAL_PCD_IRQHandler
                0x08002f16      0x24e ./Drivers/STM32G4xx_HAL_Driver/Src/stm32g4xx_hal_pcd.o
                0x08002f16                HAL_PCD_IRQHandler
 .text.HAL_PCD_SetAddress
                0x08003164       0x48 ./Drivers/STM32G4xx_HAL_Driver/Src/stm32g4xx_hal_pcd.o
                0x08003164                HAL_PCD_SetAddress
 .text.HAL_PCD_EP_Open
                0x080031ac       0xbe ./Drivers/STM32G4xx_HAL_Driver/Src/stm32g4xx_hal_pcd.o
                0x080031ac                HAL_PCD_EP_Open
 .text.HAL_PCD_EP_Close
                0x0800326a       0x90 ./Drivers/STM32G4xx_HAL_Driver/Src/stm32g4xx_hal_pcd.o
                0x0800326a                HAL_PCD_EP_Close
 .text.HAL_PCD_EP_Receive
                0x080032fa       0x62 ./Drivers/STM32G4xx_HAL_Driver/Src/stm32g4xx_hal_pcd.o
                0x080032fa                HAL_PCD_EP_Receive
 .text.HAL_PCD_EP_GetRxCount
                0x0800335c       0x30 ./Drivers/STM32G4xx_HAL_Driver/Src/stm32g4xx_hal_pcd.o
                0x0800335c                HAL_PCD_EP_GetRxCount
 .text.HAL_PCD_EP_Transmit
                0x0800338c       0x6e ./Drivers/STM32G4xx_HAL_Driver/Src/stm32g4xx_hal_pcd.o
                0x0800338c                HAL_PCD_EP_Transmit
 .text.HAL_PCD_EP_SetStall
                0x080033fa       0xa4 ./Drivers/STM32G4xx_HAL_Driver/Src/stm32g4xx_hal_pcd.o
                0x080033fa                HAL_PCD_EP_SetStall
 .text.HAL_PCD_EP_ClrStall
                0x0800349e       0xa8 ./Drivers/STM32G4xx_HAL_Driver/Src/stm32g4xx_hal_pcd.o
                0x0800349e                HAL_PCD_EP_ClrStall
 .text.PCD_EP_ISR_Handler
                0x08003546      0x68e ./Drivers/STM32G4xx_HAL_Driver/Src/stm32g4xx_hal_pcd.o
 .text.HAL_PCD_EP_DB_Receive
                0x08003bd4      0x212 ./Drivers/STM32G4xx_HAL_Driver/Src/stm32g4xx_hal_pcd.o
 .text.HAL_PCD_EP_DB_Transmit
                0x08003de6      0x878 ./Drivers/STM32G4xx_HAL_Driver/Src/stm32g4xx_hal_pcd.o
 .text.HAL_PCDEx_PMAConfig
                0x0800465e       0x86 ./Drivers/STM32G4xx_HAL_Driver/Src/stm32g4xx_hal_pcd_ex.o
                0x0800465e                HAL_PCDEx_PMAConfig
 .text.HAL_PCDEx_ActivateLPM
                0x080046e4       0x54 ./Drivers/STM32G4xx_HAL_Driver/Src/stm32g4xx_hal_pcd_ex.o
                0x080046e4                HAL_PCDEx_ActivateLPM
 .text.HAL_PWREx_ControlVoltageScaling
                0x08004738      0x148 ./Drivers/STM32G4xx_HAL_Driver/Src/stm32g4xx_hal_pwr_ex.o
                0x08004738                HAL_PWREx_ControlVoltageScaling
 .text.HAL_PWREx_DisableUCPDDeadBattery
                0x08004880       0x20 ./Drivers/STM32G4xx_HAL_Driver/Src/stm32g4xx_hal_pwr_ex.o
                0x08004880                HAL_PWREx_DisableUCPDDeadBattery
 .text.HAL_RCC_OscConfig
                0x080048a0      0x624 ./Drivers/STM32G4xx_HAL_Driver/Src/stm32g4xx_hal_rcc.o
                0x080048a0                HAL_RCC_OscConfig
 .text.HAL_RCC_ClockConfig
                0x08004ec4      0x278 ./Drivers/STM32G4xx_HAL_Driver/Src/stm32g4xx_hal_rcc.o
                0x08004ec4                HAL_RCC_ClockConfig
 .text.HAL_RCC_GetSysClockFreq
                0x0800513c       0xc4 ./Drivers/STM32G4xx_HAL_Driver/Src/stm32g4xx_hal_rcc.o
                0x0800513c                HAL_RCC_GetSysClockFreq
 .text.HAL_RCC_GetHCLKFreq
                0x08005200       0x18 ./Drivers/STM32G4xx_HAL_Driver/Src/stm32g4xx_hal_rcc.o
                0x08005200                HAL_RCC_GetHCLKFreq
 .text.HAL_RCC_GetPCLK1Freq
                0x08005218       0x2c ./Drivers/STM32G4xx_HAL_Driver/Src/stm32g4xx_hal_rcc.o
                0x08005218                HAL_RCC_GetPCLK1Freq
 .text.HAL_RCC_GetClockConfig
                0x08005244       0x64 ./Drivers/STM32G4xx_HAL_Driver/Src/stm32g4xx_hal_rcc.o
                0x08005244                HAL_RCC_GetClockConfig
 .text.RCC_GetSysClockFreqFromPLLSource
                0x080052a8       0x8c ./Drivers/STM32G4xx_HAL_Driver/Src/stm32g4xx_hal_rcc.o
 .text.HAL_RCCEx_PeriphCLKConfig
                0x08005334      0x49c ./Drivers/STM32G4xx_HAL_Driver/Src/stm32g4xx_hal_rcc_ex.o
                0x08005334                HAL_RCCEx_PeriphCLKConfig
 .text.HAL_TIM_Base_Init
                0x080057d0       0xae ./Drivers/STM32G4xx_HAL_Driver/Src/stm32g4xx_hal_tim.o
                0x080057d0                HAL_TIM_Base_Init
 .text.HAL_TIM_Base_MspInit
                0x0800587e       0x14 ./Drivers/STM32G4xx_HAL_Driver/Src/stm32g4xx_hal_tim.o
                0x0800587e                HAL_TIM_Base_MspInit
 *fill*         0x08005892        0x2 
 .text.HAL_TIM_Base_Start_IT
                0x08005894       0xf0 ./Drivers/STM32G4xx_HAL_Driver/Src/stm32g4xx_hal_tim.o
                0x08005894                HAL_TIM_Base_Start_IT
 .text.HAL_TIM_IRQHandler
                0x08005984      0x29e ./Drivers/STM32G4xx_HAL_Driver/Src/stm32g4xx_hal_tim.o
                0x08005984                HAL_TIM_IRQHandler
 .text.HAL_TIM_OC_DelayElapsedCallback
                0x08005c22       0x14 ./Drivers/STM32G4xx_HAL_Driver/Src/stm32g4xx_hal_tim.o
                0x08005c22                HAL_TIM_OC_DelayElapsedCallback
 .text.HAL_TIM_IC_CaptureCallback
                0x08005c36       0x14 ./Drivers/STM32G4xx_HAL_Driver/Src/stm32g4xx_hal_tim.o
                0x08005c36                HAL_TIM_IC_CaptureCallback
 .text.HAL_TIM_PWM_PulseFinishedCallback
                0x08005c4a       0x14 ./Drivers/STM32G4xx_HAL_Driver/Src/stm32g4xx_hal_tim.o
                0x08005c4a                HAL_TIM_PWM_PulseFinishedCallback
 .text.HAL_TIM_TriggerCallback
                0x08005c5e       0x14 ./Drivers/STM32G4xx_HAL_Driver/Src/stm32g4xx_hal_tim.o
                0x08005c5e                HAL_TIM_TriggerCallback
 *fill*         0x08005c72        0x2 
 .text.TIM_Base_SetConfig
                0x08005c74      0x168 ./Drivers/STM32G4xx_HAL_Driver/Src/stm32g4xx_hal_tim.o
                0x08005c74                TIM_Base_SetConfig
 .text.HAL_TIMEx_CommutCallback
                0x08005ddc       0x14 ./Drivers/STM32G4xx_HAL_Driver/Src/stm32g4xx_hal_tim_ex.o
                0x08005ddc                HAL_TIMEx_CommutCallback
 .text.HAL_TIMEx_BreakCallback
                0x08005df0       0x14 ./Drivers/STM32G4xx_HAL_Driver/Src/stm32g4xx_hal_tim_ex.o
                0x08005df0                HAL_TIMEx_BreakCallback
 .text.HAL_TIMEx_Break2Callback
                0x08005e04       0x14 ./Drivers/STM32G4xx_HAL_Driver/Src/stm32g4xx_hal_tim_ex.o
                0x08005e04                HAL_TIMEx_Break2Callback
 .text.HAL_TIMEx_EncoderIndexCallback
                0x08005e18       0x14 ./Drivers/STM32G4xx_HAL_Driver/Src/stm32g4xx_hal_tim_ex.o
                0x08005e18                HAL_TIMEx_EncoderIndexCallback
 .text.HAL_TIMEx_DirectionChangeCallback
                0x08005e2c       0x14 ./Drivers/STM32G4xx_HAL_Driver/Src/stm32g4xx_hal_tim_ex.o
                0x08005e2c                HAL_TIMEx_DirectionChangeCallback
 .text.HAL_TIMEx_IndexErrorCallback
                0x08005e40       0x14 ./Drivers/STM32G4xx_HAL_Driver/Src/stm32g4xx_hal_tim_ex.o
                0x08005e40                HAL_TIMEx_IndexErrorCallback
 .text.HAL_TIMEx_TransitionErrorCallback
                0x08005e54       0x14 ./Drivers/STM32G4xx_HAL_Driver/Src/stm32g4xx_hal_tim_ex.o
                0x08005e54                HAL_TIMEx_TransitionErrorCallback
 .text.USB_EnableGlobalInt
                0x08005e68       0x2e ./Drivers/STM32G4xx_HAL_Driver/Src/stm32g4xx_ll_usb.o
                0x08005e68                USB_EnableGlobalInt
 .text.USB_DisableGlobalInt
                0x08005e96       0x36 ./Drivers/STM32G4xx_HAL_Driver/Src/stm32g4xx_ll_usb.o
                0x08005e96                USB_DisableGlobalInt
 .text.USB_DevInit
                0x08005ecc       0x3c ./Drivers/STM32G4xx_HAL_Driver/Src/stm32g4xx_ll_usb.o
                0x08005ecc                USB_DevInit
 .text.USB_ActivateEndpoint
                0x08005f08      0x9d0 ./Drivers/STM32G4xx_HAL_Driver/Src/stm32g4xx_ll_usb.o
                0x08005f08                USB_ActivateEndpoint
 .text.USB_DeactivateEndpoint
                0x080068d8      0x3da ./Drivers/STM32G4xx_HAL_Driver/Src/stm32g4xx_ll_usb.o
                0x080068d8                USB_DeactivateEndpoint
 .text.USB_EPStartXfer
                0x08006cb2      0xb5e ./Drivers/STM32G4xx_HAL_Driver/Src/stm32g4xx_ll_usb.o
                0x08006cb2                USB_EPStartXfer
 .text.USB_EPSetStall
                0x08007810       0xa2 ./Drivers/STM32G4xx_HAL_Driver/Src/stm32g4xx_ll_usb.o
                0x08007810                USB_EPSetStall
 .text.USB_EPClearStall
                0x080078b2      0x152 ./Drivers/STM32G4xx_HAL_Driver/Src/stm32g4xx_ll_usb.o
                0x080078b2                USB_EPClearStall
 .text.USB_SetDevAddress
                0x08007a04       0x28 ./Drivers/STM32G4xx_HAL_Driver/Src/stm32g4xx_ll_usb.o
                0x08007a04                USB_SetDevAddress
 .text.USB_DevConnect
                0x08007a2c       0x2e ./Drivers/STM32G4xx_HAL_Driver/Src/stm32g4xx_ll_usb.o
                0x08007a2c                USB_DevConnect
 .text.USB_ReadInterrupts
                0x08007a5a       0x20 ./Drivers/STM32G4xx_HAL_Driver/Src/stm32g4xx_ll_usb.o
                0x08007a5a                USB_ReadInterrupts
 .text.USB_WritePMA
                0x08007a7a       0x86 ./Drivers/STM32G4xx_HAL_Driver/Src/stm32g4xx_ll_usb.o
                0x08007a7a                USB_WritePMA
 .text.USB_ReadPMA
                0x08007b00       0x98 ./Drivers/STM32G4xx_HAL_Driver/Src/stm32g4xx_ll_usb.o
                0x08007b00                USB_ReadPMA
 .text.USBD_CDC_Init
                0x08007b98       0xfe ./Middlewares/ST/STM32_USB_Device_Library/Class/CDC/Src/usbd_cdc.o
 .text.USBD_CDC_DeInit
                0x08007c96       0x74 ./Middlewares/ST/STM32_USB_Device_Library/Class/CDC/Src/usbd_cdc.o
 *fill*         0x08007d0a        0x2 
 .text.USBD_CDC_Setup
                0x08007d0c      0x190 ./Middlewares/ST/STM32_USB_Device_Library/Class/CDC/Src/usbd_cdc.o
 .text.USBD_CDC_DataIn
                0x08007e9c       0xca ./Middlewares/ST/STM32_USB_Device_Library/Class/CDC/Src/usbd_cdc.o
 .text.USBD_CDC_DataOut
                0x08007f66       0x56 ./Middlewares/ST/STM32_USB_Device_Library/Class/CDC/Src/usbd_cdc.o
 .text.USBD_CDC_EP0_RxReady
                0x08007fbc       0x58 ./Middlewares/ST/STM32_USB_Device_Library/Class/CDC/Src/usbd_cdc.o
 .text.USBD_CDC_GetFSCfgDesc
                0x08008014       0x20 ./Middlewares/ST/STM32_USB_Device_Library/Class/CDC/Src/usbd_cdc.o
 .text.USBD_CDC_GetHSCfgDesc
                0x08008034       0x20 ./Middlewares/ST/STM32_USB_Device_Library/Class/CDC/Src/usbd_cdc.o
 .text.USBD_CDC_GetOtherSpeedCfgDesc
                0x08008054       0x20 ./Middlewares/ST/STM32_USB_Device_Library/Class/CDC/Src/usbd_cdc.o
 .text.USBD_CDC_GetDeviceQualifierDescriptor
                0x08008074       0x20 ./Middlewares/ST/STM32_USB_Device_Library/Class/CDC/Src/usbd_cdc.o
                0x08008074                USBD_CDC_GetDeviceQualifierDescriptor
 .text.USBD_CDC_RegisterInterface
                0x08008094       0x2a ./Middlewares/ST/STM32_USB_Device_Library/Class/CDC/Src/usbd_cdc.o
                0x08008094                USBD_CDC_RegisterInterface
 .text.USBD_CDC_SetTxBuffer
                0x080080be       0x3c ./Middlewares/ST/STM32_USB_Device_Library/Class/CDC/Src/usbd_cdc.o
                0x080080be                USBD_CDC_SetTxBuffer
 .text.USBD_CDC_SetRxBuffer
                0x080080fa       0x32 ./Middlewares/ST/STM32_USB_Device_Library/Class/CDC/Src/usbd_cdc.o
                0x080080fa                USBD_CDC_SetRxBuffer
 .text.USBD_CDC_TransmitPacket
                0x0800812c       0x60 ./Middlewares/ST/STM32_USB_Device_Library/Class/CDC/Src/usbd_cdc.o
                0x0800812c                USBD_CDC_TransmitPacket
 .text.USBD_CDC_ReceivePacket
                0x0800818c       0x54 ./Middlewares/ST/STM32_USB_Device_Library/Class/CDC/Src/usbd_cdc.o
                0x0800818c                USBD_CDC_ReceivePacket
 .text.USBD_Init
                0x080081e0       0x60 ./Middlewares/ST/STM32_USB_Device_Library/Core/Src/usbd_core.o
                0x080081e0                USBD_Init
 .text.USBD_RegisterClass
                0x08008240       0x4e ./Middlewares/ST/STM32_USB_Device_Library/Core/Src/usbd_core.o
                0x08008240                USBD_RegisterClass
 .text.USBD_Start
                0x0800828e       0x18 ./Middlewares/ST/STM32_USB_Device_Library/Core/Src/usbd_core.o
                0x0800828e                USBD_Start
 .text.USBD_RunTestMode
                0x080082a6       0x16 ./Middlewares/ST/STM32_USB_Device_Library/Core/Src/usbd_core.o
                0x080082a6                USBD_RunTestMode
 .text.USBD_SetClassConfig
                0x080082bc       0x38 ./Middlewares/ST/STM32_USB_Device_Library/Core/Src/usbd_core.o
                0x080082bc                USBD_SetClassConfig
 .text.USBD_ClrClassConfig
                0x080082f4       0x30 ./Middlewares/ST/STM32_USB_Device_Library/Core/Src/usbd_core.o
                0x080082f4                USBD_ClrClassConfig
 .text.USBD_LL_SetupStage
                0x08008324       0xaa ./Middlewares/ST/STM32_USB_Device_Library/Core/Src/usbd_core.o
                0x08008324                USBD_LL_SetupStage
 .text.USBD_LL_DataOutStage
                0x080083ce       0xc6 ./Middlewares/ST/STM32_USB_Device_Library/Core/Src/usbd_core.o
                0x080083ce                USBD_LL_DataOutStage
 .text.USBD_LL_DataInStage
                0x08008494      0x12c ./Middlewares/ST/STM32_USB_Device_Library/Core/Src/usbd_core.o
                0x08008494                USBD_LL_DataInStage
 .text.USBD_LL_Reset
                0x080085c0       0x9c ./Middlewares/ST/STM32_USB_Device_Library/Core/Src/usbd_core.o
                0x080085c0                USBD_LL_Reset
 .text.USBD_LL_SetSpeed
                0x0800865c       0x20 ./Middlewares/ST/STM32_USB_Device_Library/Core/Src/usbd_core.o
                0x0800865c                USBD_LL_SetSpeed
 .text.USBD_LL_Suspend
                0x0800867c       0x2c ./Middlewares/ST/STM32_USB_Device_Library/Core/Src/usbd_core.o
                0x0800867c                USBD_LL_Suspend
 .text.USBD_LL_Resume
                0x080086a8       0x30 ./Middlewares/ST/STM32_USB_Device_Library/Core/Src/usbd_core.o
                0x080086a8                USBD_LL_Resume
 .text.USBD_LL_SOF
                0x080086d8       0x44 ./Middlewares/ST/STM32_USB_Device_Library/Core/Src/usbd_core.o
                0x080086d8                USBD_LL_SOF
 .text.SWAPBYTE
                0x0800871c       0x3e ./Middlewares/ST/STM32_USB_Device_Library/Core/Src/usbd_ctlreq.o
 *fill*         0x0800875a        0x2 
 .text.USBD_StdDevReq
                0x0800875c       0xdc ./Middlewares/ST/STM32_USB_Device_Library/Core/Src/usbd_ctlreq.o
                0x0800875c                USBD_StdDevReq
 .text.USBD_StdItfReq
                0x08008838       0x92 ./Middlewares/ST/STM32_USB_Device_Library/Core/Src/usbd_ctlreq.o
                0x08008838                USBD_StdItfReq
 .text.USBD_StdEPReq
                0x080088ca      0x2c4 ./Middlewares/ST/STM32_USB_Device_Library/Core/Src/usbd_ctlreq.o
                0x080088ca                USBD_StdEPReq
 *fill*         0x08008b8e        0x2 
 .text.USBD_GetDescriptor
                0x08008b90      0x328 ./Middlewares/ST/STM32_USB_Device_Library/Core/Src/usbd_ctlreq.o
 .text.USBD_SetAddress
                0x08008eb8       0x88 ./Middlewares/ST/STM32_USB_Device_Library/Core/Src/usbd_ctlreq.o
 .text.USBD_SetConfig
                0x08008f40      0x14c ./Middlewares/ST/STM32_USB_Device_Library/Core/Src/usbd_ctlreq.o
 .text.USBD_GetConfig
                0x0800908c       0x6c ./Middlewares/ST/STM32_USB_Device_Library/Core/Src/usbd_ctlreq.o
 .text.USBD_GetStatus
                0x080090f8       0x68 ./Middlewares/ST/STM32_USB_Device_Library/Core/Src/usbd_ctlreq.o
 .text.USBD_SetFeature
                0x08009160       0x28 ./Middlewares/ST/STM32_USB_Device_Library/Core/Src/usbd_ctlreq.o
 .text.USBD_ClrFeature
                0x08009188       0x44 ./Middlewares/ST/STM32_USB_Device_Library/Core/Src/usbd_ctlreq.o
 .text.USBD_ParseSetupRequest
                0x080091cc       0x74 ./Middlewares/ST/STM32_USB_Device_Library/Core/Src/usbd_ctlreq.o
                0x080091cc                USBD_ParseSetupRequest
 .text.USBD_CtlError
                0x08009240       0x22 ./Middlewares/ST/STM32_USB_Device_Library/Core/Src/usbd_ctlreq.o
                0x08009240                USBD_CtlError
 .text.USBD_GetString
                0x08009262       0x8c ./Middlewares/ST/STM32_USB_Device_Library/Core/Src/usbd_ctlreq.o
                0x08009262                USBD_GetString
 .text.USBD_GetLen
                0x080092ee       0x34 ./Middlewares/ST/STM32_USB_Device_Library/Core/Src/usbd_ctlreq.o
 .text.USBD_CtlSendData
                0x08009322       0x36 ./Middlewares/ST/STM32_USB_Device_Library/Core/Src/usbd_ioreq.o
                0x08009322                USBD_CtlSendData
 .text.USBD_CtlContinueSendData
                0x08009358       0x22 ./Middlewares/ST/STM32_USB_Device_Library/Core/Src/usbd_ioreq.o
                0x08009358                USBD_CtlContinueSendData
 .text.USBD_CtlPrepareRx
                0x0800937a       0x3a ./Middlewares/ST/STM32_USB_Device_Library/Core/Src/usbd_ioreq.o
                0x0800937a                USBD_CtlPrepareRx
 .text.USBD_CtlContinueRx
                0x080093b4       0x22 ./Middlewares/ST/STM32_USB_Device_Library/Core/Src/usbd_ioreq.o
                0x080093b4                USBD_CtlContinueRx
 .text.USBD_CtlSendStatus
                0x080093d6       0x26 ./Middlewares/ST/STM32_USB_Device_Library/Core/Src/usbd_ioreq.o
                0x080093d6                USBD_CtlSendStatus
 .text.USBD_CtlReceiveStatus
                0x080093fc       0x26 ./Middlewares/ST/STM32_USB_Device_Library/Core/Src/usbd_ioreq.o
                0x080093fc                USBD_CtlReceiveStatus
 .text.vListInitialise
                0x08009422       0x40 ./ThirdParty/FreeRTOS/list.o
                0x08009422                vListInitialise
 .text.vListInitialiseItem
                0x08009462       0x1a ./ThirdParty/FreeRTOS/list.o
                0x08009462                vListInitialiseItem
 .text.vListInsert
                0x0800947c       0x72 ./ThirdParty/FreeRTOS/list.o
                0x0800947c                vListInsert
 .text.uxListRemove
                0x080094ee       0x54 ./ThirdParty/FreeRTOS/list.o
                0x080094ee                uxListRemove
 *fill*         0x08009542        0x2 
 .text.xQueueGenericReset
                0x08009544      0x124 ./ThirdParty/FreeRTOS/queue.o
                0x08009544                xQueueGenericReset
 .text.xQueueGenericCreate
                0x08009668       0x9e ./ThirdParty/FreeRTOS/queue.o
                0x08009668                xQueueGenericCreate
 .text.prvInitialiseNewQueue
                0x08009706       0x46 ./ThirdParty/FreeRTOS/queue.o
 .text.xQueueGenericSend
                0x0800974c      0x1d4 ./ThirdParty/FreeRTOS/queue.o
                0x0800974c                xQueueGenericSend
 .text.xQueueGenericSendFromISR
                0x08009920      0x16c ./ThirdParty/FreeRTOS/queue.o
                0x08009920                xQueueGenericSendFromISR
 .text.xQueueReceive
                0x08009a8c      0x194 ./ThirdParty/FreeRTOS/queue.o
                0x08009a8c                xQueueReceive
 .text.prvCopyDataToQueue
                0x08009c20       0xd4 ./ThirdParty/FreeRTOS/queue.o
 .text.prvCopyDataFromQueue
                0x08009cf4       0x4c ./ThirdParty/FreeRTOS/queue.o
 .text.prvUnlockQueue
                0x08009d40       0xa4 ./ThirdParty/FreeRTOS/queue.o
 .text.prvIsQueueEmpty
                0x08009de4       0x2c ./ThirdParty/FreeRTOS/queue.o
 .text.prvIsQueueFull
                0x08009e10       0x30 ./ThirdParty/FreeRTOS/queue.o
 .text.prvCreateTask
                0x08009e40       0x78 ./ThirdParty/FreeRTOS/tasks.o
 .text.xTaskCreate
                0x08009eb8       0x46 ./ThirdParty/FreeRTOS/tasks.o
                0x08009eb8                xTaskCreate
 .text.prvInitialiseNewTask
                0x08009efe      0x120 ./ThirdParty/FreeRTOS/tasks.o
 *fill*         0x0800a01e        0x2 
 .text.prvAddNewTaskToReadyList
                0x0800a020      0x12c ./ThirdParty/FreeRTOS/tasks.o
 .text.vTaskDelay
                0x0800a14c       0x6c ./ThirdParty/FreeRTOS/tasks.o
                0x0800a14c                vTaskDelay
 .text.prvCreateIdleTasks
                0x0800a1b8       0x94 ./ThirdParty/FreeRTOS/tasks.o
 .text.vTaskStartScheduler
                0x0800a24c       0x7c ./ThirdParty/FreeRTOS/tasks.o
                0x0800a24c                vTaskStartScheduler
 .text.vTaskSuspendAll
                0x0800a2c8       0x1c ./ThirdParty/FreeRTOS/tasks.o
                0x0800a2c8                vTaskSuspendAll
 .text.xTaskResumeAll
                0x0800a2e4      0x20c ./ThirdParty/FreeRTOS/tasks.o
                0x0800a2e4                xTaskResumeAll
 .text.uxTaskGetNumberOfTasks
                0x0800a4f0       0x18 ./ThirdParty/FreeRTOS/tasks.o
                0x0800a4f0                uxTaskGetNumberOfTasks
 .text.xTaskIncrementTick
                0x0800a508      0x230 ./ThirdParty/FreeRTOS/tasks.o
                0x0800a508                xTaskIncrementTick
 .text.vTaskSwitchContext
                0x0800a738       0xbc ./ThirdParty/FreeRTOS/tasks.o
                0x0800a738                vTaskSwitchContext
 .text.vTaskPlaceOnEventList
                0x0800a7f4       0x4c ./ThirdParty/FreeRTOS/tasks.o
                0x0800a7f4                vTaskPlaceOnEventList
 .text.xTaskRemoveFromEventList
                0x0800a840      0x1b0 ./ThirdParty/FreeRTOS/tasks.o
                0x0800a840                xTaskRemoveFromEventList
 .text.vTaskInternalSetTimeOutState
                0x0800a9f0       0x2c ./ThirdParty/FreeRTOS/tasks.o
                0x0800a9f0                vTaskInternalSetTimeOutState
 .text.xTaskCheckForTimeOut
                0x0800aa1c       0xd0 ./ThirdParty/FreeRTOS/tasks.o
                0x0800aa1c                xTaskCheckForTimeOut
 .text.vTaskMissedYield
                0x0800aaec       0x18 ./ThirdParty/FreeRTOS/tasks.o
                0x0800aaec                vTaskMissedYield
 .text.prvIdleTask
                0x0800ab04       0x30 ./ThirdParty/FreeRTOS/tasks.o
 .text.prvInitialiseTaskLists
                0x0800ab34       0x80 ./ThirdParty/FreeRTOS/tasks.o
 .text.prvCheckTasksWaitingTermination
                0x0800abb4       0x5c ./ThirdParty/FreeRTOS/tasks.o
 .text.prvDeleteTCB
                0x0800ac10       0x20 ./ThirdParty/FreeRTOS/tasks.o
 .text.prvResetNextTaskUnblockTime
                0x0800ac30       0x38 ./ThirdParty/FreeRTOS/tasks.o
 .text.xTaskPriorityDisinherit
                0x0800ac68      0x14c ./ThirdParty/FreeRTOS/tasks.o
                0x0800ac68                xTaskPriorityDisinherit
 .text.prvAddCurrentTaskToDelayedList
                0x0800adb4      0x104 ./ThirdParty/FreeRTOS/tasks.o
 .text.pxPortInitialiseStack
                0x0800aeb8       0x68 ./ThirdParty/FreeRTOS/portable/GCC/ARM_CM4F/port.o
                0x0800aeb8                pxPortInitialiseStack
 .text.prvTaskExitError
                0x0800af20       0x5c ./ThirdParty/FreeRTOS/portable/GCC/ARM_CM4F/port.o
 *fill*         0x0800af7c        0x4 
 .text.SVC_Handler
                0x0800af80       0x28 ./ThirdParty/FreeRTOS/portable/GCC/ARM_CM4F/port.o
                0x0800af80                SVC_Handler
 .text.prvPortStartFirstTask
                0x0800afa8       0x2c ./ThirdParty/FreeRTOS/portable/GCC/ARM_CM4F/port.o
 .text.xPortStartScheduler
                0x0800afd4      0x1e0 ./ThirdParty/FreeRTOS/portable/GCC/ARM_CM4F/port.o
                0x0800afd4                xPortStartScheduler
 .text.vPortEnterCritical
                0x0800b1b4       0x64 ./ThirdParty/FreeRTOS/portable/GCC/ARM_CM4F/port.o
                0x0800b1b4                vPortEnterCritical
 .text.vPortExitCritical
                0x0800b218       0x54 ./ThirdParty/FreeRTOS/portable/GCC/ARM_CM4F/port.o
                0x0800b218                vPortExitCritical
 *fill*         0x0800b26c        0x4 
 .text.PendSV_Handler
                0x0800b270       0x68 ./ThirdParty/FreeRTOS/portable/GCC/ARM_CM4F/port.o
                0x0800b270                PendSV_Handler
 .text.SysTick_Handler
                0x0800b2d8       0x44 ./ThirdParty/FreeRTOS/portable/GCC/ARM_CM4F/port.o
                0x0800b2d8                SysTick_Handler
 .text.vPortSetupTimerInterrupt
                0x0800b31c       0x48 ./ThirdParty/FreeRTOS/portable/GCC/ARM_CM4F/port.o
                0x0800b31c                vPortSetupTimerInterrupt
 .text.vPortEnableVFP
                0x0800b364       0x18 ./ThirdParty/FreeRTOS/portable/GCC/ARM_CM4F/port.o
 .text.vPortValidateInterruptPriority
                0x0800b37c       0x84 ./ThirdParty/FreeRTOS/portable/GCC/ARM_CM4F/port.o
                0x0800b37c                vPortValidateInterruptPriority
 .text.pvPortMalloc
                0x0800b400      0x264 ./ThirdParty/FreeRTOS/portable/MemMang/heap_4.o
                0x0800b400                pvPortMalloc
 .text.vPortFree
                0x0800b664       0xec ./ThirdParty/FreeRTOS/portable/MemMang/heap_4.o
                0x0800b664                vPortFree
 .text.prvHeapInit
                0x0800b750       0xb4 ./ThirdParty/FreeRTOS/portable/MemMang/heap_4.o
 .text.prvInsertBlockIntoFreeList
                0x0800b804       0xf4 ./ThirdParty/FreeRTOS/portable/MemMang/heap_4.o
 .text.MX_USB_Device_Init
                0x0800b8f8       0x60 ./USB_Device/App/usb_device.o
                0x0800b8f8                MX_USB_Device_Init
 .text.CDC_Init_FS
                0x0800b958       0x28 ./USB_Device/App/usbd_cdc_if.o
 .text.CDC_DeInit_FS
                0x0800b980       0x10 ./USB_Device/App/usbd_cdc_if.o
 .text.CDC_Control_FS
                0x0800b990       0xbc ./USB_Device/App/usbd_cdc_if.o
 .text.CDC_Receive_FS
                0x0800ba4c       0x88 ./USB_Device/App/usbd_cdc_if.o
 .text.CDC_Transmit_FS
                0x0800bad4       0x4c ./USB_Device/App/usbd_cdc_if.o
                0x0800bad4                CDC_Transmit_FS
 .text.CDC_TransmitCplt_FS
                0x0800bb20       0x22 ./USB_Device/App/usbd_cdc_if.o
 *fill*         0x0800bb42        0x2 
 .text.USBD_CDC_DeviceDescriptor
                0x0800bb44       0x24 ./USB_Device/App/usbd_desc.o
                0x0800bb44                USBD_CDC_DeviceDescriptor
 .text.USBD_CDC_LangIDStrDescriptor
                0x0800bb68       0x24 ./USB_Device/App/usbd_desc.o
                0x0800bb68                USBD_CDC_LangIDStrDescriptor
 .text.USBD_CDC_ProductStrDescriptor
                0x0800bb8c       0x3c ./USB_Device/App/usbd_desc.o
                0x0800bb8c                USBD_CDC_ProductStrDescriptor
 .text.USBD_CDC_ManufacturerStrDescriptor
                0x0800bbc8       0x28 ./USB_Device/App/usbd_desc.o
                0x0800bbc8                USBD_CDC_ManufacturerStrDescriptor
 .text.USBD_CDC_SerialStrDescriptor
                0x0800bbf0       0x24 ./USB_Device/App/usbd_desc.o
                0x0800bbf0                USBD_CDC_SerialStrDescriptor
 .text.USBD_CDC_ConfigStrDescriptor
                0x0800bc14       0x3c ./USB_Device/App/usbd_desc.o
                0x0800bc14                USBD_CDC_ConfigStrDescriptor
 .text.USBD_CDC_InterfaceStrDescriptor
                0x0800bc50       0x3c ./USB_Device/App/usbd_desc.o
                0x0800bc50                USBD_CDC_InterfaceStrDescriptor
 .text.Get_SerialNum
                0x0800bc8c       0x58 ./USB_Device/App/usbd_desc.o
 .text.IntToUnicode
                0x0800bce4       0x7e ./USB_Device/App/usbd_desc.o
 *fill*         0x0800bd62        0x2 
 .text.HAL_PCD_MspInit
                0x0800bd64       0x78 ./USB_Device/Target/usbd_conf.o
                0x0800bd64                HAL_PCD_MspInit
 .text.HAL_PCD_SetupStageCallback
                0x0800bddc       0x24 ./USB_Device/Target/usbd_conf.o
                0x0800bddc                HAL_PCD_SetupStageCallback
 .text.HAL_PCD_DataOutStageCallback
                0x0800be00       0x36 ./USB_Device/Target/usbd_conf.o
                0x0800be00                HAL_PCD_DataOutStageCallback
 .text.HAL_PCD_DataInStageCallback
                0x0800be36       0x34 ./USB_Device/Target/usbd_conf.o
                0x0800be36                HAL_PCD_DataInStageCallback
 .text.HAL_PCD_SOFCallback
                0x0800be6a       0x1c ./USB_Device/Target/usbd_conf.o
                0x0800be6a                HAL_PCD_SOFCallback
 .text.HAL_PCD_ResetCallback
                0x0800be86       0x3c ./USB_Device/Target/usbd_conf.o
                0x0800be86                HAL_PCD_ResetCallback
 *fill*         0x0800bec2        0x2 
 .text.HAL_PCD_SuspendCallback
                0x0800bec4       0x34 ./USB_Device/Target/usbd_conf.o
                0x0800bec4                HAL_PCD_SuspendCallback
 .text.HAL_PCD_ResumeCallback
                0x0800bef8       0x38 ./USB_Device/Target/usbd_conf.o
                0x0800bef8                HAL_PCD_ResumeCallback
 .text.USBD_LL_Init
                0x0800bf30       0xc0 ./USB_Device/Target/usbd_conf.o
                0x0800bf30                USBD_LL_Init
 .text.USBD_LL_Start
                0x0800bff0       0x36 ./USB_Device/Target/usbd_conf.o
                0x0800bff0                USBD_LL_Start
 .text.USBD_LL_OpenEP
                0x0800c026       0x4c ./USB_Device/Target/usbd_conf.o
                0x0800c026                USBD_LL_OpenEP
 .text.USBD_LL_CloseEP
                0x0800c072       0x3e ./USB_Device/Target/usbd_conf.o
                0x0800c072                USBD_LL_CloseEP
 .text.USBD_LL_StallEP
                0x0800c0b0       0x3e ./USB_Device/Target/usbd_conf.o
                0x0800c0b0                USBD_LL_StallEP
 .text.USBD_LL_ClearStallEP
                0x0800c0ee       0x3e ./USB_Device/Target/usbd_conf.o
                0x0800c0ee                USBD_LL_ClearStallEP
 .text.USBD_LL_IsStallEP
                0x0800c12c       0x58 ./USB_Device/Target/usbd_conf.o
                0x0800c12c                USBD_LL_IsStallEP
 .text.USBD_LL_SetUSBAddress
                0x0800c184       0x3e ./USB_Device/Target/usbd_conf.o
                0x0800c184                USBD_LL_SetUSBAddress
 .text.USBD_LL_Transmit
                0x0800c1c2       0x42 ./USB_Device/Target/usbd_conf.o
                0x0800c1c2                USBD_LL_Transmit
 .text.USBD_LL_PrepareReceive
                0x0800c204       0x42 ./USB_Device/Target/usbd_conf.o
                0x0800c204                USBD_LL_PrepareReceive
 .text.USBD_LL_GetRxDataSize
                0x0800c246       0x26 ./USB_Device/Target/usbd_conf.o
                0x0800c246                USBD_LL_GetRxDataSize
 .text.HAL_PCDEx_LPM_Callback
                0x0800c26c       0x6c ./USB_Device/Target/usbd_conf.o
                0x0800c26c                HAL_PCDEx_LPM_Callback
 .text.USBD_static_malloc
                0x0800c2d8       0x1c ./USB_Device/Target/usbd_conf.o
                0x0800c2d8                USBD_static_malloc
 .text.USBD_static_free
                0x0800c2f4       0x14 ./USB_Device/Target/usbd_conf.o
                0x0800c2f4                USBD_static_free
 .text.SystemClockConfig_Resume
                0x0800c308        0xc ./USB_Device/Target/usbd_conf.o
 .text.USBD_Get_USB_Status
                0x0800c314       0x58 ./USB_Device/Target/usbd_conf.o
 .text.snprintf
                0x0800c36c       0x6c C:/ST/STM32CubeIDE_1.18.1/STM32CubeIDE/plugins/com.st.stm32cube.ide.mcu.externaltools.gnu-tools-for-stm32.13.3.rel1.win32_1.0.100.202509120712/tools/bin/../lib/gcc/arm-none-eabi/13.3.1/../../../../arm-none-eabi/lib/thumb/v7e-m+fp/hard\libc_nano.a(libc_a-snprintf.o)
                0x0800c36c                sniprintf
                0x0800c36c                snprintf
 .text.memset   0x0800c3d8       0x10 C:/ST/STM32CubeIDE_1.18.1/STM32CubeIDE/plugins/com.st.stm32cube.ide.mcu.externaltools.gnu-tools-for-stm32.13.3.rel1.win32_1.0.100.202509120712/tools/bin/../lib/gcc/arm-none-eabi/13.3.1/../../../../arm-none-eabi/lib/thumb/v7e-m+fp/hard\libc_nano.a(libc_a-memset.o)
                0x0800c3d8                memset
 .text.__errno  0x0800c3e8        0xc C:/ST/STM32CubeIDE_1.18.1/STM32CubeIDE/plugins/com.st.stm32cube.ide.mcu.externaltools.gnu-tools-for-stm32.13.3.rel1.win32_1.0.100.202509120712/tools/bin/../lib/gcc/arm-none-eabi/13.3.1/../../../../arm-none-eabi/lib/thumb/v7e-m+fp/hard\libc_nano.a(libc_a-errno.o)
                0x0800c3e8                __errno
 .text.__libc_init_array
                0x0800c3f4       0x48 C:/ST/STM32CubeIDE_1.18.1/STM32CubeIDE/plugins/com.st.stm32cube.ide.mcu.externaltools.gnu-tools-for-stm32.13.3.rel1.win32_1.0.100.202509120712/tools/bin/../lib/gcc/arm-none-eabi/13.3.1/../../../../arm-none-eabi/lib/thumb/v7e-m+fp/hard\libc_nano.a(libc_a-init.o)
                0x0800c3f4                __libc_init_array
 .text.__retarget_lock_acquire_recursive
                0x0800c43c        0x2 C:/ST/STM32CubeIDE_1.18.1/STM32CubeIDE/plugins/com.st.stm32cube.ide.mcu.externaltools.gnu-tools-for-stm32.13.3.rel1.win32_1.0.100.202509120712/tools/bin/../lib/gcc/arm-none-eabi/13.3.1/../../../../arm-none-eabi/lib/thumb/v7e-m+fp/hard\libc_nano.a(libc_a-lock.o)
                0x0800c43c                __retarget_lock_acquire_recursive
 .text.__retarget_lock_release_recursive
                0x0800c43e        0x2 C:/ST/STM32CubeIDE_1.18.1/STM32CubeIDE/plugins/com.st.stm32cube.ide.mcu.externaltools.gnu-tools-for-stm32.13.3.rel1.win32_1.0.100.202509120712/tools/bin/../lib/gcc/arm-none-eabi/13.3.1/../../../../arm-none-eabi/lib/thumb/v7e-m+fp/hard\libc_nano.a(libc_a-lock.o)
                0x0800c43e                __retarget_lock_release_recursive
 .text.memcpy   0x0800c440       0x1c C:/ST/STM32CubeIDE_1.18.1/STM32CubeIDE/plugins/com.st.stm32cube.ide.mcu.externaltools.gnu-tools-for-stm32.13.3.rel1.win32_1.0.100.202509120712/tools/bin/../lib/gcc/arm-none-eabi/13.3.1/../../../../arm-none-eabi/lib/thumb/v7e-m+fp/hard\libc_nano.a(libc_a-memcpy-stub.o)
                0x0800c440                memcpy
 .text._free_r  0x0800c45c       0x94 C:/ST/STM32CubeIDE_1.18.1/STM32CubeIDE/plugins/com.st.stm32cube.ide.mcu.externaltools.gnu-tools-for-stm32.13.3.rel1.win32_1.0.100.202509120712/tools/bin/../lib/gcc/arm-none-eabi/13.3.1/../../../../arm-none-eabi/lib/thumb/v7e-m+fp/hard\libc_nano.a(libc_a-freer.o)
                0x0800c45c                _free_r
 .text.sbrk_aligned
                0x0800c4f0       0x44 C:/ST/STM32CubeIDE_1.18.1/STM32CubeIDE/plugins/com.st.stm32cube.ide.mcu.externaltools.gnu-tools-for-stm32.13.3.rel1.win32_1.0.100.202509120712/tools/bin/../lib/gcc/arm-none-eabi/13.3.1/../../../../arm-none-eabi/lib/thumb/v7e-m+fp/hard\libc_nano.a(libc_a-mallocr.o)
 .text._malloc_r
                0x0800c534      0x100 C:/ST/STM32CubeIDE_1.18.1/STM32CubeIDE/plugins/com.st.stm32cube.ide.mcu.externaltools.gnu-tools-for-stm32.13.3.rel1.win32_1.0.100.202509120712/tools/bin/../lib/gcc/arm-none-eabi/13.3.1/../../../../arm-none-eabi/lib/thumb/v7e-m+fp/hard\libc_nano.a(libc_a-mallocr.o)
                0x0800c534                _malloc_r
 .text.__malloc_lock
                0x0800c634        0xc C:/ST/STM32CubeIDE_1.18.1/STM32CubeIDE/plugins/com.st.stm32cube.ide.mcu.externaltools.gnu-tools-for-stm32.13.3.rel1.win32_1.0.100.202509120712/tools/bin/../lib/gcc/arm-none-eabi/13.3.1/../../../../arm-none-eabi/lib/thumb/v7e-m+fp/hard\libc_nano.a(libc_a-mlock.o)
                0x0800c634                __malloc_lock
 .text.__malloc_unlock
                0x0800c640        0xc C:/ST/STM32CubeIDE_1.18.1/STM32CubeIDE/plugins/com.st.stm32cube.ide.mcu.externaltools.gnu-tools-for-stm32.13.3.rel1.win32_1.0.100.202509120712/tools/bin/../lib/gcc/arm-none-eabi/13.3.1/../../../../arm-none-eabi/lib/thumb/v7e-m+fp/hard\libc_nano.a(libc_a-mlock.o)
                0x0800c640                __malloc_unlock
 .text.__ssputs_r
                0x0800c64c       0xb6 C:/ST/STM32CubeIDE_1.18.1/STM32CubeIDE/plugins/com.st.stm32cube.ide.mcu.externaltools.gnu-tools-for-stm32.13.3.rel1.win32_1.0.100.202509120712/tools/bin/../lib/gcc/arm-none-eabi/13.3.1/../../../../arm-none-eabi/lib/thumb/v7e-m+fp/hard\libc_nano.a(libc_a-nano-svfprintf.o)
                0x0800c64c                __ssputs_r
 *fill*         0x0800c702        0x2 
 .text._svfprintf_r
                0x0800c704      0x1f8 C:/ST/STM32CubeIDE_1.18.1/STM32CubeIDE/plugins/com.st.stm32cube.ide.mcu.externaltools.gnu-tools-for-stm32.13.3.rel1.win32_1.0.100.202509120712/tools/bin/../lib/gcc/arm-none-eabi/13.3.1/../../../../arm-none-eabi/lib/thumb/v7e-m+fp/hard\libc_nano.a(libc_a-nano-svfprintf.o)
                0x0800c704                _svfiprintf_r
                0x0800c704                _svfprintf_r
 .text._printf_common
                0x0800c8fc       0xda C:/ST/STM32CubeIDE_1.18.1/STM32CubeIDE/plugins/com.st.stm32cube.ide.mcu.externaltools.gnu-tools-for-stm32.13.3.rel1.win32_1.0.100.202509120712/tools/bin/../lib/gcc/arm-none-eabi/13.3.1/../../../../arm-none-eabi/lib/thumb/v7e-m+fp/hard\libc_nano.a(libc_a-nano-vfprintf_i.o)
                0x0800c8fc                _printf_common
 *fill*         0x0800c9d6        0x2 
 .text._printf_i
                0x0800c9d8      0x23c C:/ST/STM32CubeIDE_1.18.1/STM32CubeIDE/plugins/com.st.stm32cube.ide.mcu.externaltools.gnu-tools-for-stm32.13.3.rel1.win32_1.0.100.202509120712/tools/bin/../lib/gcc/arm-none-eabi/13.3.1/../../../../arm-none-eabi/lib/thumb/v7e-m+fp/hard\libc_nano.a(libc_a-nano-vfprintf_i.o)
                0x0800c9d8                _printf_i
 .text.memmove  0x0800cc14       0x34 C:/ST/STM32CubeIDE_1.18.1/STM32CubeIDE/plugins/com.st.stm32cube.ide.mcu.externaltools.gnu-tools-for-stm32.13.3.rel1.win32_1.0.100.202509120712/tools/bin/../lib/gcc/arm-none-eabi/13.3.1/../../../../arm-none-eabi/lib/thumb/v7e-m+fp/hard\libc_nano.a(libc_a-memmove.o)
                0x0800cc14                memmove
 .text._sbrk_r  0x0800cc48       0x20 C:/ST/STM32CubeIDE_1.18.1/STM32CubeIDE/plugins/com.st.stm32cube.ide.mcu.externaltools.gnu-tools-for-stm32.13.3.rel1.win32_1.0.100.202509120712/tools/bin/../lib/gcc/arm-none-eabi/13.3.1/../../../../arm-none-eabi/lib/thumb/v7e-m+fp/hard\libc_nano.a(libc_a-sbrkr.o)
                0x0800cc48                _sbrk_r
 .text._realloc_r
                0x0800cc68       0x5c C:/ST/STM32CubeIDE_1.18.1/STM32CubeIDE/plugins/com.st.stm32cube.ide.mcu.externaltools.gnu-tools-for-stm32.13.3.rel1.win32_1.0.100.202509120712/tools/bin/../lib/gcc/arm-none-eabi/13.3.1/../../../../arm-none-eabi/lib/thumb/v7e-m+fp/hard\libc_nano.a(libc_a-reallocr.o)
                0x0800cc68                _realloc_r
 .text._malloc_usable_size_r
                0x0800ccc4       0x10 C:/ST/STM32CubeIDE_1.18.1/STM32CubeIDE/plugins/com.st.stm32cube.ide.mcu.externaltools.gnu-tools-for-stm32.13.3.rel1.win32_1.0.100.202509120712/tools/bin/../lib/gcc/arm-none-eabi/13.3.1/../../../../arm-none-eabi/lib/thumb/v7e-m+fp/hard\libc_nano.a(libc_a-msizer.o)
                0x0800ccc4                _malloc_usable_size_r
 *(.glue_7)
 .glue_7        0x0800ccd4        0x0 linker stubs
 *(.glue_7t)
 .glue_7t       0x0800ccd4        0x0 linker stubs
 *(.eh_frame)
 .eh_frame      0x0800ccd4        0x0 C:/ST/STM32CubeIDE_1.18.1/STM32CubeIDE/plugins/com.st.stm32cube.ide.mcu.externaltools.gnu-tools-for-stm32.13.3.rel1.win32_1.0.100.202509120712/tools/bin/../lib/gcc/arm-none-eabi/13.3.1/thumb/v7e-m+fp/hard/crtbegin.o
 *(.init)
 .init          0x0800ccd4        0x4 C:/ST/STM32CubeIDE_1.18.1/STM32CubeIDE/plugins/com.st.stm32cube.ide.mcu.externaltools.gnu-tools-for-stm32.13.3.rel1.win32_1.0.100.202509120712/tools/bin/../lib/gcc/arm-none-eabi/13.3.1/thumb/v7e-m+fp/hard/crti.o
                0x0800ccd4                _init
 .init          0x0800ccd8        0x8 C:/ST/STM32CubeIDE_1.18.1/STM32CubeIDE/plugins/com.st.stm32cube.ide.mcu.externaltools.gnu-tools-for-stm32.13.3.rel1.win32_1.0.100.202509120712/tools/bin/../lib/gcc/arm-none-eabi/13.3.1/thumb/v7e-m+fp/hard/crtn.o
 *(.fini)
 .fini          0x0800cce0        0x4 C:/ST/STM32CubeIDE_1.18.1/STM32CubeIDE/plugins/com.st.stm32cube.ide.mcu.externaltools.gnu-tools-for-stm32.13.3.rel1.win32_1.0.100.202509120712/tools/bin/../lib/gcc/arm-none-eabi/13.3.1/thumb/v7e-m+fp/hard/crti.o
                0x0800cce0                _fini
 .fini          0x0800cce4        0x8 C:/ST/STM32CubeIDE_1.18.1/STM32CubeIDE/plugins/com.st.stm32cube.ide.mcu.externaltools.gnu-tools-for-stm32.13.3.rel1.win32_1.0.100.202509120712/tools/bin/../lib/gcc/arm-none-eabi/13.3.1/thumb/v7e-m+fp/hard/crtn.o
                0x0800ccec                        . = ALIGN (0x4)
                0x0800ccec                        _etext = .

.vfp11_veneer   0x0800ccec        0x0
 .vfp11_veneer  0x0800ccec        0x0 linker stubs

.v4_bx          0x0800ccec        0x0
 .v4_bx         0x0800ccec        0x0 linker stubs

.iplt           0x0800ccec        0x0
 .iplt          0x0800ccec        0x0 C:/ST/STM32CubeIDE_1.18.1/STM32CubeIDE/plugins/com.st.stm32cube.ide.mcu.externaltools.gnu-tools-for-stm32.13.3.rel1.win32_1.0.100.202509120712/tools/bin/../lib/gcc/arm-none-eabi/13.3.1/thumb/v7e-m+fp/hard/crtbegin.o

.rodata         0x0800ccec      0x220
                0x0800ccec                        . = ALIGN (0x4)
 *(.rodata)
 .rodata        0x0800ccec       0x2b ./Core/App/process.o
 *fill*         0x0800cd17        0x1 
 .rodata        0x0800cd18       0x17 ./Core/Protocol/command.o
 *fill*         0x0800cd2f        0x1 
 .rodata        0x0800cd30        0x5 ./ThirdParty/FreeRTOS/tasks.o
 *fill*         0x0800cd35        0x3 
 .rodata        0x0800cd38       0x46 ./USB_Device/App/usbd_desc.o
 *(.rodata*)
 *fill*         0x0800cd7e        0x2 
 .rodata.baud_table
                0x0800cd80      0x120 ./Core/CAN_Setting/can_setting.o
 .rodata.company_code
                0x0800cea0        0x4 ./Core/Protocol/command.o
                0x0800cea0                company_code
 .rodata.product_code
                0x0800cea4        0x3 ./Core/Protocol/command.o
                0x0800cea4                product_code
 *fill*         0x0800cea7        0x1 
 .rodata.product_type
                0x0800cea8        0x4 ./Core/Protocol/command.o
                0x0800cea8                product_type
 .rodata.AHBPrescTable
                0x0800ceac       0x10 ./Core/Src/system_stm32g4xx.o
                0x0800ceac                AHBPrescTable
 .rodata.APBPrescTable
                0x0800cebc        0x8 ./Core/Src/system_stm32g4xx.o
                0x0800cebc                APBPrescTable
 .rodata.DLCtoBytes
                0x0800cec4       0x10 ./Drivers/STM32G4xx_HAL_Driver/Src/stm32g4xx_hal_fdcan.o
 .rodata.uxTopUsedPriority
                0x0800ced4        0x4 ./ThirdParty/FreeRTOS/tasks.o
 .rodata._svfprintf_r.str1.1
                0x0800ced8       0x33 C:/ST/STM32CubeIDE_1.18.1/STM32CubeIDE/plugins/com.st.stm32cube.ide.mcu.externaltools.gnu-tools-for-stm32.13.3.rel1.win32_1.0.100.202509120712/tools/bin/../lib/gcc/arm-none-eabi/13.3.1/../../../../arm-none-eabi/lib/thumb/v7e-m+fp/hard\libc_nano.a(libc_a-nano-svfprintf.o)
                                 0x11 (size before relaxing)
 .rodata._printf_i.str1.1
                0x0800cf0b        0x0 C:/ST/STM32CubeIDE_1.18.1/STM32CubeIDE/plugins/com.st.stm32cube.ide.mcu.externaltools.gnu-tools-for-stm32.13.3.rel1.win32_1.0.100.202509120712/tools/bin/../lib/gcc/arm-none-eabi/13.3.1/../../../../arm-none-eabi/lib/thumb/v7e-m+fp/hard\libc_nano.a(libc_a-nano-vfprintf_i.o)
                                 0x22 (size before relaxing)
                0x0800cf0c                        . = ALIGN (0x4)
 *fill*         0x0800cf0b        0x1 

.ARM.extab      0x0800cf0c        0x0
                0x0800cf0c                        . = ALIGN (0x4)
 *(.ARM.extab* .gnu.linkonce.armextab.*)
                0x0800cf0c                        . = ALIGN (0x4)

.ARM            0x0800cf0c        0x8
                0x0800cf0c                        . = ALIGN (0x4)
                0x0800cf0c                        __exidx_start = .
 *(.ARM.exidx*)
 .ARM.exidx     0x0800cf0c        0x8 C:/ST/STM32CubeIDE_1.18.1/STM32CubeIDE/plugins/com.st.stm32cube.ide.mcu.externaltools.gnu-tools-for-stm32.13.3.rel1.win32_1.0.100.202509120712/tools/bin/../lib/gcc/arm-none-eabi/13.3.1/../../../../arm-none-eabi/lib/thumb/v7e-m+fp/hard\libc_nano.a(libc_a-memchr.o)
                0x0800cf14                        __exidx_end = .
                0x0800cf14                        . = ALIGN (0x4)

.preinit_array  0x0800cf14        0x0
                0x0800cf14                        . = ALIGN (0x4)
                0x0800cf14                        PROVIDE (__preinit_array_start = .)
 *(.preinit_array*)
                0x0800cf14                        PROVIDE (__preinit_array_end = .)
                0x0800cf14                        . = ALIGN (0x4)

.init_array     0x0800cf14        0x4
                0x0800cf14                        . = ALIGN (0x4)
                0x0800cf14                        PROVIDE (__init_array_start = .)
 *(SORT_BY_NAME(.init_array.*))
 *(.init_array*)
 .init_array    0x0800cf14        0x4 C:/ST/STM32CubeIDE_1.18.1/STM32CubeIDE/plugins/com.st.stm32cube.ide.mcu.externaltools.gnu-tools-for-stm32.13.3.rel1.win32_1.0.100.202509120712/tools/bin/../lib/gcc/arm-none-eabi/13.3.1/thumb/v7e-m+fp/hard/crtbegin.o
                0x0800cf18                        PROVIDE (__init_array_end = .)
                0x0800cf18                        . = ALIGN (0x4)

.fini_array     0x0800cf18        0x4
                0x0800cf18                        . = ALIGN (0x4)
                [!provide]                        PROVIDE (__fini_array_start = .)
 *(SORT_BY_NAME(.fini_array.*))
 *(.fini_array*)
 .fini_array    0x0800cf18        0x4 C:/ST/STM32CubeIDE_1.18.1/STM32CubeIDE/plugins/com.st.stm32cube.ide.mcu.externaltools.gnu-tools-for-stm32.13.3.rel1.win32_1.0.100.202509120712/tools/bin/../lib/gcc/arm-none-eabi/13.3.1/thumb/v7e-m+fp/hard/crtbegin.o
                [!provide]                        PROVIDE (__fini_array_end = .)
                0x0800cf1c                        . = ALIGN (0x4)
                0x0800cf1c                        _sidata = LOADADDR (.data)

.rel.dyn        0x0800cf1c        0x0
 .rel.iplt      0x0800cf1c        0x0 C:/ST/STM32CubeIDE_1.18.1/STM32CubeIDE/plugins/com.st.stm32cube.ide.mcu.externaltools.gnu-tools-for-stm32.13.3.rel1.win32_1.0.100.202509120712/tools/bin/../lib/gcc/arm-none-eabi/13.3.1/thumb/v7e-m+fp/hard/crtbegin.o

.data           0x20000000      0x1dc load address 0x0800cf1c
                0x20000000                        . = ALIGN (0x4)
                0x20000000                        _sdata = .
 *(.data)
 *(.data*)
 .data.current_baud_ch0
                0x20000000        0x1 ./Core/CAN_Setting/can_setting.o
 .data.current_baud_ch1
                0x20000001        0x1 ./Core/CAN_Setting/can_setting.o
 *fill*         0x20000002        0x2 
 .data.SystemCoreClock
                0x20000004        0x4 ./Core/Src/system_stm32g4xx.o
                0x20000004                SystemCoreClock
 .data.uwTickPrio
                0x20000008        0x4 ./Drivers/STM32G4xx_HAL_Driver/Src/stm32g4xx_hal.o
                0x20000008                uwTickPrio
 .data.uwTickFreq
                0x2000000c        0x4 ./Drivers/STM32G4xx_HAL_Driver/Src/stm32g4xx_hal.o
                0x2000000c                uwTickFreq
 .data.USBD_CDC_DeviceQualifierDesc
                0x20000010        0xa ./Middlewares/ST/STM32_USB_Device_Library/Class/CDC/Src/usbd_cdc.o
 *fill*         0x2000001a        0x2 
 .data.USBD_CDC
                0x2000001c       0x38 ./Middlewares/ST/STM32_USB_Device_Library/Class/CDC/Src/usbd_cdc.o
                0x2000001c                USBD_CDC
 .data.USBD_CDC_CfgHSDesc
                0x20000054       0x43 ./Middlewares/ST/STM32_USB_Device_Library/Class/CDC/Src/usbd_cdc.o
 *fill*         0x20000097        0x1 
 .data.USBD_CDC_CfgFSDesc
                0x20000098       0x43 ./Middlewares/ST/STM32_USB_Device_Library/Class/CDC/Src/usbd_cdc.o
 *fill*         0x200000db        0x1 
 .data.USBD_CDC_OtherSpeedCfgDesc
                0x200000dc       0x43 ./Middlewares/ST/STM32_USB_Device_Library/Class/CDC/Src/usbd_cdc.o
 *fill*         0x2000011f        0x1 
 .data.uxCriticalNesting
                0x20000120        0x4 ./ThirdParty/FreeRTOS/portable/GCC/ARM_CM4F/port.o
 .data.USBD_Interface_fops_FS
                0x20000124       0x14 ./USB_Device/App/usbd_cdc_if.o
                0x20000124                USBD_Interface_fops_FS
 .data.CDC_Desc
                0x20000138       0x20 ./USB_Device/App/usbd_desc.o
                0x20000138                CDC_Desc
 .data.USBD_CDC_DeviceDesc
                0x20000158       0x12 ./USB_Device/App/usbd_desc.o
                0x20000158                USBD_CDC_DeviceDesc
 *fill*         0x2000016a        0x2 
 .data.USBD_LangIDDesc
                0x2000016c        0x4 ./USB_Device/App/usbd_desc.o
                0x2000016c                USBD_LangIDDesc
 .data.USBD_StringSerial
                0x20000170       0x1a ./USB_Device/App/usbd_desc.o
                0x20000170                USBD_StringSerial
 *fill*         0x2000018a        0x2 
 .data._impure_ptr
                0x2000018c        0x4 C:/ST/STM32CubeIDE_1.18.1/STM32CubeIDE/plugins/com.st.stm32cube.ide.mcu.externaltools.gnu-tools-for-stm32.13.3.rel1.win32_1.0.100.202509120712/tools/bin/../lib/gcc/arm-none-eabi/13.3.1/../../../../arm-none-eabi/lib/thumb/v7e-m+fp/hard\libc_nano.a(libc_a-impure.o)
                0x2000018c                _impure_ptr
 .data._impure_data
                0x20000190       0x4c C:/ST/STM32CubeIDE_1.18.1/STM32CubeIDE/plugins/com.st.stm32cube.ide.mcu.externaltools.gnu-tools-for-stm32.13.3.rel1.win32_1.0.100.202509120712/tools/bin/../lib/gcc/arm-none-eabi/13.3.1/../../../../arm-none-eabi/lib/thumb/v7e-m+fp/hard\libc_nano.a(libc_a-impure.o)
                0x20000190                _impure_data
 *(.RamFunc)
 *(.RamFunc*)
                0x200001dc                        . = ALIGN (0x4)
                0x200001dc                        _edata = .

.igot.plt       0x200001dc        0x0 load address 0x0800d0f8
 .igot.plt      0x200001dc        0x0 C:/ST/STM32CubeIDE_1.18.1/STM32CubeIDE/plugins/com.st.stm32cube.ide.mcu.externaltools.gnu-tools-for-stm32.13.3.rel1.win32_1.0.100.202509120712/tools/bin/../lib/gcc/arm-none-eabi/13.3.1/thumb/v7e-m+fp/hard/crtbegin.o
                0x200001dc                        . = ALIGN (0x4)

.bss            0x200001dc    0x149fc load address 0x0800d0f8
                0x200001dc                        _sbss = .
                0x200001dc                        __bss_start__ = _sbss
 *(.bss)
 .bss           0x200001dc       0x1c C:/ST/STM32CubeIDE_1.18.1/STM32CubeIDE/plugins/com.st.stm32cube.ide.mcu.externaltools.gnu-tools-for-stm32.13.3.rel1.win32_1.0.100.202509120712/tools/bin/../lib/gcc/arm-none-eabi/13.3.1/thumb/v7e-m+fp/hard/crtbegin.o
 *(.bss*)
 .bss.heartbeatTaskHandle
                0x200001f8        0x4 ./Core/App/process.o
                0x200001f8                heartbeatTaskHandle
 .bss.usbRxTaskHandle
                0x200001fc        0x4 ./Core/App/process.o
                0x200001fc                usbRxTaskHandle
 .bss.ledTaskHandle
                0x20000200        0x4 ./Core/App/process.o
                0x20000200                ledTaskHandle
 .bss.usbRxQueue
                0x20000204        0x4 ./Core/App/process.o
                0x20000204                usbRxQueue
 .bss.usbTxQueue
                0x20000208        0x4 ./Core/App/process.o
                0x20000208                usbTxQueue
 .bss.canRxQueue
                0x2000020c        0x4 ./Core/App/process.o
                0x2000020c                canRxQueue
 .bss.ch0_activity_flag
                0x20000210        0x1 ./Core/App/process.o
                0x20000210                ch0_activity_flag
 .bss.ch1_activity_flag
                0x20000211        0x1 ./Core/App/process.o
                0x20000211                ch1_activity_flag
 *fill*         0x20000212        0x2 
 .bss.task_live_bits
                0x20000214        0x4 ./Core/App/process.o
 .bss.dev_info  0x20000218       0x4e ./Core/Protocol/command.o
 .bss.is_trace_running
                0x20000266        0x1 ./Core/Protocol/command.o
                0x20000266                is_trace_running
 *fill*         0x20000267        0x1 
 .bss.hfdcan2   0x20000268       0x64 ./Core/Src/main.o
                0x20000268                hfdcan2
 .bss.hfdcan3   0x200002cc       0x64 ./Core/Src/main.o
                0x200002cc                hfdcan3
 .bss.hiwdg     0x20000330       0x10 ./Core/Src/main.o
                0x20000330                hiwdg
 .bss.HAL_RCC_FDCAN_CLK_ENABLED
                0x20000340        0x4 ./Core/Src/stm32g4xx_hal_msp.o
 .bss.htim6     0x20000344       0x4c ./Core/Src/stm32g4xx_hal_timebase_tim.o
                0x20000344                htim6
 .bss.__sbrk_heap_end
                0x20000390        0x4 ./Core/Src/sysmem.o
 .bss.uwTick    0x20000394        0x4 ./Drivers/STM32G4xx_HAL_Driver/Src/stm32g4xx_hal.o
                0x20000394                uwTick
 .bss.cfgidx.0  0x20000398        0x1 ./Middlewares/ST/STM32_USB_Device_Library/Core/Src/usbd_ctlreq.o
 *fill*         0x20000399        0x3 
 .bss.pxCurrentTCB
                0x2000039c        0x4 ./ThirdParty/FreeRTOS/tasks.o
                0x2000039c                pxCurrentTCB
 .bss.pxReadyTasksLists
                0x200003a0       0x64 ./ThirdParty/FreeRTOS/tasks.o
 .bss.xDelayedTaskList1
                0x20000404       0x14 ./ThirdParty/FreeRTOS/tasks.o
 .bss.xDelayedTaskList2
                0x20000418       0x14 ./ThirdParty/FreeRTOS/tasks.o
 .bss.pxDelayedTaskList
                0x2000042c        0x4 ./ThirdParty/FreeRTOS/tasks.o
 .bss.pxOverflowDelayedTaskList
                0x20000430        0x4 ./ThirdParty/FreeRTOS/tasks.o
 .bss.xPendingReadyList
                0x20000434       0x14 ./ThirdParty/FreeRTOS/tasks.o
 .bss.xTasksWaitingTermination
                0x20000448       0x14 ./ThirdParty/FreeRTOS/tasks.o
 .bss.uxDeletedTasksWaitingCleanUp
                0x2000045c        0x4 ./ThirdParty/FreeRTOS/tasks.o
 .bss.xSuspendedTaskList
                0x20000460       0x14 ./ThirdParty/FreeRTOS/tasks.o
 .bss.uxCurrentNumberOfTasks
                0x20000474        0x4 ./ThirdParty/FreeRTOS/tasks.o
 .bss.xTickCount
                0x20000478        0x4 ./ThirdParty/FreeRTOS/tasks.o
 .bss.uxTopReadyPriority
                0x2000047c        0x4 ./ThirdParty/FreeRTOS/tasks.o
 .bss.xSchedulerRunning
                0x20000480        0x4 ./ThirdParty/FreeRTOS/tasks.o
 .bss.xPendedTicks
                0x20000484        0x4 ./ThirdParty/FreeRTOS/tasks.o
 .bss.xYieldPendings
                0x20000488        0x4 ./ThirdParty/FreeRTOS/tasks.o
 .bss.xNumOfOverflows
                0x2000048c        0x4 ./ThirdParty/FreeRTOS/tasks.o
 .bss.uxTaskNumber
                0x20000490        0x4 ./ThirdParty/FreeRTOS/tasks.o
 .bss.xNextTaskUnblockTime
                0x20000494        0x4 ./ThirdParty/FreeRTOS/tasks.o
 .bss.xIdleTaskHandles
                0x20000498        0x4 ./ThirdParty/FreeRTOS/tasks.o
 .bss.uxSchedulerSuspended
                0x2000049c        0x4 ./ThirdParty/FreeRTOS/tasks.o
 .bss.ucMaxSysCallPriority
                0x200004a0        0x1 ./ThirdParty/FreeRTOS/portable/GCC/ARM_CM4F/port.o
 *fill*         0x200004a1        0x3 
 .bss.ulMaxPRIGROUPValue
                0x200004a4        0x4 ./ThirdParty/FreeRTOS/portable/GCC/ARM_CM4F/port.o
 .bss.ucHeap    0x200004a8    0x12c00 ./ThirdParty/FreeRTOS/portable/MemMang/heap_4.o
 .bss.xStart    0x200130a8        0x8 ./ThirdParty/FreeRTOS/portable/MemMang/heap_4.o
 .bss.pxEnd     0x200130b0        0x4 ./ThirdParty/FreeRTOS/portable/MemMang/heap_4.o
 .bss.xFreeBytesRemaining
                0x200130b4        0x4 ./ThirdParty/FreeRTOS/portable/MemMang/heap_4.o
 .bss.xMinimumEverFreeBytesRemaining
                0x200130b8        0x4 ./ThirdParty/FreeRTOS/portable/MemMang/heap_4.o
 .bss.xNumberOfSuccessfulAllocations
                0x200130bc        0x4 ./ThirdParty/FreeRTOS/portable/MemMang/heap_4.o
 .bss.xNumberOfSuccessfulFrees
                0x200130c0        0x4 ./ThirdParty/FreeRTOS/portable/MemMang/heap_4.o
 .bss.hUsbDeviceFS
                0x200130c4      0x2d0 ./USB_Device/App/usb_device.o
                0x200130c4                hUsbDeviceFS
 .bss.UserRxBufferFS
                0x20013394      0x800 ./USB_Device/App/usbd_cdc_if.o
                0x20013394                UserRxBufferFS
 .bss.UserTxBufferFS
                0x20013b94      0x800 ./USB_Device/App/usbd_cdc_if.o
                0x20013b94                UserTxBufferFS
 .bss.USBD_StrDesc
                0x20014394      0x200 ./USB_Device/App/usbd_desc.o
                0x20014394                USBD_StrDesc
 .bss.hpcd_USB_FS
                0x20014594      0x2dc ./USB_Device/Target/usbd_conf.o
                0x20014594                hpcd_USB_FS
 .bss.mem.0     0x20014870      0x220 ./USB_Device/Target/usbd_conf.o
 .bss.__sf      0x20014a90      0x138 C:/ST/STM32CubeIDE_1.18.1/STM32CubeIDE/plugins/com.st.stm32cube.ide.mcu.externaltools.gnu-tools-for-stm32.13.3.rel1.win32_1.0.100.202509120712/tools/bin/../lib/gcc/arm-none-eabi/13.3.1/../../../../arm-none-eabi/lib/thumb/v7e-m+fp/hard\libc_nano.a(libc_a-findfp.o)
                0x20014a90                __sf
 .bss.errno     0x20014bc8        0x4 C:/ST/STM32CubeIDE_1.18.1/STM32CubeIDE/plugins/com.st.stm32cube.ide.mcu.externaltools.gnu-tools-for-stm32.13.3.rel1.win32_1.0.100.202509120712/tools/bin/../lib/gcc/arm-none-eabi/13.3.1/../../../../arm-none-eabi/lib/thumb/v7e-m+fp/hard\libc_nano.a(libc_a-reent.o)
                0x20014bc8                errno
 .bss.__lock___malloc_recursive_mutex
                0x20014bcc        0x1 C:/ST/STM32CubeIDE_1.18.1/STM32CubeIDE/plugins/com.st.stm32cube.ide.mcu.externaltools.gnu-tools-for-stm32.13.3.rel1.win32_1.0.100.202509120712/tools/bin/../lib/gcc/arm-none-eabi/13.3.1/../../../../arm-none-eabi/lib/thumb/v7e-m+fp/hard\libc_nano.a(libc_a-lock.o)
                0x20014bcc                __lock___malloc_recursive_mutex
 *fill*         0x20014bcd        0x3 
 .bss.__malloc_sbrk_start
                0x20014bd0        0x4 C:/ST/STM32CubeIDE_1.18.1/STM32CubeIDE/plugins/com.st.stm32cube.ide.mcu.externaltools.gnu-tools-for-stm32.13.3.rel1.win32_1.0.100.202509120712/tools/bin/../lib/gcc/arm-none-eabi/13.3.1/../../../../arm-none-eabi/lib/thumb/v7e-m+fp/hard\libc_nano.a(libc_a-mallocr.o)
                0x20014bd0                __malloc_sbrk_start
 .bss.__malloc_free_list
                0x20014bd4        0x4 C:/ST/STM32CubeIDE_1.18.1/STM32CubeIDE/plugins/com.st.stm32cube.ide.mcu.externaltools.gnu-tools-for-stm32.13.3.rel1.win32_1.0.100.202509120712/tools/bin/../lib/gcc/arm-none-eabi/13.3.1/../../../../arm-none-eabi/lib/thumb/v7e-m+fp/hard\libc_nano.a(libc_a-mallocr.o)
                0x20014bd4                __malloc_free_list
 *(COMMON)
                0x20014bd8                        . = ALIGN (0x4)
                0x20014bd8                        _ebss = .
                0x20014bd8                        __bss_end__ = _ebss

._user_heap_stack
                0x20014bd8      0x600 load address 0x0800d0f8
                0x20014bd8                        . = ALIGN (0x8)
                [!provide]                        PROVIDE (end = .)
                0x20014bd8                        PROVIDE (_end = .)
                0x20014dd8                        . = (. + _Min_Heap_Size)
 *fill*         0x20014bd8      0x200 
                0x200151d8                        . = (. + _Min_Stack_Size)
 *fill*         0x20014dd8      0x400 
                0x200151d8                        . = ALIGN (0x8)

/DISCARD/
 libc.a(*)
 libm.a(*)
 libgcc.a(*)

.ARM.attributes
                0x00000000       0x30
 *(.ARM.attributes)
 .ARM.attributes
                0x00000000       0x22 C:/ST/STM32CubeIDE_1.18.1/STM32CubeIDE/plugins/com.st.stm32cube.ide.mcu.externaltools.gnu-tools-for-stm32.13.3.rel1.win32_1.0.100.202509120712/tools/bin/../lib/gcc/arm-none-eabi/13.3.1/thumb/v7e-m+fp/hard/crti.o
 .ARM.attributes
                0x00000022       0x34 C:/ST/STM32CubeIDE_1.18.1/STM32CubeIDE/plugins/com.st.stm32cube.ide.mcu.externaltools.gnu-tools-for-stm32.13.3.rel1.win32_1.0.100.202509120712/tools/bin/../lib/gcc/arm-none-eabi/13.3.1/thumb/v7e-m+fp/hard/crtbegin.o
 .ARM.attributes
                0x00000056       0x34 ./Core/App/process.o
 .ARM.attributes
                0x0000008a       0x34 ./Core/CAN_Setting/can_setting.o
 .ARM.attributes
                0x000000be       0x34 ./Core/Protocol/command.o
 .ARM.attributes
                0x000000f2       0x34 ./Core/Src/main.o
 .ARM.attributes
                0x00000126       0x34 ./Core/Src/stm32g4xx_hal_msp.o
 .ARM.attributes
                0x0000015a       0x34 ./Core/Src/stm32g4xx_hal_timebase_tim.o
 .ARM.attributes
                0x0000018e       0x34 ./Core/Src/stm32g4xx_it.o
 .ARM.attributes
                0x000001c2       0x34 ./Core/Src/sysmem.o
 .ARM.attributes
                0x000001f6       0x34 ./Core/Src/system_stm32g4xx.o
 .ARM.attributes
                0x0000022a       0x21 ./Core/Startup/startup_stm32g473cetx.o
 .ARM.attributes
                0x0000024b       0x34 ./Drivers/STM32G4xx_HAL_Driver/Src/stm32g4xx_hal.o
 .ARM.attributes
                0x0000027f       0x34 ./Drivers/STM32G4xx_HAL_Driver/Src/stm32g4xx_hal_cortex.o
 .ARM.attributes
                0x000002b3       0x34 ./Drivers/STM32G4xx_HAL_Driver/Src/stm32g4xx_hal_fdcan.o
 .ARM.attributes
                0x000002e7       0x34 ./Drivers/STM32G4xx_HAL_Driver/Src/stm32g4xx_hal_gpio.o
 .ARM.attributes
                0x0000031b       0x34 ./Drivers/STM32G4xx_HAL_Driver/Src/stm32g4xx_hal_iwdg.o
 .ARM.attributes
                0x0000034f       0x34 ./Drivers/STM32G4xx_HAL_Driver/Src/stm32g4xx_hal_pcd.o
 .ARM.attributes
                0x00000383       0x34 ./Drivers/STM32G4xx_HAL_Driver/Src/stm32g4xx_hal_pcd_ex.o
 .ARM.attributes
                0x000003b7       0x34 ./Drivers/STM32G4xx_HAL_Driver/Src/stm32g4xx_hal_pwr_ex.o
 .ARM.attributes
                0x000003eb       0x34 ./Drivers/STM32G4xx_HAL_Driver/Src/stm32g4xx_hal_rcc.o
 .ARM.attributes
                0x0000041f       0x34 ./Drivers/STM32G4xx_HAL_Driver/Src/stm32g4xx_hal_rcc_ex.o
 .ARM.attributes
                0x00000453       0x34 ./Drivers/STM32G4xx_HAL_Driver/Src/stm32g4xx_hal_tim.o
 .ARM.attributes
                0x00000487       0x34 ./Drivers/STM32G4xx_HAL_Driver/Src/stm32g4xx_hal_tim_ex.o
 .ARM.attributes
                0x000004bb       0x34 ./Drivers/STM32G4xx_HAL_Driver/Src/stm32g4xx_ll_usb.o
 .ARM.attributes
                0x000004ef       0x34 ./Middlewares/ST/STM32_USB_Device_Library/Class/CDC/Src/usbd_cdc.o
 .ARM.attributes
                0x00000523       0x34 ./Middlewares/ST/STM32_USB_Device_Library/Core/Src/usbd_core.o
 .ARM.attributes
                0x00000557       0x34 ./Middlewares/ST/STM32_USB_Device_Library/Core/Src/usbd_ctlreq.o
 .ARM.attributes
                0x0000058b       0x34 ./Middlewares/ST/STM32_USB_Device_Library/Core/Src/usbd_ioreq.o
 .ARM.attributes
                0x000005bf       0x34 ./ThirdParty/FreeRTOS/list.o
 .ARM.attributes
                0x000005f3       0x34 ./ThirdParty/FreeRTOS/queue.o
 .ARM.attributes
                0x00000627       0x34 ./ThirdParty/FreeRTOS/tasks.o
 .ARM.attributes
                0x0000065b       0x34 ./ThirdParty/FreeRTOS/portable/GCC/ARM_CM4F/port.o
 .ARM.attributes
                0x0000068f       0x34 ./ThirdParty/FreeRTOS/portable/MemMang/heap_4.o
 .ARM.attributes
                0x000006c3       0x34 ./USB_Device/App/usb_device.o
 .ARM.attributes
                0x000006f7       0x34 ./USB_Device/App/usbd_cdc_if.o
 .ARM.attributes
                0x0000072b       0x34 ./USB_Device/App/usbd_desc.o
 .ARM.attributes
                0x0000075f       0x34 ./USB_Device/Target/usbd_conf.o
 .ARM.attributes
                0x00000793       0x34 C:/ST/STM32CubeIDE_1.18.1/STM32CubeIDE/plugins/com.st.stm32cube.ide.mcu.externaltools.gnu-tools-for-stm32.13.3.rel1.win32_1.0.100.202509120712/tools/bin/../lib/gcc/arm-none-eabi/13.3.1/../../../../arm-none-eabi/lib/thumb/v7e-m+fp/hard\libc_nano.a(libc_a-findfp.o)
 .ARM.attributes
                0x000007c7       0x34 C:/ST/STM32CubeIDE_1.18.1/STM32CubeIDE/plugins/com.st.stm32cube.ide.mcu.externaltools.gnu-tools-for-stm32.13.3.rel1.win32_1.0.100.202509120712/tools/bin/../lib/gcc/arm-none-eabi/13.3.1/../../../../arm-none-eabi/lib/thumb/v7e-m+fp/hard\libc_nano.a(libc_a-snprintf.o)
 .ARM.attributes
                0x000007fb       0x34 C:/ST/STM32CubeIDE_1.18.1/STM32CubeIDE/plugins/com.st.stm32cube.ide.mcu.externaltools.gnu-tools-for-stm32.13.3.rel1.win32_1.0.100.202509120712/tools/bin/../lib/gcc/arm-none-eabi/13.3.1/../../../../arm-none-eabi/lib/thumb/v7e-m+fp/hard\libc_nano.a(libc_a-memset.o)
 .ARM.attributes
                0x0000082f       0x34 C:/ST/STM32CubeIDE_1.18.1/STM32CubeIDE/plugins/com.st.stm32cube.ide.mcu.externaltools.gnu-tools-for-stm32.13.3.rel1.win32_1.0.100.202509120712/tools/bin/../lib/gcc/arm-none-eabi/13.3.1/../../../../arm-none-eabi/lib/thumb/v7e-m+fp/hard\libc_nano.a(libc_a-reent.o)
 .ARM.attributes
                0x00000863       0x34 C:/ST/STM32CubeIDE_1.18.1/STM32CubeIDE/plugins/com.st.stm32cube.ide.mcu.externaltools.gnu-tools-for-stm32.13.3.rel1.win32_1.0.100.202509120712/tools/bin/../lib/gcc/arm-none-eabi/13.3.1/../../../../arm-none-eabi/lib/thumb/v7e-m+fp/hard\libc_nano.a(libc_a-impure.o)
 .ARM.attributes
                0x00000897       0x34 C:/ST/STM32CubeIDE_1.18.1/STM32CubeIDE/plugins/com.st.stm32cube.ide.mcu.externaltools.gnu-tools-for-stm32.13.3.rel1.win32_1.0.100.202509120712/tools/bin/../lib/gcc/arm-none-eabi/13.3.1/../../../../arm-none-eabi/lib/thumb/v7e-m+fp/hard\libc_nano.a(libc_a-errno.o)
 .ARM.attributes
                0x000008cb       0x34 C:/ST/STM32CubeIDE_1.18.1/STM32CubeIDE/plugins/com.st.stm32cube.ide.mcu.externaltools.gnu-tools-for-stm32.13.3.rel1.win32_1.0.100.202509120712/tools/bin/../lib/gcc/arm-none-eabi/13.3.1/../../../../arm-none-eabi/lib/thumb/v7e-m+fp/hard\libc_nano.a(libc_a-init.o)
 .ARM.attributes
                0x000008ff       0x34 C:/ST/STM32CubeIDE_1.18.1/STM32CubeIDE/plugins/com.st.stm32cube.ide.mcu.externaltools.gnu-tools-for-stm32.13.3.rel1.win32_1.0.100.202509120712/tools/bin/../lib/gcc/arm-none-eabi/13.3.1/../../../../arm-none-eabi/lib/thumb/v7e-m+fp/hard\libc_nano.a(libc_a-lock.o)
 .ARM.attributes
                0x00000933       0x34 C:/ST/STM32CubeIDE_1.18.1/STM32CubeIDE/plugins/com.st.stm32cube.ide.mcu.externaltools.gnu-tools-for-stm32.13.3.rel1.win32_1.0.100.202509120712/tools/bin/../lib/gcc/arm-none-eabi/13.3.1/../../../../arm-none-eabi/lib/thumb/v7e-m+fp/hard\libc_nano.a(libc_a-memcpy-stub.o)
 .ARM.attributes