Archive member included to satisfy reference by file (symbol)

C:/ST/STM32CubeIDE_1.18.1/STM32CubeIDE/plugins/com.st.stm32cube.ide.mcu.externaltools.gnu-tools-for-stm32.13.3.rel1.win32_1.0.100.202509120712/tools/bin/../lib/gcc/arm-none-eabi/13.3.1/../../../../arm-none-eabi/lib/thumb/v7e-m+fp/hard\libc_nano.a(libc_a-exit.o)
                              C:/ST/STM32CubeIDE_1.18.1/STM32CubeIDE/plugins/com.st.stm32cube.ide.mcu.externaltools.gnu-tools-for-stm32.13.3.rel1.win32_1.0.100.202509120712/tools/bin/../lib/gcc/arm-none-eabi/13.3.1/../../../../arm-none-eabi/lib/thumb/v7e-m+fp/hard/crt0.o (exit)
C:/ST/STM32CubeIDE_1.18.1/STM32CubeIDE/plugins/com.st.stm32cube.ide.mcu.externaltools.gnu-tools-for-stm32.13.3.rel1.win32_1.0.100.202509120712/tools/bin/../lib/gcc/arm-none-eabi/13.3.1/../../../../arm-none-eabi/lib/thumb/v7e-m+fp/hard\libc_nano.a(libc_a-findfp.o)
                              C:/ST/STM32CubeIDE_1.18.1/STM32CubeIDE/plugins/com.st.stm32cube.ide.mcu.externaltools.gnu-tools-for-stm32.13.3.rel1.win32_1.0.100.202509120712/tools/bin/../lib/gcc/arm-none-eabi/13.3.1/../../../../arm-none-eabi/lib/thumb/v7e-m+fp/hard\libc_nano.a(libc_a-exit.o) (__stdio_exit_handler)
C:/ST/STM32CubeIDE_1.18.1/STM32CubeIDE/plugins/com.st.stm32cube.ide.mcu.externaltools.gnu-tools-for-stm32.13.3.rel1.win32_1.0.100.202509120712/tools/bin/../lib/gcc/arm-none-eabi/13.3.1/../../../../arm-none-eabi/lib/thumb/v7e-m+fp/hard\libc_nano.a(libc_a-fwalk.o)
                              C:/ST/STM32CubeIDE_1.18.1/STM32CubeIDE/plugins/com.st.stm32cube.ide.mcu.externaltools.gnu-tools-for-stm32.13.3.rel1.win32_1.0.100.202509120712/tools/bin/../lib/gcc/arm-none-eabi/13.3.1/../../../../arm-none-eabi/lib/thumb/v7e-m+fp/hard\libc_nano.a(libc_a-findfp.o) (_fwalk_sglue)
C:/ST/STM32CubeIDE_1.18.1/STM32CubeIDE/plugins/com.st.stm32cube.ide.mcu.externaltools.gnu-tools-for-stm32.13.3.rel1.win32_1.0.100.202509120712/tools/bin/../lib/gcc/arm-none-eabi/13.3.1/../../../../arm-none-eabi/lib/thumb/v7e-m+fp/hard\libc_nano.a(libc_a-snprintf.o)
                              ./Core/Protocol/command.o (snprintf)
C:/ST/STM32CubeIDE_1.18.1/STM32CubeIDE/plugins/com.st.stm32cube.ide.mcu.externaltools.gnu-tools-for-stm32.13.3.rel1.win32_1.0.100.202509120712/tools/bin/../lib/gcc/arm-none-eabi/13.3.1/../../../../arm-none-eabi/lib/thumb/v7e-m+fp/hard\libc_nano.a(libc_a-stdio.o)
                              C:/ST/STM32CubeIDE_1.18.1/STM32CubeIDE/plugins/com.st.stm32cube.ide.mcu.externaltools.gnu-tools-for-stm32.13.3.rel1.win32_1.0.100.202509120712/tools/bin/../lib/gcc/arm-none-eabi/13.3.1/../../../../arm-none-eabi/lib/thumb/v7e-m+fp/hard\libc_nano.a(libc_a-findfp.o) (__sread)
C:/ST/STM32CubeIDE_1.18.1/STM32CubeIDE/plugins/com.st.stm32cube.ide.mcu.externaltools.gnu-tools-for-stm32.13.3.rel1.win32_1.0.100.202509120712/tools/bin/../lib/gcc/arm-none-eabi/13.3.1/../../../../arm-none-eabi/lib/thumb/v7e-m+fp/hard\libc_nano.a(libc_a-memset.o)
                              C:/ST/STM32CubeIDE_1.18.1/STM32CubeIDE/plugins/com.st.stm32cube.ide.mcu.externaltools.gnu-tools-for-stm32.13.3.rel1.win32_1.0.100.202509120712/tools/bin/../lib/gcc/arm-none-eabi/13.3.1/../../../../arm-none-eabi/lib/thumb/v7e-m+fp/hard/crt0.o (memset)
C:/ST/STM32CubeIDE_1.18.1/STM32CubeIDE/plugins/com.st.stm32cube.ide.mcu.externaltools.gnu-tools-for-stm32.13.3.rel1.win32_1.0.100.202509120712/tools/bin/../lib/gcc/arm-none-eabi/13.3.1/../../../../arm-none-eabi/lib/thumb/v7e-m+fp/hard\libc_nano.a(libc_a-closer.o)
                              C:/ST/STM32CubeIDE_1.18.1/STM32CubeIDE/plugins/com.st.stm32cube.ide.mcu.externaltools.gnu-tools-for-stm32.13.3.rel1.win32_1.0.100.202509120712/tools/bin/../lib/gcc/arm-none-eabi/13.3.1/../../../../arm-none-eabi/lib/thumb/v7e-m+fp/hard\libc_nano.a(libc_a-stdio.o) (_close_r)
C:/ST/STM32CubeIDE_1.18.1/STM32CubeIDE/plugins/com.st.stm32cube.ide.mcu.externaltools.gnu-tools-for-stm32.13.3.rel1.win32_1.0.100.202509120712/tools/bin/../lib/gcc/arm-none-eabi/13.3.1/../../../../arm-none-eabi/lib/thumb/v7e-m+fp/hard\libc_nano.a(libc_a-reent.o)
                              C:/ST/STM32CubeIDE_1.18.1/STM32CubeIDE/plugins/com.st.stm32cube.ide.mcu.externaltools.gnu-tools-for-stm32.13.3.rel1.win32_1.0.100.202509120712/tools/bin/../lib/gcc/arm-none-eabi/13.3.1/../../../../arm-none-eabi/lib/thumb/v7e-m+fp/hard\libc_nano.a(libc_a-closer.o) (errno)
C:/ST/STM32CubeIDE_1.18.1/STM32CubeIDE/plugins/com.st.stm32cube.ide.mcu.externaltools.gnu-tools-for-stm32.13.3.rel1.win32_1.0.100.202509120712/tools/bin/../lib/gcc/arm-none-eabi/13.3.1/../../../../arm-none-eabi/lib/thumb/v7e-m+fp/hard\libc_nano.a(libc_a-impure.o)
                              C:/ST/STM32CubeIDE_1.18.1/STM32CubeIDE/plugins/com.st.stm32cube.ide.mcu.externaltools.gnu-tools-for-stm32.13.3.rel1.win32_1.0.100.202509120712/tools/bin/../lib/gcc/arm-none-eabi/13.3.1/../../../../arm-none-eabi/lib/thumb/v7e-m+fp/hard\libc_nano.a(libc_a-snprintf.o) (_impure_ptr)
[...]
Memory Configuration

Name             Origin             Length             Attributes
RAM              0x20000000         0x00020000         xrw
FLASH            0x08000000         0x00080000         xr
*default*        0x00000000         0xffffffff

Linker script and memory map

LOAD C:/ST/STM32CubeIDE_1.18.1/STM32CubeIDE/plugins/com.st.stm32cube.ide.mcu.externaltools.gnu-tools-for-stm32.13.3.rel1.win32_1.0.100.202509120712/tools/bin/../lib/gcc/arm-none-eabi/13.3.1/thumb/v7e-m+fp/hard/crti.o
LOAD C:/ST/STM32CubeIDE_1.18.1/STM32CubeIDE/plugins/com.st.stm32cube.ide.mcu.externaltools.gnu-tools-for-stm32.13.3.rel1.win32_1.0.100.202509120712/tools/bin/../lib/gcc/arm-none-eabi/13.3.1/thumb/v7e-m+fp/hard/crtbegin.o
LOAD C:/ST/STM32CubeIDE_1.18.1/STM32CubeIDE/plugins/com.st.stm32cube.ide.mcu.externaltools.gnu-tools-for-stm32.13.3.rel1.win32_1.0.100.202509120712/tools/bin/../lib/gcc/arm-none-eabi/13.3.1/../../../../arm-none-eabi/lib/thumb/v7e-m+fp/hard/crt0.o
LOAD ./Core/App/process.o
LOAD ./Core/CAN_Setting/can_setting.o
LOAD ./Core/Protocol/command.o
LOAD ./Core/Src/main.o
LOAD ./Core/Src/stm32g4xx_hal_msp.o
LOAD ./Core/Src/stm32g4xx_hal_timebase_tim.o
LOAD ./Core/Src/stm32g4xx_it.o
LOAD ./Core/Src/syscalls.o
LOAD ./Core/Src/sysmem.o
LOAD ./Core/Src/system_stm32g4xx.o
LOAD ./Core/Startup/startup_stm32g473cetx.o
LOAD ./Drivers/STM32G4xx_HAL_Driver/Src/stm32g4xx_hal.o
LOAD ./Drivers/STM32G4xx_HAL_Driver/Src/stm32g4xx_hal_cortex.o
LOAD ./Drivers/STM32G4xx_HAL_Driver/Src/stm32g4xx_hal_dma.o
LOAD ./Drivers/STM32G4xx_HAL_Driver/Src/stm32g4xx_hal_dma_ex.o
LOAD ./Drivers/STM32G4xx_HAL_Driver/Src/stm32g4xx_hal_exti.o
LOAD ./Drivers/STM32G4xx_HAL_Driver/Src/stm32g4xx_hal_fdcan.o
LOAD ./Drivers/STM32G4xx_HAL_Driver/Src/stm32g4xx_hal_flash.o
LOAD ./Drivers/STM32G4xx_HAL_Driver/Src/stm32g4xx_hal_flash_ex.o
LOAD ./Drivers/STM32G4xx_HAL_Driver/Src/stm32g4xx_hal_flash_ramfunc.o
LOAD ./Drivers/STM32G4xx_HAL_Driver/Src/stm32g4xx_hal_gpio.o
LOAD ./Drivers/STM32G4xx_HAL_Driver/Src/stm32g4xx_hal_pcd.o
LOAD ./Drivers/STM32G4xx_HAL_Driver/Src/stm32g4xx_hal_pcd_ex.o
LOAD ./Drivers/STM32G4xx_HAL_Driver/Src/stm32g4xx_hal_pwr.o
LOAD ./Drivers/STM32G4xx_HAL_Driver/Src/stm32g4xx_hal_pwr_ex.o
LOAD ./Drivers/STM32G4xx_HAL_Driver/Src/stm32g4xx_hal_rcc.o
LOAD ./Drivers/STM32G4xx_HAL_Driver/Src/stm32g4xx_hal_rcc_ex.o
LOAD ./Drivers/STM32G4xx_HAL_Driver/Src/stm32g4xx_hal_tim.o
LOAD ./Drivers/STM32G4xx_HAL_Driver/Src/stm32g4xx_hal_tim_ex.o
LOAD ./Drivers/STM32G4xx_HAL_Driver/Src/stm32g4xx_ll_usb.o
LOAD ./Middlewares/ST/STM32_USB_Device_Library/Class/CDC/Src/usbd_cdc.o
LOAD ./Middlewares/ST/STM32_USB_Device_Library/Core/Src/usbd_core.o
LOAD ./Middlewares/ST/STM32_USB_Device_Library/Core/Src/usbd_ctlreq.o
LOAD ./Middlewares/ST/STM32_USB_Device_Library/Core/Src/usbd_ioreq.o
LOAD ./ThirdParty/FreeRTOS/croutine.o
LOAD ./ThirdParty/FreeRTOS/event_groups.o
LOAD ./ThirdParty/FreeRTOS/list.o
LOAD ./ThirdParty/FreeRTOS/queue.o
LOAD ./ThirdParty/FreeRTOS/stream_buffer.o
LOAD ./ThirdParty/FreeRTOS/tasks.o
LOAD ./ThirdParty/FreeRTOS/timers.o
LOAD ./ThirdParty/FreeRTOS/portable/GCC/ARM_CM4F/port.o
LOAD ./ThirdParty/FreeRTOS/portable/MemMang/heap_4.o
LOAD ./USB_Device/App/usb_device.o
LOAD ./USB_Device/App/usbd_cdc_if.o
LOAD ./USB_Device/App/usbd_desc.o
LOAD ./USB_Device/Target/usbd_conf.o
START GROUP
LOAD C:/ST/STM32CubeIDE_1.18.1/STM32CubeIDE/plugins/com.st.stm32cube.ide.mcu.externaltools.gnu-tools-for-stm32.13.3.rel1.win32_1.0.100.202509120712/tools/bin/../lib/gcc/arm-none-eabi/13.3.1/../../../../arm-none-eabi/lib/thumb/v7e-m+fp/hard\libc_nano.a
LOAD C:/ST/STM32CubeIDE_1.18.1/STM32CubeIDE/plugins/com.st.stm32cube.ide.mcu.externaltools.gnu-tools-for-stm32.13.3.rel1.win32_1.0.100.202509120712/tools/bin/../lib/gcc/arm-none-eabi/13.3.1/../../../../arm-none-eabi/lib/thumb/v7e-m+fp/hard\libm.a
END GROUP
START GROUP
LOAD C:/ST/STM32CubeIDE_1.18.1/STM32CubeIDE/plugins/com.st.stm32cube.ide.mcu.externaltools.gnu-tools-for-stm32.13.3.rel1.win32_1.0.100.202509120712/tools/bin/../lib/gcc/arm-none-eabi/13.3.1/thumb/v7e-m+fp/hard\libgcc.a
LOAD C:/ST/STM32CubeIDE_1.18.1/STM32CubeIDE/plugins/com.st.stm32cube.ide.mcu.externaltools.gnu-tools-for-stm32.13.3.rel1.win32_1.0.100.202509120712/tools/bin/../lib/gcc/arm-none-eabi/13.3.1/../../../../arm-none-eabi/lib/thumb/v7e-m+fp/hard\libc_nano.a
END GROUP
START GROUP
LOAD C:/ST/STM32CubeIDE_1.18.1/STM32CubeIDE/plugins/com.st.stm32cube.ide.mcu.externaltools.gnu-tools-for-stm32.13.3.rel1.win32_1.0.100.202509120712/tools/bin/../lib/gcc/arm-none-eabi/13.3.1/thumb/v7e-m+fp/hard\libgcc.a
LOAD C:/ST/STM32CubeIDE_1.18.1/STM32CubeIDE/plugins/com.st.stm32cube.ide.mcu.externaltools.gnu-tools-for-stm32.13.3.rel1.win32_1.0.100.202509120712/tools/bin/../lib/gcc/arm-none-eabi/13.3.1/../../../../arm-none-eabi/lib/thumb/v7e-m+fp/hard\libc_nano.a
LOAD C:/ST/STM32CubeIDE_1.18.1/STM32CubeIDE/plugins/com.st.stm32cube.ide.mcu.externaltools.gnu-tools-for-stm32.13.3.rel1.win32_1.0.100.202509120712/tools/bin/../lib/gcc/arm-none-eabi/13.3.1/../../../../arm-none-eabi/lib/thumb/v7e-m+fp/hard\libnosys.a
END GROUP
START GROUP
LOAD C:/ST/STM32CubeIDE_1.18.1/STM32CubeIDE/plugins/com.st.stm32cube.ide.mcu.externaltools.gnu-tools-for-stm32.13.3.rel1.win32_1.0.100.202509120712/tools/bin/../lib/gcc/arm-none-eabi/13.3.1/thumb/v7e-m+fp/hard\libgcc.a
LOAD C:/ST/STM32CubeIDE_1.18.1/STM32CubeIDE/plugins/com.st.stm32cube.ide.mcu.externaltools.gnu-tools-for-stm32.13.3.rel1.win32_1.0.100.202509120712/tools/bin/../lib/gcc/arm-none-eabi/13.3.1/../../../../arm-none-eabi/lib/thumb/v7e-m+fp/hard\libc_nano.a
LOAD C:/ST/STM32CubeIDE_1.18.1/STM32CubeIDE/plugins/com.st.stm32cube.ide.mcu.externaltools.gnu-tools-for-stm32.13.3.rel1.win32_1.0.100.202509120712/tools/bin/../lib/gcc/arm-none-eabi/13.3.1/../../../../arm-none-eabi/lib/thumb/v7e-m+fp/hard\libnosys.a
END GROUP
LOAD C:/ST/STM32CubeIDE_1.18.1/STM32CubeIDE/plugins/com.st.stm32cube.ide.mcu.externaltools.gnu-tools-for-stm32.13.3.rel1.win32_1.0.100.202509120712/tools/bin/../lib/gcc/arm-none-eabi/13.3.1/thumb/v7e-m+fp/hard/crtend.o
LOAD C:/ST/STM32CubeIDE_1.18.1/STM32CubeIDE/plugins/com.st.stm32cube.ide.mcu.externaltools.gnu-tools-for-stm32.13.3.rel1.win32_1.0.100.202509120712/tools/bin/../lib/gcc/arm-none-eabi/13.3.1/thumb/v7e-m+fp/hard/crtn.o
                0x20020000                        _estack = (ORIGIN (RAM) + LENGTH (RAM))
                0x00000200                        _Min_Heap_Size = 0x200
                0x00000400                        _Min_Stack_Size = 0x400

.isr_vector     0x08000000      0x1d8
                0x08000000                        . = ALIGN (0x4)
 *(.isr_vector)
 .isr_vector    0x08000000      0x1d8 ./Core/Startup/startup_stm32g473cetx.o
                0x08000000                g_pfnVectors
                0x080001d8                        . = ALIGN (0x4)

.text           0x080001e0     0xc56c
                0x080001e0                        . = ALIGN (0x4)
 *(.text)
 .text          0x080001e0       0x40 C:/ST/STM32CubeIDE_1.18.1/STM32CubeIDE/plugins/com.st.stm32cube.ide.mcu.externaltools.gnu-tools-for-stm32.13.3.rel1.win32_1.0.100.202509120712/tools/bin/../lib/gcc/arm-none-eabi/13.3.1/thumb/v7e-m+fp/hard/crtbegin.o
 .text          0x08000220       0xa0 C:/ST/STM32CubeIDE_1.18.1/STM32CubeIDE/plugins/com.st.stm32cube.ide.mcu.externaltools.gnu-tools-for-stm32.13.3.rel1.win32_1.0.100.202509120712/tools/bin/../lib/gcc/arm-none-eabi/13.3.1/../../../../arm-none-eabi/lib/thumb/v7e-m+fp/hard\libc_nano.a(libc_a-memchr.o)
                0x08000220                memchr
 *(.text*)
 .text.process_init
                0x080002c0      0x148 ./Core/App/process.o
                0x080002c0                process_init
 .text.HeartbeatTask
                0x08000408       0x20 ./Core/App/process.o
                0x08000408                HeartbeatTask
 .text.UsbRxTask
                0x08000428       0x30 ./Core/App/process.o
                0x08000428                UsbRxTask
 .text.UsbTxTask
                0x08000458       0x40 ./Core/App/process.o
                0x08000458                UsbTxTask
 .text.CAN_RxTask
                0x08000498       0xc4 ./Core/App/process.o
                0x08000498                CAN_RxTask
 .text.process_handle_can_tx
                0x0800055c      0x1a4 ./Core/App/process.o
                0x0800055c                process_handle_can_tx
 .text.raw_dlc_to_hal
                0x08000700       0xae ./Core/App/process.o
 *fill*         0x080007ae        0x2 
 .text.LedIndicatorTask
                0x080007b0       0x68 ./Core/App/process.o
                0x080007b0                LedIndicatorTask
 .text.get_timing_by_cmd
                0x08000818       0x5c ./Core/CAN_Setting/can_setting.o
 .text.get_handle_by_index
                0x08000874       0x34 ./Core/CAN_Setting/can_setting.o
 .text.CAN_Setting_Init
                0x080008a8       0x18 ./Core/CAN_Setting/can_setting.o
                0x080008a8                CAN_Setting_Init
 .text.CAN_Set_Baudrate
                0x080008c0      0x110 ./Core/CAN_Setting/can_setting.o
                0x080008c0                CAN_Set_Baudrate
 .text.CAN_Get_Baudrate
                0x080009d0       0x48 ./Core/CAN_Setting/can_setting.o
                0x080009d0                CAN_Get_Baudrate
 .text.update_device_info
                0x08000a18       0x8c ./Core/Protocol/command.o
                0x08000a18                update_device_info
 .text.command_process
                0x08000aa4      0x184 ./Core/Protocol/command.o
                0x08000aa4                command_process
 .text.generate_serial_number
                0x08000c28       0x40 ./Core/Protocol/command.o
                0x08000c28                generate_serial_number
 .text.HAL_FDCAN_RxFifo0Callback
                0x08000c68      0x100 ./Core/Src/main.o
                0x08000c68                HAL_FDCAN_RxFifo0Callback
 .text.main     0x08000d68       0x24 ./Core/Src/main.o
                0x08000d68                main
 .text.SystemClock_Config
                0x08000d8c       0x98 ./Core/Src/main.o
                0x08000d8c                SystemClock_Config
 .text.MX_GPIO_Init
                0x08000e24       0xc0 ./Core/Src/main.o
 .text.HAL_TIM_PeriodElapsedCallback
                0x08000ee4       0x24 ./Core/Src/main.o
                0x08000ee4                HAL_TIM_PeriodElapsedCallback
 .text.Error_Handler
                0x08000f08        0xc ./Core/Src/main.o
                0x08000f08                Error_Handler
 .text.HAL_MspInit
                0x08000f14       0x48 ./Core/Src/stm32g4xx_hal_msp.o
                0x08000f14                HAL_MspInit
 .text.HAL_FDCAN_MspInit
                0x08000f5c      0x1a0 ./Core/Src/stm32g4xx_hal_msp.o
                0x08000f5c                HAL_FDCAN_MspInit
 .text.HAL_FDCAN_MspDeInit
                0x080010fc       0xa0 ./Core/Src/stm32g4xx_hal_msp.o
                0x080010fc                HAL_FDCAN_MspDeInit
 .text.HAL_InitTick
                0x0800119c       0xd8 ./Core/Src/stm32g4xx_hal_timebase_tim.o
                0x0800119c                HAL_InitTick
 .text.NMI_Handler
                0x08001274        0x8 ./Core/Src/stm32g4xx_it.o
                0x08001274                NMI_Handler
 .text.HardFault_Handler
                0x0800127c        0x8 ./Core/Src/stm32g4xx_it.o
                0x0800127c                HardFault_Handler
 .text.MemManage_Handler
                0x08001284        0x8 ./Core/Src/stm32g4xx_it.o
                0x08001284                MemManage_Handler
 .text.BusFault_Handler
                0x0800128c        0x8 ./Core/Src/stm32g4xx_it.o
                0x0800128c                BusFault_Handler
 .text.UsageFault_Handler
                0x08001294        0x8 ./Core/Src/stm32g4xx_it.o
                0x08001294                UsageFault_Handler
 .text.DebugMon_Handler
                0x0800129c        0xe ./Core/Src/stm32g4xx_it.o
                0x0800129c                DebugMon_Handler
 *fill*         0x080012aa        0x2 
 .text.USB_LP_IRQHandler
                0x080012ac       0x14 ./Core/Src/stm32g4xx_it.o
                0x080012ac                USB_LP_IRQHandler
 .text.TIM6_DAC_IRQHandler
                0x080012c0       0x14 ./Core/Src/stm32g4xx_it.o
                0x080012c0                TIM6_DAC_IRQHandler
 .text.FDCAN2_IT0_IRQHandler
                0x080012d4       0x14 ./Core/Src/stm32g4xx_it.o
                0x080012d4                FDCAN2_IT0_IRQHandler
 .text.FDCAN2_IT1_IRQHandler
                0x080012e8       0x14 ./Core/Src/stm32g4xx_it.o
                0x080012e8                FDCAN2_IT1_IRQHandler
 .text.FDCAN3_IT0_IRQHandler
                0x080012fc       0x14 ./Core/Src/stm32g4xx_it.o
                0x080012fc                FDCAN3_IT0_IRQHandler
 .text.FDCAN3_IT1_IRQHandler
                0x08001310       0x14 ./Core/Src/stm32g4xx_it.o
                0x08001310                FDCAN3_IT1_IRQHandler
 .text._sbrk    0x08001324       0x6c ./Core/Src/sysmem.o
                0x08001324                _sbrk
 .text.SystemInit
                0x08001390       0x24 ./Core/Src/system_stm32g4xx.o
                0x08001390                SystemInit
 .text.Reset_Handler
                0x080013b4       0x50 ./Core/Startup/startup_stm32g473cetx.o
                0x080013b4                Reset_Handler
 .text.Default_Handler
                0x08001404        0x2 ./Core/Startup/startup_stm32g473cetx.o
                0x08001404                RTC_Alarm_IRQHandler
                0x08001404                EXTI2_IRQHandler
                0x08001404                TIM8_TRG_COM_IRQHandler
                0x08001404                TIM8_CC_IRQHandler
                0x08001404                SPI4_IRQHandler
                0x08001404                TIM1_CC_IRQHandler
                0x08001404                USB_HP_IRQHandler
                0x08001404                CORDIC_IRQHandler
                0x08001404                DMA2_Channel8_IRQHandler
                0x08001404                EXTI3_IRQHandler
                0x08001404                I2C3_ER_IRQHandler
                0x08001404                EXTI0_IRQHandler
                0x08001404                I2C2_EV_IRQHandler
                0x08001404                FPU_IRQHandler
                0x08001404                FDCAN1_IT1_IRQHandler
                0x08001404                TIM1_UP_TIM16_IRQHandler
                0x08001404                ADC1_2_IRQHandler
                0x08001404                SPI1_IRQHandler
                0x08001404                TIM8_UP_IRQHandler
                0x08001404                DMA2_Channel2_IRQHandler
                0x08001404                DMA1_Channel4_IRQHandler
                0x08001404                TIM20_TRG_COM_IRQHandler
                0x08001404                USART3_IRQHandler
                0x08001404                DMA1_Channel7_IRQHandler
                0x08001404                UART5_IRQHandler
                0x08001404                ADC3_IRQHandler
                0x08001404                TIM4_IRQHandler
                0x08001404                DMA2_Channel1_IRQHandler
                0x08001404                QUADSPI_IRQHandler
                0x08001404                I2C1_EV_IRQHandler
                0x08001404                DMA1_Channel6_IRQHandler
                0x08001404                UART4_IRQHandler
                0x08001404                DMA2_Channel4_IRQHandler
                0x08001404                TIM3_IRQHandler
                0x08001404                RCC_IRQHandler
                0x08001404                TIM20_UP_IRQHandler
                0x08001404                DMA1_Channel1_IRQHandler
                0x08001404                Default_Handler
                0x08001404                DMA2_Channel7_IRQHandler
                0x08001404                RTC_TAMP_LSECSS_IRQHandler
                0x08001404                FMAC_IRQHandler
                0x08001404                EXTI15_10_IRQHandler
                0x08001404                DMA1_Channel8_IRQHandler
                0x08001404                TIM7_DAC_IRQHandler
                0x08001404                TIM5_IRQHandler
                0x08001404                UCPD1_IRQHandler
                0x08001404                I2C3_EV_IRQHandler
                0x08001404                EXTI9_5_IRQHandler
                0x08001404                RTC_WKUP_IRQHandler
                0x08001404                PVD_PVM_IRQHandler
                0x08001404                SPI2_IRQHandler
                0x08001404                ADC5_IRQHandler
                0x08001404                DMA2_Channel5_IRQHandler
                0x08001404                CRS_IRQHandler
                0x08001404                DMA1_Channel5_IRQHandler
                0x08001404                EXTI4_IRQHandler
                0x08001404                RNG_IRQHandler
                0x08001404                TIM1_TRG_COM_TIM17_IRQHandler
                0x08001404                DMA1_Channel3_IRQHandler
                0x08001404                ADC4_IRQHandler
                0x08001404                WWDG_IRQHandler
                0x08001404                I2C4_EV_IRQHandler
                0x08001404                LPUART1_IRQHandler
                0x08001404                DMA2_Channel6_IRQHandler
                0x08001404                FDCAN1_IT0_IRQHandler
                0x08001404                TIM2_IRQHandler
                0x08001404                COMP7_IRQHandler
                0x08001404                COMP1_2_3_IRQHandler
                0x08001404                EXTI1_IRQHandler
                0x08001404                USART2_IRQHandler
                0x08001404                COMP4_5_6_IRQHandler
                0x08001404                TIM20_BRK_IRQHandler
                0x08001404                I2C2_ER_IRQHandler
                0x08001404                DMA1_Channel2_IRQHandler
                0x08001404                TIM8_BRK_IRQHandler
                0x08001404                FLASH_IRQHandler
                0x08001404                TIM20_CC_IRQHandler
                0x08001404                USART1_IRQHandler
                0x08001404                SPI3_IRQHandler
                0x08001404                I2C1_ER_IRQHandler
                0x08001404                FMC_IRQHandler
                0x08001404                LPTIM1_IRQHandler
                0x08001404                DMAMUX_OVR_IRQHandler
                0x08001404                I2C4_ER_IRQHandler
                0x08001404                USBWakeUp_IRQHandler
                0x08001404                SAI1_IRQHandler
                0x08001404                DMA2_Channel3_IRQHandler
                0x08001404                TIM1_BRK_TIM15_IRQHandler
 .text.HAL_Init
                0x08001406       0x30 ./Drivers/STM32G4xx_HAL_Driver/Src/stm32g4xx_hal.o
                0x08001406                HAL_Init
 *fill*         0x08001436        0x2 
 .text.HAL_IncTick
                0x08001438       0x24 ./Drivers/STM32G4xx_HAL_Driver/Src/stm32g4xx_hal.o
                0x08001438                HAL_IncTick
 .text.HAL_GetTick
                0x0800145c       0x18 ./Drivers/STM32G4xx_HAL_Driver/Src/stm32g4xx_hal.o
                0x0800145c                HAL_GetTick
 .text.HAL_GetUIDw2
                0x08001474       0x18 ./Drivers/STM32G4xx_HAL_Driver/Src/stm32g4xx_hal.o
                0x08001474                HAL_GetUIDw2
 .text.__NVIC_SetPriorityGrouping
                0x0800148c       0x48 ./Drivers/STM32G4xx_HAL_Driver/Src/stm32g4xx_hal_cortex.o
 .text.__NVIC_GetPriorityGrouping
                0x080014d4       0x1c ./Drivers/STM32G4xx_HAL_Driver/Src/stm32g4xx_hal_cortex.o
 .text.__NVIC_EnableIRQ
                0x080014f0       0x3c ./Drivers/STM32G4xx_HAL_Driver/Src/stm32g4xx_hal_cortex.o
 .text.__NVIC_DisableIRQ
                0x0800152c       0x48 ./Drivers/STM32G4xx_HAL_Driver/Src/stm32g4xx_hal_cortex.o
 .text.__NVIC_SetPriority
                0x08001574       0x54 ./Drivers/STM32G4xx_HAL_Driver/Src/stm32g4xx_hal_cortex.o
 .text.NVIC_EncodePriority
                0x080015c8       0x66 ./Drivers/STM32G4xx_HAL_Driver/Src/stm32g4xx_hal_cortex.o
 .text.HAL_NVIC_SetPriorityGrouping
                0x0800162e       0x16 ./Drivers/STM32G4xx_HAL_Driver/Src/stm32g4xx_hal_cortex.o
                0x0800162e                HAL_NVIC_SetPriorityGrouping
 .text.HAL_NVIC_SetPriority
                0x08001644       0x34 ./Drivers/STM32G4xx_HAL_Driver/Src/stm32g4xx_hal_cortex.o
                0x08001644                HAL_NVIC_SetPriority
 .text.HAL_NVIC_EnableIRQ
                0x08001678       0x1c ./Drivers/STM32G4xx_HAL_Driver/Src/stm32g4xx_hal_cortex.o
                0x08001678                HAL_NVIC_EnableIRQ
 .text.HAL_NVIC_DisableIRQ
                0x08001694       0x1c ./Drivers/STM32G4xx_HAL_Driver/Src/stm32g4xx_hal_cortex.o
                0x08001694                HAL_NVIC_DisableIRQ
 .text.HAL_FDCAN_Init
                0x080016b0      0x2b4 ./Drivers/STM32G4xx_HAL_Driver/Src/stm32g4xx_hal_fdcan.o
                0x080016b0                HAL_FDCAN_Init
 .text.HAL_FDCAN_DeInit
                0x08001964       0x46 ./Drivers/STM32G4xx_HAL_Driver/Src/stm32g4xx_hal_fdcan.o
                0x08001964                HAL_FDCAN_DeInit
 .text.HAL_FDCAN_Start
                0x080019aa       0x50 ./Drivers/STM32G4xx_HAL_Driver/Src/stm32g4xx_hal_fdcan.o
                0x080019aa                HAL_FDCAN_Start
 .text.HAL_FDCAN_Stop
                0x080019fa       0xe0 ./Drivers/STM32G4xx_HAL_Driver/Src/stm32g4xx_hal_fdcan.o
                0x080019fa                HAL_FDCAN_Stop
 .text.HAL_FDCAN_AddMessageToTxFifoQ
                0x08001ada       0x88 ./Drivers/STM32G4xx_HAL_Driver/Src/stm32g4xx_hal_fdcan.o
                0x08001ada                HAL_FDCAN_AddMessageToTxFifoQ
 *fill*         0x08001b62        0x2 
 .text.HAL_FDCAN_GetRxMessage
                0x08001b64      0x210 ./Drivers/STM32G4xx_HAL_Driver/Src/stm32g4xx_hal_fdcan.o
                0x08001b64                HAL_FDCAN_GetRxMessage
 .text.HAL_FDCAN_ActivateNotification
                0x08001d74      0x1cc ./Drivers/STM32G4xx_HAL_Driver/Src/stm32g4xx_hal_fdcan.o
                0x08001d74                HAL_FDCAN_ActivateNotification
 .text.HAL_FDCAN_IRQHandler
                0x08001f40      0x266 ./Drivers/STM32G4xx_HAL_Driver/Src/stm32g4xx_hal_fdcan.o
                0x08001f40                HAL_FDCAN_IRQHandler
 .text.HAL_FDCAN_TxEventFifoCallback
                0x080021a6       0x16 ./Drivers/STM32G4xx_HAL_Driver/Src/stm32g4xx_hal_fdcan.o
                0x080021a6                HAL_FDCAN_TxEventFifoCallback
 .text.HAL_FDCAN_RxFifo1Callback
                0x080021bc       0x16 ./Drivers/STM32G4xx_HAL_Driver/Src/stm32g4xx_hal_fdcan.o
                0x080021bc                HAL_FDCAN_RxFifo1Callback
 .text.HAL_FDCAN_TxFifoEmptyCallback
                0x080021d2       0x14 ./Drivers/STM32G4xx_HAL_Driver/Src/stm32g4xx_hal_fdcan.o
                0x080021d2                HAL_FDCAN_TxFifoEmptyCallback
 .text.HAL_FDCAN_TxBufferCompleteCallback
                0x080021e6       0x16 ./Drivers/STM32G4xx_HAL_Driver/Src/stm32g4xx_hal_fdcan.o
                0x080021e6                HAL_FDCAN_TxBufferCompleteCallback
 .text.HAL_FDCAN_TxBufferAbortCallback
                0x080021fc       0x16 ./Drivers/STM32G4xx_HAL_Driver/Src/stm32g4xx_hal_fdcan.o
                0x080021fc                HAL_FDCAN_TxBufferAbortCallback
 .text.HAL_FDCAN_TimestampWraparoundCallback
                0x08002212       0x14 ./Drivers/STM32G4xx_HAL_Driver/Src/stm32g4xx_hal_fdcan.o
                0x08002212                HAL_FDCAN_TimestampWraparoundCallback
 .text.HAL_FDCAN_TimeoutOccurredCallback
                0x08002226       0x14 ./Drivers/STM32G4xx_HAL_Driver/Src/stm32g4xx_hal_fdcan.o
                0x08002226                HAL_FDCAN_TimeoutOccurredCallback
 .text.HAL_FDCAN_HighPriorityMessageCallback
                0x0800223a       0x14 ./Drivers/STM32G4xx_HAL_Driver/Src/stm32g4xx_hal_fdcan.o
                0x0800223a                HAL_FDCAN_HighPriorityMessageCallback
 .text.HAL_FDCAN_ErrorCallback
                0x0800224e       0x14 ./Drivers/STM32G4xx_HAL_Driver/Src/stm32g4xx_hal_fdcan.o
                0x0800224e                HAL_FDCAN_ErrorCallback
 .text.HAL_FDCAN_ErrorStatusCallback
                0x08002262       0x16 ./Drivers/STM32G4xx_HAL_Driver/Src/stm32g4xx_hal_fdcan.o
                0x08002262                HAL_FDCAN_ErrorStatusCallback
 .text.HAL_FDCAN_GetState
                0x08002278       0x1c ./Drivers/STM32G4xx_HAL_Driver/Src/stm32g4xx_hal_fdcan.o
                0x08002278                HAL_FDCAN_GetState
 .text.FDCAN_CalcultateRamBlockAddresses
                0x08002294       0xd8 ./Drivers/STM32G4xx_HAL_Driver/Src/stm32g4xx_hal_fdcan.o
 .text.FDCAN_CopyMessageToRAM
                0x0800236c       0xf8 ./Drivers/STM32G4xx_HAL_Driver/Src/stm32g4xx_hal_fdcan.o
 .text.HAL_GPIO_Init
                0x08002464      0x304 ./Drivers/STM32G4xx_HAL_Driver/Src/stm32g4xx_hal_gpio.o
                0x08002464                HAL_GPIO_Init
 .text.HAL_GPIO_DeInit
                0x08002768      0x1c4 ./Drivers/STM32G4xx_HAL_Driver/Src/stm32g4xx_hal_gpio.o
                0x08002768                HAL_GPIO_DeInit
 .text.HAL_GPIO_WritePin
                0x0800292c       0x30 ./Drivers/STM32G4xx_HAL_Driver/Src/stm32g4xx_hal_gpio.o
                0x0800292c                HAL_GPIO_WritePin
 .text.HAL_GPIO_TogglePin
                0x0800295c       0x34 ./Drivers/STM32G4xx_HAL_Driver/Src/stm32g4xx_hal_gpio.o
                0x0800295c                HAL_GPIO_TogglePin
 .text.HAL_PCD_Init
                0x08002990      0x19c ./Drivers/STM32G4xx_HAL_Driver/Src/stm32g4xx_hal_pcd.o
                0x08002990                HAL_PCD_Init
 .text.HAL_PCD_Start
                0x08002b2c       0x44 ./Drivers/STM32G4xx_HAL_Driver/Src/stm32g4xx_hal_pcd.o
                0x08002b2c                HAL_PCD_Start
 .text.HAL_PCD_IRQHandler
                0x08002b70      0x24e ./Drivers/STM32G4xx_HAL_Driver/Src/stm32g4xx_hal_pcd.o
                0x08002b70                HAL_PCD_IRQHandler
 .text.HAL_PCD_SetAddress
                0x08002dbe       0x48 ./Drivers/STM32G4xx_HAL_Driver/Src/stm32g4xx_hal_pcd.o
                0x08002dbe                HAL_PCD_SetAddress
 .text.HAL_PCD_EP_Open
                0x08002e06       0xbe ./Drivers/STM32G4xx_HAL_Driver/Src/stm32g4xx_hal_pcd.o
                0x08002e06                HAL_PCD_EP_Open
 .text.HAL_PCD_EP_Close
                0x08002ec4       0x90 ./Drivers/STM32G4xx_HAL_Driver/Src/stm32g4xx_hal_pcd.o
                0x08002ec4                HAL_PCD_EP_Close
 .text.HAL_PCD_EP_Receive
                0x08002f54       0x62 ./Drivers/STM32G4xx_HAL_Driver/Src/stm32g4xx_hal_pcd.o
                0x08002f54                HAL_PCD_EP_Receive
 .text.HAL_PCD_EP_GetRxCount
                0x08002fb6       0x30 ./Drivers/STM32G4xx_HAL_Driver/Src/stm32g4xx_hal_pcd.o
                0x08002fb6                HAL_PCD_EP_GetRxCount
 .text.HAL_PCD_EP_Transmit
                0x08002fe6       0x6e ./Drivers/STM32G4xx_HAL_Driver/Src/stm32g4xx_hal_pcd.o
                0x08002fe6                HAL_PCD_EP_Transmit
 .text.HAL_PCD_EP_SetStall
                0x08003054       0xa4 ./Drivers/STM32G4xx_HAL_Driver/Src/stm32g4xx_hal_pcd.o
                0x08003054                HAL_PCD_EP_SetStall
 .text.HAL_PCD_EP_ClrStall
                0x080030f8       0xa8 ./Drivers/STM32G4xx_HAL_Driver/Src/stm32g4xx_hal_pcd.o
                0x080030f8                HAL_PCD_EP_ClrStall
 .text.PCD_EP_ISR_Handler
                0x080031a0      0x68e ./Drivers/STM32G4xx_HAL_Driver/Src/stm32g4xx_hal_pcd.o
 .text.HAL_PCD_EP_DB_Receive
                0x0800382e      0x212 ./Drivers/STM32G4xx_HAL_Driver/Src/stm32g4xx_hal_pcd.o
 .text.HAL_PCD_EP_DB_Transmit
                0x08003a40      0x878 ./Drivers/STM32G4xx_HAL_Driver/Src/stm32g4xx_hal_pcd.o
 .text.HAL_PCDEx_PMAConfig
                0x080042b8       0x86 ./Drivers/STM32G4xx_HAL_Driver/Src/stm32g4xx_hal_pcd_ex.o
                0x080042b8                HAL_PCDEx_PMAConfig
 .text.HAL_PCDEx_ActivateLPM
                0x0800433e       0x54 ./Drivers/STM32G4xx_HAL_Driver/Src/stm32g4xx_hal_pcd_ex.o
                0x0800433e                HAL_PCDEx_ActivateLPM
 *fill*         0x08004392        0x2 
 .text.HAL_PWREx_ControlVoltageScaling
                0x08004394      0x148 ./Drivers/STM32G4xx_HAL_Driver/Src/stm32g4xx_hal_pwr_ex.o
                0x08004394                HAL_PWREx_ControlVoltageScaling
 .text.HAL_PWREx_DisableUCPDDeadBattery
                0x080044dc       0x20 ./Drivers/STM32G4xx_HAL_Driver/Src/stm32g4xx_hal_pwr_ex.o
                0x080044dc                HAL_PWREx_DisableUCPDDeadBattery
 .text.HAL_RCC_OscConfig
                0x080044fc      0x624 ./Drivers/STM32G4xx_HAL_Driver/Src/stm32g4xx_hal_rcc.o
                0x080044fc                HAL_RCC_OscConfig
 .text.HAL_RCC_ClockConfig
                0x08004b20      0x278 ./Drivers/STM32G4xx_HAL_Driver/Src/stm32g4xx_hal_rcc.o
                0x08004b20                HAL_RCC_ClockConfig
 .text.HAL_RCC_GetSysClockFreq
                0x08004d98       0xc4 ./Drivers/STM32G4xx_HAL_Driver/Src/stm32g4xx_hal_rcc.o
                0x08004d98                HAL_RCC_GetSysClockFreq
 .text.HAL_RCC_GetHCLKFreq
                0x08004e5c       0x18 ./Drivers/STM32G4xx_HAL_Driver/Src/stm32g4xx_hal_rcc.o
                0x08004e5c                HAL_RCC_GetHCLKFreq
 .text.HAL_RCC_GetPCLK1Freq
                0x08004e74       0x2c ./Drivers/STM32G4xx_HAL_Driver/Src/stm32g4xx_hal_rcc.o
                0x08004e74                HAL_RCC_GetPCLK1Freq
 .text.HAL_RCC_GetClockConfig
                0x08004ea0       0x64 ./Drivers/STM32G4xx_HAL_Driver/Src/stm32g4xx_hal_rcc.o
                0x08004ea0                HAL_RCC_GetClockConfig
 .text.RCC_GetSysClockFreqFromPLLSource
                0x08004f04       0x8c ./Drivers/STM32G4xx_HAL_Driver/Src/stm32g4xx_hal_rcc.o
 .text.HAL_RCCEx_PeriphCLKConfig
                0x08004f90      0x49c ./Drivers/STM32G4xx_HAL_Driver/Src/stm32g4xx_hal_rcc_ex.o
                0x08004f90                HAL_RCCEx_PeriphCLKConfig
 .text.HAL_TIM_Base_Init
                0x0800542c       0xae ./Drivers/STM32G4xx_HAL_Driver/Src/stm32g4xx_hal_tim.o
                0x0800542c                HAL_TIM_Base_Init
 .text.HAL_TIM_Base_MspInit
                0x080054da       0x14 ./Drivers/STM32G4xx_HAL_Driver/Src/stm32g4xx_hal_tim.o
                0x080054da                HAL_TIM_Base_MspInit
 *fill*         0x080054ee        0x2 
 .text.HAL_TIM_Base_Start_IT
                0x080054f0       0xf0 ./Drivers/STM32G4xx_HAL_Driver/Src/stm32g4xx_hal_tim.o
                0x080054f0                HAL_TIM_Base_Start_IT
 .text.HAL_TIM_IRQHandler
                0x080055e0      0x29e ./Drivers/STM32G4xx_HAL_Driver/Src/stm32g4xx_hal_tim.o
                0x080055e0                HAL_TIM_IRQHandler
 .text.HAL_TIM_OC_DelayElapsedCallback
                0x0800587e       0x14 ./Drivers/STM32G4xx_HAL_Driver/Src/stm32g4xx_hal_tim.o
                0x0800587e                HAL_TIM_OC_DelayElapsedCallback
 .text.HAL_TIM_IC_CaptureCallback
                0x08005892       0x14 ./Drivers/STM32G4xx_HAL_Driver/Src/stm32g4xx_hal_tim.o
                0x08005892                HAL_TIM_IC_CaptureCallback
 .text.HAL_TIM_PWM_PulseFinishedCallback
                0x080058a6       0x14 ./Drivers/STM32G4xx_HAL_Driver/Src/stm32g4xx_hal_tim.o
                0x080058a6                HAL_TIM_PWM_PulseFinishedCallback
 .text.HAL_TIM_TriggerCallback
                0x080058ba       0x14 ./Drivers/STM32G4xx_HAL_Driver/Src/stm32g4xx_hal_tim.o
                0x080058ba                HAL_TIM_TriggerCallback
 *fill*         0x080058ce        0x2 
 .text.TIM_Base_SetConfig
                0x080058d0      0x168 ./Drivers/STM32G4xx_HAL_Driver/Src/stm32g4xx_hal_tim.o
                0x080058d0                TIM_Base_SetConfig
 .text.HAL_TIMEx_CommutCallback
                0x08005a38       0x14 ./Drivers/STM32G4xx_HAL_Driver/Src/stm32g4xx_hal_tim_ex.o
                0x08005a38                HAL_TIMEx_CommutCallback
 .text.HAL_TIMEx_BreakCallback
                0x08005a4c       0x14 ./Drivers/STM32G4xx_HAL_Driver/Src/stm32g4xx_hal_tim_ex.o
                0x08005a4c                HAL_TIMEx_BreakCallback
 .text.HAL_TIMEx_Break2Callback
                0x08005a60       0x14 ./Drivers/STM32G4xx_HAL_Driver/Src/stm32g4xx_hal_tim_ex.o
                0x08005a60                HAL_TIMEx_Break2Callback
 .text.HAL_TIMEx_EncoderIndexCallback
                0x08005a74       0x14 ./Drivers/STM32G4xx_HAL_Driver/Src/stm32g4xx_hal_tim_ex.o
                0x08005a74                HAL_TIMEx_EncoderIndexCallback
 .text.HAL_TIMEx_DirectionChangeCallback
                0x08005a88       0x14 ./Drivers/STM32G4xx_HAL_Driver/Src/stm32g4xx_hal_tim_ex.o
                0x08005a88                HAL_TIMEx_DirectionChangeCallback
 .text.HAL_TIMEx_IndexErrorCallback
                0x08005a9c       0x14 ./Drivers/STM32G4xx_HAL_Driver/Src/stm32g4xx_hal_tim_ex.o
                0x08005a9c                HAL_TIMEx_IndexErrorCallback
 .text.HAL_TIMEx_TransitionErrorCallback
                0x08005ab0       0x14 ./Drivers/STM32G4xx_HAL_Driver/Src/stm32g4xx_hal_tim_ex.o
                0x08005ab0                HAL_TIMEx_TransitionErrorCallback
 .text.USB_EnableGlobalInt
                0x08005ac4       0x2e ./Drivers/STM32G4xx_HAL_Driver/Src/stm32g4xx_ll_usb.o
                0x08005ac4                USB_EnableGlobalInt
 .text.USB_DisableGlobalInt
                0x08005af2       0x36 ./Drivers/STM32G4xx_HAL_Driver/Src/stm32g4xx_ll_usb.o
                0x08005af2                USB_DisableGlobalInt
 .text.USB_DevInit
                0x08005b28       0x3c ./Drivers/STM32G4xx_HAL_Driver/Src/stm32g4xx_ll_usb.o
                0x08005b28                USB_DevInit
 .text.USB_ActivateEndpoint
                0x08005b64      0x9d0 ./Drivers/STM32G4xx_HAL_Driver/Src/stm32g4xx_ll_usb.o
                0x08005b64                USB_ActivateEndpoint
 .text.USB_DeactivateEndpoint
                0x08006534      0x3da ./Drivers/STM32G4xx_HAL_Driver/Src/stm32g4xx_ll_usb.o
                0x08006534                USB_DeactivateEndpoint
 .text.USB_EPStartXfer
                0x0800690e      0xb5e ./Drivers/STM32G4xx_HAL_Driver/Src/stm32g4xx_ll_usb.o
                0x0800690e                USB_EPStartXfer
 .text.USB_EPSetStall
                0x0800746c       0xa2 ./Drivers/STM32G4xx_HAL_Driver/Src/stm32g4xx_ll_usb.o
                0x0800746c                USB_EPSetStall
 .text.USB_EPClearStall
                0x0800750e      0x152 ./Drivers/STM32G4xx_HAL_Driver/Src/stm32g4xx_ll_usb.o
                0x0800750e                USB_EPClearStall
 .text.USB_SetDevAddress
                0x08007660       0x28 ./Drivers/STM32G4xx_HAL_Driver/Src/stm32g4xx_ll_usb.o
                0x08007660                USB_SetDevAddress
 .text.USB_DevConnect
                0x08007688       0x2e ./Drivers/STM32G4xx_HAL_Driver/Src/stm32g4xx_ll_usb.o
                0x08007688                USB_DevConnect
 .text.USB_ReadInterrupts
                0x080076b6       0x20 ./Drivers/STM32G4xx_HAL_Driver/Src/stm32g4xx_ll_usb.o
                0x080076b6                USB_ReadInterrupts
 .text.USB_WritePMA
                0x080076d6       0x86 ./Drivers/STM32G4xx_HAL_Driver/Src/stm32g4xx_ll_usb.o
                0x080076d6                USB_WritePMA
 .text.USB_ReadPMA
                0x0800775c       0x98 ./Drivers/STM32G4xx_HAL_Driver/Src/stm32g4xx_ll_usb.o
                0x0800775c                USB_ReadPMA
 .text.USBD_CDC_Init
                0x080077f4       0xfe ./Middlewares/ST/STM32_USB_Device_Library/Class/CDC/Src/usbd_cdc.o
 .text.USBD_CDC_DeInit
                0x080078f2       0x74 ./Middlewares/ST/STM32_USB_Device_Library/Class/CDC/Src/usbd_cdc.o
 *fill*         0x08007966        0x2 
 .text.USBD_CDC_Setup
                0x08007968      0x190 ./Middlewares/ST/STM32_USB_Device_Library/Class/CDC/Src/usbd_cdc.o
 .text.USBD_CDC_DataIn
                0x08007af8       0xca ./Middlewares/ST/STM32_USB_Device_Library/Class/CDC/Src/usbd_cdc.o
 .text.USBD_CDC_DataOut
                0x08007bc2       0x56 ./Middlewares/ST/STM32_USB_Device_Library/Class/CDC/Src/usbd_cdc.o
 .text.USBD_CDC_EP0_RxReady
                0x08007c18       0x58 ./Middlewares/ST/STM32_USB_Device_Library/Class/CDC/Src/usbd_cdc.o
 .text.USBD_CDC_GetFSCfgDesc
                0x08007c70       0x20 ./Middlewares/ST/STM32_USB_Device_Library/Class/CDC/Src/usbd_cdc.o
 .text.USBD_CDC_GetHSCfgDesc
                0x08007c90       0x20 ./Middlewares/ST/STM32_USB_Device_Library/Class/CDC/Src/usbd_cdc.o
 .text.USBD_CDC_GetOtherSpeedCfgDesc
                0x08007cb0       0x20 ./Middlewares/ST/STM32_USB_Device_Library/Class/CDC/Src/usbd_cdc.o
 .text.USBD_CDC_GetDeviceQualifierDescriptor
                0x08007cd0       0x20 ./Middlewares/ST/STM32_USB_Device_Library/Class/CDC/Src/usbd_cdc.o
                0x08007cd0                USBD_CDC_GetDeviceQualifierDescriptor
 .text.USBD_CDC_RegisterInterface
                0x08007cf0       0x2a ./Middlewares/ST/STM32_USB_Device_Library/Class/CDC/Src/usbd_cdc.o
                0x08007cf0                USBD_CDC_RegisterInterface
 .text.USBD_CDC_SetTxBuffer
                0x08007d1a       0x3c ./Middlewares/ST/STM32_USB_Device_Library/Class/CDC/Src/usbd_cdc.o
                0x08007d1a                USBD_CDC_SetTxBuffer
 .text.USBD_CDC_SetRxBuffer
                0x08007d56       0x32 ./Middlewares/ST/STM32_USB_Device_Library/Class/CDC/Src/usbd_cdc.o
                0x08007d56                USBD_CDC_SetRxBuffer
 .text.USBD_CDC_TransmitPacket
                0x08007d88       0x60 ./Middlewares/ST/STM32_USB_Device_Library/Class/CDC/Src/usbd_cdc.o
                0x08007d88                USBD_CDC_TransmitPacket
 .text.USBD_CDC_ReceivePacket
                0x08007de8       0x54 ./Middlewares/ST/STM32_USB_Device_Library/Class/CDC/Src/usbd_cdc.o
                0x08007de8                USBD_CDC_ReceivePacket
 .text.USBD_Init
                0x08007e3c       0x60 ./Middlewares/ST/STM32_USB_Device_Library/Core/Src/usbd_core.o
                0x08007e3c                USBD_Init
 .text.USBD_RegisterClass
                0x08007e9c       0x4e ./Middlewares/ST/STM32_USB_Device_Library/Core/Src/usbd_core.o
                0x08007e9c                USBD_RegisterClass
 .text.USBD_Start
                0x08007eea       0x18 ./Middlewares/ST/STM32_USB_Device_Library/Core/Src/usbd_core.o
                0x08007eea                USBD_Start
 .text.USBD_RunTestMode
                0x08007f02       0x16 ./Middlewares/ST/STM32_USB_Device_Library/Core/Src/usbd_core.o
                0x08007f02                USBD_RunTestMode
 .text.USBD_SetClassConfig
                0x08007f18       0x38 ./Middlewares/ST/STM32_USB_Device_Library/Core/Src/usbd_core.o
                0x08007f18                USBD_SetClassConfig
 .text.USBD_ClrClassConfig
                0x08007f50       0x30 ./Middlewares/ST/STM32_USB_Device_Library/Core/Src/usbd_core.o
                0x08007f50                USBD_ClrClassConfig
 .text.USBD_LL_SetupStage
                0x08007f80       0xaa ./Middlewares/ST/STM32_USB_Device_Library/Core/Src/usbd_core.o
                0x08007f80                USBD_LL_SetupStage
 .text.USBD_LL_DataOutStage
                0x0800802a       0xc6 ./Middlewares/ST/STM32_USB_Device_Library/Core/Src/usbd_core.o
                0x0800802a                USBD_LL_DataOutStage
 .text.USBD_LL_DataInStage
                0x080080f0      0x12c ./Middlewares/ST/STM32_USB_Device_Library/Core/Src/usbd_core.o
                0x080080f0                USBD_LL_DataInStage
 .text.USBD_LL_Reset
                0x0800821c       0x9c ./Middlewares/ST/STM32_USB_Device_Library/Core/Src/usbd_core.o
                0x0800821c                USBD_LL_Reset
 .text.USBD_LL_SetSpeed
                0x080082b8       0x20 ./Middlewares/ST/STM32_USB_Device_Library/Core/Src/usbd_core.o
                0x080082b8                USBD_LL_SetSpeed
 .text.USBD_LL_Suspend
                0x080082d8       0x2c ./Middlewares/ST/STM32_USB_Device_Library/Core/Src/usbd_core.o
                0x080082d8                USBD_LL_Suspend
 .text.USBD_LL_Resume
                0x08008304       0x30 ./Middlewares/ST/STM32_USB_Device_Library/Core/Src/usbd_core.o
                0x08008304                USBD_LL_Resume
 .text.USBD_LL_SOF
                0x08008334       0x44 ./Middlewares/ST/STM32_USB_Device_Library/Core/Src/usbd_core.o
                0x08008334                USBD_LL_SOF
 .text.SWAPBYTE
                0x08008378       0x3e ./Middlewares/ST/STM32_USB_Device_Library/Core/Src/usbd_ctlreq.o
 *fill*         0x080083b6        0x2 
 .text.USBD_StdDevReq
                0x080083b8       0xdc ./Middlewares/ST/STM32_USB_Device_Library/Core/Src/usbd_ctlreq.o
                0x080083b8                USBD_StdDevReq
 .text.USBD_StdItfReq
                0x08008494       0x92 ./Middlewares/ST/STM32_USB_Device_Library/Core/Src/usbd_ctlreq.o
                0x08008494                USBD_StdItfReq
 .text.USBD_StdEPReq
                0x08008526      0x2c4 ./Middlewares/ST/STM32_USB_Device_Library/Core/Src/usbd_ctlreq.o
                0x08008526                USBD_StdEPReq
 *fill*         0x080087ea        0x2 
 .text.USBD_GetDescriptor
                0x080087ec      0x328 ./Middlewares/ST/STM32_USB_Device_Library/Core/Src/usbd_ctlreq.o
 .text.USBD_SetAddress
                0x08008b14       0x88 ./Middlewares/ST/STM32_USB_Device_Library/Core/Src/usbd_ctlreq.o
 .text.USBD_SetConfig
                0x08008b9c      0x14c ./Middlewares/ST/STM32_USB_Device_Library/Core/Src/usbd_ctlreq.o
 .text.USBD_GetConfig
                0x08008ce8       0x6c ./Middlewares/ST/STM32_USB_Device_Library/Core/Src/usbd_ctlreq.o
 .text.USBD_GetStatus
                0x08008d54       0x68 ./Middlewares/ST/STM32_USB_Device_Library/Core/Src/usbd_ctlreq.o
 .text.USBD_SetFeature
                0x08008dbc       0x28 ./Middlewares/ST/STM32_USB_Device_Library/Core/Src/usbd_ctlreq.o
 .text.USBD_ClrFeature
                0x08008de4       0x44 ./Middlewares/ST/STM32_USB_Device_Library/Core/Src/usbd_ctlreq.o
 .text.USBD_ParseSetupRequest
                0x08008e28       0x74 ./Middlewares/ST/STM32_USB_Device_Library/Core/Src/usbd_ctlreq.o
                0x08008e28                USBD_ParseSetupRequest
 .text.USBD_CtlError
                0x08008e9c       0x22 ./Middlewares/ST/STM32_USB_Device_Library/Core/Src/usbd_ctlreq.o
                0x08008e9c                USBD_CtlError
 .text.USBD_GetString
                0x08008ebe       0x8c ./Middlewares/ST/STM32_USB_Device_Library/Core/Src/usbd_ctlreq.o
                0x08008ebe                USBD_GetString
 .text.USBD_GetLen
                0x08008f4a       0x34 ./Middlewares/ST/STM32_USB_Device_Library/Core/Src/usbd_ctlreq.o
 .text.USBD_CtlSendData
                0x08008f7e       0x36 ./Middlewares/ST/STM32_USB_Device_Library/Core/Src/usbd_ioreq.o
                0x08008f7e                USBD_CtlSendData
 .text.USBD_CtlContinueSendData
                0x08008fb4       0x22 ./Middlewares/ST/STM32_USB_Device_Library/Core/Src/usbd_ioreq.o
                0x08008fb4                USBD_CtlContinueSendData
 .text.USBD_CtlPrepareRx
                0x08008fd6       0x3a ./Middlewares/ST/STM32_USB_Device_Library/Core/Src/usbd_ioreq.o
                0x08008fd6                USBD_CtlPrepareRx
 .text.USBD_CtlContinueRx
                0x08009010       0x22 ./Middlewares/ST/STM32_USB_Device_Library/Core/Src/usbd_ioreq.o
                0x08009010                USBD_CtlContinueRx
 .text.USBD_CtlSendStatus
                0x08009032       0x26 ./Middlewares/ST/STM32_USB_Device_Library/Core/Src/usbd_ioreq.o
                0x08009032                USBD_CtlSendStatus
 .text.USBD_CtlReceiveStatus
                0x08009058       0x26 ./Middlewares/ST/STM32_USB_Device_Library/Core/Src/usbd_ioreq.o
                0x08009058                USBD_CtlReceiveStatus
 .text.vListInitialise
                0x0800907e       0x40 ./ThirdParty/FreeRTOS/list.o
                0x0800907e                vListInitialise
 .text.vListInitialiseItem
                0x080090be       0x1a ./ThirdParty/FreeRTOS/list.o
                0x080090be                vListInitialiseItem
 .text.vListInsert
                0x080090d8       0x72 ./ThirdParty/FreeRTOS/list.o
                0x080090d8                vListInsert
 .text.uxListRemove
                0x0800914a       0x54 ./ThirdParty/FreeRTOS/list.o
                0x0800914a                uxListRemove
 *fill*         0x0800919e        0x2 
 .text.xQueueGenericReset
                0x080091a0      0x124 ./ThirdParty/FreeRTOS/queue.o
                0x080091a0                xQueueGenericReset
 .text.xQueueGenericCreate
                0x080092c4       0x9e ./ThirdParty/FreeRTOS/queue.o
                0x080092c4                xQueueGenericCreate
 .text.prvInitialiseNewQueue
                0x08009362       0x46 ./ThirdParty/FreeRTOS/queue.o
 .text.xQueueGenericSendFromISR
                0x080093a8      0x16c ./ThirdParty/FreeRTOS/queue.o
                0x080093a8                xQueueGenericSendFromISR
 .text.xQueueReceive
                0x08009514      0x194 ./ThirdParty/FreeRTOS/queue.o
                0x08009514                xQueueReceive
 .text.prvCopyDataToQueue
                0x080096a8       0xd4 ./ThirdParty/FreeRTOS/queue.o
 .text.prvCopyDataFromQueue
                0x0800977c       0x4c ./ThirdParty/FreeRTOS/queue.o
 .text.prvUnlockQueue
                0x080097c8       0xa4 ./ThirdParty/FreeRTOS/queue.o
 .text.prvIsQueueEmpty
                0x0800986c       0x2c ./ThirdParty/FreeRTOS/queue.o
 .text.prvCreateTask
                0x08009898       0x78 ./ThirdParty/FreeRTOS/tasks.o
 .text.xTaskCreate
                0x08009910       0x46 ./ThirdParty/FreeRTOS/tasks.o
                0x08009910                xTaskCreate
 .text.prvInitialiseNewTask
                0x08009956      0x120 ./ThirdParty/FreeRTOS/tasks.o
 *fill*         0x08009a76        0x2 
 .text.prvAddNewTaskToReadyList
                0x08009a78      0x12c ./ThirdParty/FreeRTOS/tasks.o
 .text.vTaskDelay
                0x08009ba4       0x6c ./ThirdParty/FreeRTOS/tasks.o
                0x08009ba4                vTaskDelay
 .text.prvCreateIdleTasks
                0x08009c10       0x94 ./ThirdParty/FreeRTOS/tasks.o
 .text.vTaskStartScheduler
                0x08009ca4       0x7c ./ThirdParty/FreeRTOS/tasks.o
                0x08009ca4                vTaskStartScheduler
 .text.vTaskSuspendAll
                0x08009d20       0x1c ./ThirdParty/FreeRTOS/tasks.o
                0x08009d20                vTaskSuspendAll
 .text.xTaskResumeAll
                0x08009d3c      0x20c ./ThirdParty/FreeRTOS/tasks.o
                0x08009d3c                xTaskResumeAll
 .text.uxTaskGetNumberOfTasks
                0x08009f48       0x18 ./ThirdParty/FreeRTOS/tasks.o
                0x08009f48                uxTaskGetNumberOfTasks
 .text.xTaskIncrementTick
                0x08009f60      0x230 ./ThirdParty/FreeRTOS/tasks.o
                0x08009f60                xTaskIncrementTick
 .text.vTaskSwitchContext
                0x0800a190       0xbc ./ThirdParty/FreeRTOS/tasks.o
                0x0800a190                vTaskSwitchContext
 .text.vTaskPlaceOnEventList
                0x0800a24c       0x4c ./ThirdParty/FreeRTOS/tasks.o
                0x0800a24c                vTaskPlaceOnEventList
 .text.xTaskRemoveFromEventList
                0x0800a298      0x1b0 ./ThirdParty/FreeRTOS/tasks.o
                0x0800a298                xTaskRemoveFromEventList
 .text.vTaskInternalSetTimeOutState
                0x0800a448       0x2c ./ThirdParty/FreeRTOS/tasks.o
                0x0800a448                vTaskInternalSetTimeOutState
 .text.xTaskCheckForTimeOut
                0x0800a474       0xd0 ./ThirdParty/FreeRTOS/tasks.o
                0x0800a474                xTaskCheckForTimeOut
 .text.vTaskMissedYield
                0x0800a544       0x18 ./ThirdParty/FreeRTOS/tasks.o
                0x0800a544                vTaskMissedYield
 .text.prvIdleTask
                0x0800a55c       0x30 ./ThirdParty/FreeRTOS/tasks.o
 .text.prvInitialiseTaskLists
                0x0800a58c       0x80 ./ThirdParty/FreeRTOS/tasks.o
 .text.prvCheckTasksWaitingTermination
                0x0800a60c       0x5c ./ThirdParty/FreeRTOS/tasks.o
 .text.prvDeleteTCB
                0x0800a668       0x20 ./ThirdParty/FreeRTOS/tasks.o
 .text.prvResetNextTaskUnblockTime
                0x0800a688       0x38 ./ThirdParty/FreeRTOS/tasks.o
 .text.xTaskPriorityDisinherit
                0x0800a6c0      0x14c ./ThirdParty/FreeRTOS/tasks.o
                0x0800a6c0                xTaskPriorityDisinherit
 .text.prvAddCurrentTaskToDelayedList
                0x0800a80c      0x104 ./ThirdParty/FreeRTOS/tasks.o
 .text.pxPortInitialiseStack
                0x0800a910       0x68 ./ThirdParty/FreeRTOS/portable/GCC/ARM_CM4F/port.o
                0x0800a910                pxPortInitialiseStack
 .text.prvTaskExitError
                0x0800a978       0x5c ./ThirdParty/FreeRTOS/portable/GCC/ARM_CM4F/port.o
 *fill*         0x0800a9d4        0xc 
 .text.SVC_Handler
                0x0800a9e0       0x28 ./ThirdParty/FreeRTOS/portable/GCC/ARM_CM4F/port.o
                0x0800a9e0                SVC_Handler
 .text.prvPortStartFirstTask
                0x0800aa08       0x2c ./ThirdParty/FreeRTOS/portable/GCC/ARM_CM4F/port.o
 .text.xPortStartScheduler
                0x0800aa34      0x1e0 ./ThirdParty/FreeRTOS/portable/GCC/ARM_CM4F/port.o
                0x0800aa34                xPortStartScheduler
 .text.vPortEnterCritical
                0x0800ac14       0x64 ./ThirdParty/FreeRTOS/portable/GCC/ARM_CM4F/port.o
                0x0800ac14                vPortEnterCritical
 .text.vPortExitCritical
                0x0800ac78       0x54 ./ThirdParty/FreeRTOS/portable/GCC/ARM_CM4F/port.o
                0x0800ac78                vPortExitCritical
 *fill*         0x0800accc        0x4 
 .text.PendSV_Handler
                0x0800acd0       0x68 ./ThirdParty/FreeRTOS/portable/GCC/ARM_CM4F/port.o
                0x0800acd0                PendSV_Handler
 .text.SysTick_Handler
                0x0800ad38       0x44 ./ThirdParty/FreeRTOS/portable/GCC/ARM_CM4F/port.o
                0x0800ad38                SysTick_Handler
 .text.vPortSetupTimerInterrupt
                0x0800ad7c       0x48 ./ThirdParty/FreeRTOS/portable/GCC/ARM_CM4F/port.o
                0x0800ad7c                vPortSetupTimerInterrupt
 .text.vPortEnableVFP
                0x0800adc4       0x18 ./ThirdParty/FreeRTOS/portable/GCC/ARM_CM4F/port.o
 .text.vPortValidateInterruptPriority
                0x0800addc       0x84 ./ThirdParty/FreeRTOS/portable/GCC/ARM_CM4F/port.o
                0x0800addc                vPortValidateInterruptPriority
 .text.pvPortMalloc
                0x0800ae60      0x264 ./ThirdParty/FreeRTOS/portable/MemMang/heap_4.o
                0x0800ae60                pvPortMalloc
 .text.vPortFree
                0x0800b0c4       0xec ./ThirdParty/FreeRTOS/portable/MemMang/heap_4.o
                0x0800b0c4                vPortFree
 .text.prvHeapInit
                0x0800b1b0       0xb4 ./ThirdParty/FreeRTOS/portable/MemMang/heap_4.o
 .text.prvInsertBlockIntoFreeList
                0x0800b264       0xf4 ./ThirdParty/FreeRTOS/portable/MemMang/heap_4.o
 .text.MX_USB_Device_Init
                0x0800b358       0x60 ./USB_Device/App/usb_device.o
                0x0800b358                MX_USB_Device_Init
 .text.CDC_Init_FS
                0x0800b3b8       0x28 ./USB_Device/App/usbd_cdc_if.o
 .text.CDC_DeInit_FS
                0x0800b3e0       0x10 ./USB_Device/App/usbd_cdc_if.o
 .text.CDC_Control_FS
                0x0800b3f0       0xbc ./USB_Device/App/usbd_cdc_if.o
 .text.CDC_Receive_FS
                0x0800b4ac       0x88 ./USB_Device/App/usbd_cdc_if.o
 .text.CDC_Transmit_FS
                0x0800b534       0x4c ./USB_Device/App/usbd_cdc_if.o
                0x0800b534                CDC_Transmit_FS
 .text.CDC_TransmitCplt_FS
                0x0800b580       0x22 ./USB_Device/App/usbd_cdc_if.o
 *fill*         0x0800b5a2        0x2 
 .text.USBD_CDC_DeviceDescriptor
                0x0800b5a4       0x24 ./USB_Device/App/usbd_desc.o
                0x0800b5a4                USBD_CDC_DeviceDescriptor
 .text.USBD_CDC_LangIDStrDescriptor
                0x0800b5c8       0x24 ./USB_Device/App/usbd_desc.o
                0x0800b5c8                USBD_CDC_LangIDStrDescriptor
 .text.USBD_CDC_ProductStrDescriptor
                0x0800b5ec       0x3c ./USB_Device/App/usbd_desc.o
                0x0800b5ec                USBD_CDC_ProductStrDescriptor
 .text.USBD_CDC_ManufacturerStrDescriptor
                0x0800b628       0x28 ./USB_Device/App/usbd_desc.o
                0x0800b628                USBD_CDC_ManufacturerStrDescriptor
 .text.USBD_CDC_SerialStrDescriptor
                0x0800b650       0x24 ./USB_Device/App/usbd_desc.o
                0x0800b650                USBD_CDC_SerialStrDescriptor
 .text.USBD_CDC_ConfigStrDescriptor
                0x0800b674       0x3c ./USB_Device/App/usbd_desc.o
                0x0800b674                USBD_CDC_ConfigStrDescriptor
 .text.USBD_CDC_InterfaceStrDescriptor
                0x0800b6b0       0x3c ./USB_Device/App/usbd_desc.o
                0x0800b6b0                USBD_CDC_InterfaceStrDescriptor
 .text.Get_SerialNum
                0x0800b6ec       0x58 ./USB_Device/App/usbd_desc.o
 .text.IntToUnicode
                0x0800b744       0x7e ./USB_Device/App/usbd_desc.o
 *fill*         0x0800b7c2        0x2 
 .text.HAL_PCD_MspInit
                0x0800b7c4       0x78 ./USB_Device/Target/usbd_conf.o
                0x0800b7c4                HAL_PCD_MspInit
 .text.HAL_PCD_SetupStageCallback
                0x0800b83c       0x24 ./USB_Device/Target/usbd_conf.o
                0x0800b83c                HAL_PCD_SetupStageCallback
 .text.HAL_PCD_DataOutStageCallback
                0x0800b860       0x36 ./USB_Device/Target/usbd_conf.o
                0x0800b860                HAL_PCD_DataOutStageCallback
 .text.HAL_PCD_DataInStageCallback
                0x0800b896       0x34 ./USB_Device/Target/usbd_conf.o
                0x0800b896                HAL_PCD_DataInStageCallback
 .text.HAL_PCD_SOFCallback
                0x0800b8ca       0x1c ./USB_Device/Target/usbd_conf.o
                0x0800b8ca                HAL_PCD_SOFCallback
 .text.HAL_PCD_ResetCallback
                0x0800b8e6       0x3c ./USB_Device/Target/usbd_conf.o
                0x0800b8e6                HAL_PCD_ResetCallback
 *fill*         0x0800b922        0x2 
 .text.HAL_PCD_SuspendCallback
                0x0800b924       0x34 ./USB_Device/Target/usbd_conf.o
                0x0800b924                HAL_PCD_SuspendCallback
 .text.HAL_PCD_ResumeCallback
                0x0800b958       0x38 ./USB_Device/Target/usbd_conf.o
                0x0800b958                HAL_PCD_ResumeCallback
 .text.USBD_LL_Init
                0x0800b990       0xc0 ./USB_Device/Target/usbd_conf.o
                0x0800b990                USBD_LL_Init
 .text.USBD_LL_Start
                0x0800ba50       0x36 ./USB_Device/Target/usbd_conf.o
                0x0800ba50                USBD_LL_Start
 .text.USBD_LL_OpenEP
                0x0800ba86       0x4c ./USB_Device/Target/usbd_conf.o
                0x0800ba86                USBD_LL_OpenEP
 .text.USBD_LL_CloseEP
                0x0800bad2       0x3e ./USB_Device/Target/usbd_conf.o
                0x0800bad2                USBD_LL_CloseEP
 .text.USBD_LL_StallEP
                0x0800bb10       0x3e ./USB_Device/Target/usbd_conf.o
                0x0800bb10                USBD_LL_StallEP
 .text.USBD_LL_ClearStallEP
                0x0800bb4e       0x3e ./USB_Device/Target/usbd_conf.o
                0x0800bb4e                USBD_LL_ClearStallEP
 .text.USBD_LL_IsStallEP
                0x0800bb8c       0x58 ./USB_Device/Target/usbd_conf.o
                0x0800bb8c                USBD_LL_IsStallEP
 .text.USBD_LL_SetUSBAddress
                0x0800bbe4       0x3e ./USB_Device/Target/usbd_conf.o
                0x0800bbe4                USBD_LL_SetUSBAddress
 .text.USBD_LL_Transmit
                0x0800bc22       0x42 ./USB_Device/Target/usbd_conf.o
                0x0800bc22                USBD_LL_Transmit
 .text.USBD_LL_PrepareReceive
                0x0800bc64       0x42 ./USB_Device/Target/usbd_conf.o
                0x0800bc64                USBD_LL_PrepareReceive
 .text.USBD_LL_GetRxDataSize
                0x0800bca6       0x26 ./USB_Device/Target/usbd_conf.o
                0x0800bca6                USBD_LL_GetRxDataSize
 .text.HAL_PCDEx_LPM_Callback
                0x0800bccc       0x6c ./USB_Device/Target/usbd_conf.o
                0x0800bccc                HAL_PCDEx_LPM_Callback
 .text.USBD_static_malloc
                0x0800bd38       0x1c ./USB_Device/Target/usbd_conf.o
                0x0800bd38                USBD_static_malloc
 .text.USBD_static_free
                0x0800bd54       0x14 ./USB_Device/Target/usbd_conf.o
                0x0800bd54                USBD_static_free
 .text.SystemClockConfig_Resume
                0x0800bd68        0xc ./USB_Device/Target/usbd_conf.o
 .text.USBD_Get_USB_Status
                0x0800bd74       0x58 ./USB_Device/Target/usbd_conf.o
 .text.snprintf
                0x0800bdcc       0x6c C:/ST/STM32CubeIDE_1.18.1/STM32CubeIDE/plugins/com.st.stm32cube.ide.mcu.externaltools.gnu-tools-for-stm32.13.3.rel1.win32_1.0.100.202509120712/tools/bin/../lib/gcc/arm-none-eabi/13.3.1/../../../../arm-none-eabi/lib/thumb/v7e-m+fp/hard\libc_nano.a(libc_a-snprintf.o)
                0x0800bdcc                sniprintf
                0x0800bdcc                snprintf
 .text.memset   0x0800be38       0x10 C:/ST/STM32CubeIDE_1.18.1/STM32CubeIDE/plugins/com.st.stm32cube.ide.mcu.externaltools.gnu-tools-for-stm32.13.3.rel1.win32_1.0.100.202509120712/tools/bin/../lib/gcc/arm-none-eabi/13.3.1/../../../../arm-none-eabi/lib/thumb/v7e-m+fp/hard\libc_nano.a(libc_a-memset.o)
                0x0800be38                memset
 .text.__errno  0x0800be48        0xc C:/ST/STM32CubeIDE_1.18.1/STM32CubeIDE/plugins/com.st.stm32cube.ide.mcu.externaltools.gnu-tools-for-stm32.13.3.rel1.win32_1.0.100.202509120712/tools/bin/../lib/gcc/arm-none-eabi/13.3.1/../../../../arm-none-eabi/lib/thumb/v7e-m+fp/hard\libc_nano.a(libc_a-errno.o)
                0x0800be48                __errno
 .text.__libc_init_array
                0x0800be54       0x48 C:/ST/STM32CubeIDE_1.18.1/STM32CubeIDE/plugins/com.st.stm32cube.ide.mcu.externaltools.gnu-tools-for-stm32.13.3.rel1.win32_1.0.100.202509120712/tools/bin/../lib/gcc/arm-none-eabi/13.3.1/../../../../arm-none-eabi/lib/thumb/v7e-m+fp/hard\libc_nano.a(libc_a-init.o)
                0x0800be54                __libc_init_array
 .text.__retarget_lock_acquire_recursive
                0x0800be9c        0x2 C:/ST/STM32CubeIDE_1.18.1/STM32CubeIDE/plugins/com.st.stm32cube.ide.mcu.externaltools.gnu-tools-for-stm32.13.3.rel1.win32_1.0.100.202509120712/tools/bin/../lib/gcc/arm-none-eabi/13.3.1/../../../../arm-none-eabi/lib/thumb/v7e-m+fp/hard\libc_nano.a(libc_a-lock.o)
                0x0800be9c                __retarget_lock_acquire_recursive
 .text.__retarget_lock_release_recursive
                0x0800be9e        0x2 C:/ST/STM32CubeIDE_1.18.1/STM32CubeIDE/plugins/com.st.stm32cube.ide.mcu.externaltools.gnu-tools-for-stm32.13.3.rel1.win32_1.0.100.202509120712/tools/bin/../lib/gcc/arm-none-eabi/13.3.1/../../../../arm-none-eabi/lib/thumb/v7e-m+fp/hard\libc_nano.a(libc_a-lock.o)
                0x0800be9e                __retarget_lock_release_recursive
 .text.memcpy   0x0800bea0       0x1c C:/ST/STM32CubeIDE_1.18.1/STM32CubeIDE/plugins/com.st.stm32cube.ide.mcu.externaltools.gnu-tools-for-stm32.13.3.rel1.win32_1.0.100.202509120712/tools/bin/../lib/gcc/arm-none-eabi/13.3.1/../../../../arm-none-eabi/lib/thumb/v7e-m+fp/hard\libc_nano.a(libc_a-memcpy-stub.o)
                0x0800bea0                memcpy
 .text._free_r  0x0800bebc       0x94 C:/ST/STM32CubeIDE_1.18.1/STM32CubeIDE/plugins/com.st.stm32cube.ide.mcu.externaltools.gnu-tools-for-stm32.13.3.rel1.win32_1.0.100.202509120712/tools/bin/../lib/gcc/arm-none-eabi/13.3.1/../../../../arm-none-eabi/lib/thumb/v7e-m+fp/hard\libc_nano.a(libc_a-freer.o)
                0x0800bebc                _free_r
 .text.sbrk_aligned
                0x0800bf50       0x44 C:/ST/STM32CubeIDE_1.18.1/STM32CubeIDE/plugins/com.st.stm32cube.ide.mcu.externaltools.gnu-tools-for-stm32.13.3.rel1.win32_1.0.100.202509120712/tools/bin/../lib/gcc/arm-none-eabi/13.3.1/../../../../arm-none-eabi/lib/thumb/v7e-m+fp/hard\libc_nano.a(libc_a-mallocr.o)
 .text._malloc_r
                0x0800bf94      0x100 C:/ST/STM32CubeIDE_1.18.1/STM32CubeIDE/plugins/com.st.stm32cube.ide.mcu.externaltools.gnu-tools-for-stm32.13.3.rel1.win32_1.0.100.202509120712/tools/bin/../lib/gcc/arm-none-eabi/13.3.1/../../../../arm-none-eabi/lib/thumb/v7e-m+fp/hard\libc_nano.a(libc_a-mallocr.o)
                0x0800bf94                _malloc_r
 .text.__malloc_lock
                0x0800c094        0xc C:/ST/STM32CubeIDE_1.18.1/STM32CubeIDE/plugins/com.st.stm32cube.ide.mcu.externaltools.gnu-tools-for-stm32.13.3.rel1.win32_1.0.100.202509120712/tools/bin/../lib/gcc/arm-none-eabi/13.3.1/../../../../arm-none-eabi/lib/thumb/v7e-m+fp/hard\libc_nano.a(libc_a-mlock.o)
                0x0800c094                __malloc_lock
 .text.__malloc_unlock
                0x0800c0a0        0xc C:/ST/STM32CubeIDE_1.18.1/STM32CubeIDE/plugins/com.st.stm32cube.ide.mcu.externaltools.gnu-tools-for-stm32.13.3.rel1.win32_1.0.100.202509120712/tools/bin/../lib/gcc/arm-none-eabi/13.3.1/../../../../arm-none-eabi/lib/thumb/v7e-m+fp/hard\libc_nano.a(libc_a-mlock.o)
                0x0800c0a0                __malloc_unlock
 .text.__ssputs_r
                0x0800c0ac       0xb6 C:/ST/STM32CubeIDE_1.18.1/STM32CubeIDE/plugins/com.st.stm32cube.ide.mcu.externaltools.gnu-tools-for-stm32.13.3.rel1.win32_1.0.100.202509120712/tools/bin/../lib/gcc/arm-none-eabi/13.3.1/../../../../arm-none-eabi/lib/thumb/v7e-m+fp/hard\libc_nano.a(libc_a-nano-svfprintf.o)
                0x0800c0ac                __ssputs_r
 *fill*         0x0800c162        0x2 
 .text._svfprintf_r
                0x0800c164      0x1f8 C:/ST/STM32CubeIDE_1.18.1/STM32CubeIDE/plugins/com.st.stm32cube.ide.mcu.externaltools.gnu-tools-for-stm32.13.3.rel1.win32_1.0.100.202509120712/tools/bin/../lib/gcc/arm-none-eabi/13.3.1/../../../../arm-none-eabi/lib/thumb/v7e-m+fp/hard\libc_nano.a(libc_a-nano-svfprintf.o)
                0x0800c164                _svfiprintf_r
                0x0800c164                _svfprintf_r
 .text._printf_common
                0x0800c35c       0xda C:/ST/STM32CubeIDE_1.18.1/STM32CubeIDE/plugins/com.st.stm32cube.ide.mcu.externaltools.gnu-tools-for-stm32.13.3.rel1.win32_1.0.100.202509120712/tools/bin/../lib/gcc/arm-none-eabi/13.3.1/../../../../arm-none-eabi/lib/thumb/v7e-m+fp/hard\libc_nano.a(libc_a-nano-vfprintf_i.o)
                0x0800c35c                _printf_common
 *fill*         0x0800c436        0x2 
 .text._printf_i
                0x0800c438      0x23c C:/ST/STM32CubeIDE_1.18.1/STM32CubeIDE/plugins/com.st.stm32cube.ide.mcu.externaltools.gnu-tools-for-stm32.13.3.rel1.win32_1.0.100.202509120712/tools/bin/../lib/gcc/arm-none-eabi/13.3.1/../../../../arm-none-eabi/lib/thumb/v7e-m+fp/hard\libc_nano.a(libc_a-nano-vfprintf_i.o)
                0x0800c438                _printf_i
 .text.memmove  0x0800c674       0x34 C:/ST/STM32CubeIDE_1.18.1/STM32CubeIDE/plugins/com.st.stm32cube.ide.mcu.externaltools.gnu-tools-for-stm32.13.3.rel1.win32_1.0.100.202509120712/tools/bin/../lib/gcc/arm-none-eabi/13.3.1/../../../../arm-none-eabi/lib/thumb/v7e-m+fp/hard\libc_nano.a(libc_a-memmove.o)
                0x0800c674                memmove
 .text._sbrk_r  0x0800c6a8       0x20 C:/ST/STM32CubeIDE_1.18.1/STM32CubeIDE/plugins/com.st.stm32cube.ide.mcu.externaltools.gnu-tools-for-stm32.13.3.rel1.win32_1.0.100.202509120712/tools/bin/../lib/gcc/arm-none-eabi/13.3.1/../../../../arm-none-eabi/lib/thumb/v7e-m+fp/hard\libc_nano.a(libc_a-sbrkr.o)
                0x0800c6a8                _sbrk_r
 .text._realloc_r
                0x0800c6c8       0x5c C:/ST/STM32CubeIDE_1.18.1/STM32CubeIDE/plugins/com.st.stm32cube.ide.mcu.externaltools.gnu-tools-for-stm32.13.3.rel1.win32_1.0.100.202509120712/tools/bin/../lib/gcc/arm-none-eabi/13.3.1/../../../../arm-none-eabi/lib/thumb/v7e-m+fp/hard\libc_nano.a(libc_a-reallocr.o)
                0x0800c6c8                _realloc_r
 .text._malloc_usable_size_r
                0x0800c724       0x10 C:/ST/STM32CubeIDE_1.18.1/STM32CubeIDE/plugins/com.st.stm32cube.ide.mcu.externaltools.gnu-tools-for-stm32.13.3.rel1.win32_1.0.100.202509120712/tools/bin/../lib/gcc/arm-none-eabi/13.3.1/../../../../arm-none-eabi/lib/thumb/v7e-m+fp/hard\libc_nano.a(libc_a-msizer.o)
                0x0800c724                _malloc_usable_size_r
 *(.glue_7)
 .glue_7        0x0800c734        0x0 linker stubs
 *(.glue_7t)
 .glue_7t       0x0800c734        0x0 linker stubs
 *(.eh_frame)
 .eh_frame      0x0800c734        0x0 C:/ST/STM32CubeIDE_1.18.1/STM32CubeIDE/plugins/com.st.stm32cube.ide.mcu.externaltools.gnu-tools-for-stm32.13.3.rel1.win32_1.0.100.202509120712/tools/bin/../lib/gcc/arm-none-eabi/13.3.1/thumb/v7e-m+fp/hard/crtbegin.o
 *(.init)
 .init          0x0800c734        0x4 C:/ST/STM32CubeIDE_1.18.1/STM32CubeIDE/plugins/com.st.stm32cube.ide.mcu.externaltools.gnu-tools-for-stm32.13.3.rel1.win32_1.0.100.202509120712/tools/bin/../lib/gcc/arm-none-eabi/13.3.1/thumb/v7e-m+fp/hard/crti.o
                0x0800c734                _init
 .init          0x0800c738        0x8 C:/ST/STM32CubeIDE_1.18.1/STM32CubeIDE/plugins/com.st.stm32cube.ide.mcu.externaltools.gnu-tools-for-stm32.13.3.rel1.win32_1.0.100.202509120712/tools/bin/../lib/gcc/arm-none-eabi/13.3.1/thumb/v7e-m+fp/hard/crtn.o
 *(.fini)
 .fini          0x0800c740        0x4 C:/ST/STM32CubeIDE_1.18.1/STM32CubeIDE/plugins/com.st.stm32cube.ide.mcu.externaltools.gnu-tools-for-stm32.13.3.rel1.win32_1.0.100.202509120712/tools/bin/../lib/gcc/arm-none-eabi/13.3.1/thumb/v7e-m+fp/hard/crti.o
                0x0800c740                _fini
 .fini          0x0800c744        0x8 C:/ST/STM32CubeIDE_1.18.1/STM32CubeIDE/plugins/com.st.stm32cube.ide.mcu.externaltools.gnu-tools-for-stm32.13.3.rel1.win32_1.0.100.202509120712/tools/bin/../lib/gcc/arm-none-eabi/13.3.1/thumb/v7e-m+fp/hard/crtn.o
                0x0800c74c                        . = ALIGN (0x4)
                0x0800c74c                        _etext = .

.vfp11_veneer   0x0800c74c        0x0
 .vfp11_veneer  0x0800c74c        0x0 linker stubs

.v4_bx          0x0800c74c        0x0
 .v4_bx         0x0800c74c        0x0 linker stubs

.iplt           0x0800c74c        0x0
 .iplt          0x0800c74c        0x0 C:/ST/STM32CubeIDE_1.18.1/STM32CubeIDE/plugins/com.st.stm32cube.ide.mcu.externaltools.gnu-tools-for-stm32.13.3.rel1.win32_1.0.100.202509120712/tools/bin/../lib/gcc/arm-none-eabi/13.3.1/thumb/v7e-m+fp/hard/crtbegin.o

.rodata         0x0800c74c      0x220
                0x0800c74c                        . = ALIGN (0x4)
 *(.rodata)
 .rodata        0x0800c74c       0x2b ./Core/App/process.o
 *fill*         0x0800c777        0x1 
 .rodata        0x0800c778       0x17 ./Core/Protocol/command.o
 *fill*         0x0800c78f        0x1 
 .rodata        0x0800c790        0x5 ./ThirdParty/FreeRTOS/tasks.o
 *fill*         0x0800c795        0x3 
 .rodata        0x0800c798       0x46 ./USB_Device/App/usbd_desc.o
 *(.rodata*)
 *fill*         0x0800c7de        0x2 
 .rodata.baud_table
                0x0800c7e0      0x120 ./Core/CAN_Setting/can_setting.o
 .rodata.company_code
                0x0800c900        0x4 ./Core/Protocol/command.o
                0x0800c900                company_code
 .rodata.product_code
                0x0800c904        0x3 ./Core/Protocol/command.o
                0x0800c904                product_code
 *fill*         0x0800c907        0x1 
 .rodata.product_type
                0x0800c908        0x4 ./Core/Protocol/command.o
                0x0800c908                product_type
 .rodata.AHBPrescTable
                0x0800c90c       0x10 ./Core/Src/system_stm32g4xx.o
                0x0800c90c                AHBPrescTable
 .rodata.APBPrescTable
                0x0800c91c        0x8 ./Core/Src/system_stm32g4xx.o
                0x0800c91c                APBPrescTable
 .rodata.DLCtoBytes
                0x0800c924       0x10 ./Drivers/STM32G4xx_HAL_Driver/Src/stm32g4xx_hal_fdcan.o
 .rodata.uxTopUsedPriority
                0x0800c934        0x4 ./ThirdParty/FreeRTOS/tasks.o
 .rodata._svfprintf_r.str1.1
                0x0800c938       0x33 C:/ST/STM32CubeIDE_1.18.1/STM32CubeIDE/plugins/com.st.stm32cube.ide.mcu.externaltools.gnu-tools-for-stm32.13.3.rel1.win32_1.0.100.202509120712/tools/bin/../lib/gcc/arm-none-eabi/13.3.1/../../../../arm-none-eabi/lib/thumb/v7e-m+fp/hard\libc_nano.a(libc_a-nano-svfprintf.o)
                                 0x11 (size before relaxing)
 .rodata._printf_i.str1.1
                0x0800c96b        0x0 C:/ST/STM32CubeIDE_1.18.1/STM32CubeIDE/plugins/com.st.stm32cube.ide.mcu.externaltools.gnu-tools-for-stm32.13.3.rel1.win32_1.0.100.202509120712/tools/bin/../lib/gcc/arm-none-eabi/13.3.1/../../../../arm-none-eabi/lib/thumb/v7e-m+fp/hard\libc_nano.a(libc_a-nano-vfprintf_i.o)
                                 0x22 (size before relaxing)
                0x0800c96c                        . = ALIGN (0x4)
 *fill*         0x0800c96b        0x1 

.ARM.extab      0x0800c96c        0x0
                0x0800c96c                        . = ALIGN (0x4)
 *(.ARM.extab* .gnu.linkonce.armextab.*)
                0x0800c96c                        . = ALIGN (0x4)

.ARM            0x0800c96c        0x8
                0x0800c96c                        . = ALIGN (0x4)
                0x0800c96c                        __exidx_start = .
 *(.ARM.exidx*)
 .ARM.exidx     0x0800c96c        0x8 C:/ST/STM32CubeIDE_1.18.1/STM32CubeIDE/plugins/com.st.stm32cube.ide.mcu.externaltools.gnu-tools-for-stm32.13.3.rel1.win32_1.0.100.202509120712/tools/bin/../lib/gcc/arm-none-eabi/13.3.1/../../../../arm-none-eabi/lib/thumb/v7e-m+fp/hard\libc_nano.a(libc_a-memchr.o)
                0x0800c974                        __exidx_end = .
                0x0800c974                        . = ALIGN (0x4)

.preinit_array  0x0800c974        0x0
                0x0800c974                        . = ALIGN (0x4)
                0x0800c974                        PROVIDE (__preinit_array_start = .)
 *(.preinit_array*)
                0x0800c974                        PROVIDE (__preinit_array_end = .)
                0x0800c974                        . = ALIGN (0x4)

.init_array     0x0800c974        0x4
                0x0800c974                        . = ALIGN (0x4)
                0x0800c974                        PROVIDE (__init_array_start = .)
 *(SORT_BY_NAME(.init_array.*))
 *(.init_array*)
 .init_array    0x0800c974        0x4 C:/ST/STM32CubeIDE_1.18.1/STM32CubeIDE/plugins/com.st.stm32cube.ide.mcu.externaltools.gnu-tools-for-stm32.13.3.rel1.win32_1.0.100.202509120712/tools/bin/../lib/gcc/arm-none-eabi/13.3.1/thumb/v7e-m+fp/hard/crtbegin.o
                0x0800c978                        PROVIDE (__init_array_end = .)
                0x0800c978                        . = ALIGN (0x4)

.fini_array     0x0800c978        0x4
                0x0800c978                        . = ALIGN (0x4)
                [!provide]                        PROVIDE (__fini_array_start = .)
 *(SORT_BY_NAME(.fini_array.*))
 *(.fini_array*)
 .fini_array    0x0800c978        0x4 C:/ST/STM32CubeIDE_1.18.1/STM32CubeIDE/plugins/com.st.stm32cube.ide.mcu.externaltools.gnu-tools-for-stm32.13.3.rel1.win32_1.0.100.202509120712/tools/bin/../lib/gcc/arm-none-eabi/13.3.1/thumb/v7e-m+fp/hard/crtbegin.o
                [!provide]                        PROVIDE (__fini_array_end = .)
                0x0800c97c                        . = ALIGN (0x4)
                0x0800c97c                        _sidata = LOADADDR (.data)

.rel.dyn        0x0800c97c        0x0
 .rel.iplt      0x0800c97c        0x0 C:/ST/STM32CubeIDE_1.18.1/STM32CubeIDE/plugins/com.st.stm32cube.ide.mcu.externaltools.gnu-tools-for-stm32.13.3.rel1.win32_1.0.100.202509120712/tools/bin/../lib/gcc/arm-none-eabi/13.3.1/thumb/v7e-m+fp/hard/crtbegin.o

.data           0x20000000      0x1dc load address 0x0800c97c
                0x20000000                        . = ALIGN (0x4)
                0x20000000                        _sdata = .
 *(.data)
 *(.data*)
 .data.current_baud_ch0
                0x20000000        0x1 ./Core/CAN_Setting/can_setting.o
 .data.current_baud_ch1
                0x20000001        0x1 ./Core/CAN_Setting/can_setting.o
 *fill*         0x20000002        0x2 
 .data.SystemCoreClock
                0x20000004        0x4 ./Core/Src/system_stm32g4xx.o
                0x20000004                SystemCoreClock
 .data.uwTickPrio
                0x20000008        0x4 ./Drivers/STM32G4xx_HAL_Driver/Src/stm32g4xx_hal.o
                0x20000008                uwTickPrio
 .data.uwTickFreq
                0x2000000c        0x4 ./Drivers/STM32G4xx_HAL_Driver/Src/stm32g4xx_hal.o
                0x2000000c                uwTickFreq
 .data.USBD_CDC_DeviceQualifierDesc
                0x20000010        0xa ./Middlewares/ST/STM32_USB_Device_Library/Class/CDC/Src/usbd_cdc.o
 *fill*         0x2000001a        0x2 
 .data.USBD_CDC
                0x2000001c       0x38 ./Middlewares/ST/STM32_USB_Device_Library/Class/CDC/Src/usbd_cdc.o
                0x2000001c                USBD_CDC
 .data.USBD_CDC_CfgHSDesc
                0x20000054       0x43 ./Middlewares/ST/STM32_USB_Device_Library/Class/CDC/Src/usbd_cdc.o
 *fill*         0x20000097        0x1 
 .data.USBD_CDC_CfgFSDesc
                0x20000098       0x43 ./Middlewares/ST/STM32_USB_Device_Library/Class/CDC/Src/usbd_cdc.o
 *fill*         0x200000db        0x1 
 .data.USBD_CDC_OtherSpeedCfgDesc
                0x200000dc       0x43 ./Middlewares/ST/STM32_USB_Device_Library/Class/CDC/Src/usbd_cdc.o
 *fill*         0x2000011f        0x1 
 .data.uxCriticalNesting
                0x20000120        0x4 ./ThirdParty/FreeRTOS/portable/GCC/ARM_CM4F/port.o
 .data.USBD_Interface_fops_FS
                0x20000124       0x14 ./USB_Device/App/usbd_cdc_if.o
                0x20000124                USBD_Interface_fops_FS
 .data.CDC_Desc
                0x20000138       0x20 ./USB_Device/App/usbd_desc.o
                0x20000138                CDC_Desc
 .data.USBD_CDC_DeviceDesc
                0x20000158       0x12 ./USB_Device/App/usbd_desc.o
                0x20000158                USBD_CDC_DeviceDesc
 *fill*         0x2000016a        0x2 
 .data.USBD_LangIDDesc
                0x2000016c        0x4 ./USB_Device/App/usbd_desc.o
                0x2000016c                USBD_LangIDDesc
 .data.USBD_StringSerial
                0x20000170       0x1a ./USB_Device/App/usbd_desc.o
                0x20000170                USBD_StringSerial
 *fill*         0x2000018a        0x2 
 .data._impure_ptr
                0x2000018c        0x4 C:/ST/STM32CubeIDE_1.18.1/STM32CubeIDE/plugins/com.st.stm32cube.ide.mcu.externaltools.gnu-tools-for-stm32.13.3.rel1.win32_1.0.100.202509120712/tools/bin/../lib/gcc/arm-none-eabi/13.3.1/../../../../arm-none-eabi/lib/thumb/v7e-m+fp/hard\libc_nano.a(libc_a-impure.o)
                0x2000018c                _impure_ptr
 .data._impure_data
                0x20000190       0x4c C:/ST/STM32CubeIDE_1.18.1/STM32CubeIDE/plugins/com.st.stm32cube.ide.mcu.externaltools.gnu-tools-for-stm32.13.3.rel1.win32_1.0.100.202509120712/tools/bin/../lib/gcc/arm-none-eabi/13.3.1/../../../../arm-none-eabi/lib/thumb/v7e-m+fp/hard\libc_nano.a(libc_a-impure.o)
                0x20000190                _impure_data
 *(.RamFunc)
 *(.RamFunc*)
                0x200001dc                        . = ALIGN (0x4)
                0x200001dc                        _edata = .

.igot.plt       0x200001dc        0x0 load address 0x0800cb58
 .igot.plt      0x200001dc        0x0 C:/ST/STM32CubeIDE_1.18.1/STM32CubeIDE/plugins/com.st.stm32cube.ide.mcu.externaltools.gnu-tools-for-stm32.13.3.rel1.win32_1.0.100.202509120712/tools/bin/../lib/gcc/arm-none-eabi/13.3.1/thumb/v7e-m+fp/hard/crtbegin.o
                0x200001dc                        . = ALIGN (0x4)

.bss            0x200001dc    0x149e8 load address 0x0800cb58
                0x200001dc                        _sbss = .
                0x200001dc                        __bss_start__ = _sbss
 *(.bss)
 .bss           0x200001dc       0x1c C:/ST/STM32CubeIDE_1.18.1/STM32CubeIDE/plugins/com.st.stm32cube.ide.mcu.externaltools.gnu-tools-for-stm32.13.3.rel1.win32_1.0.100.202509120712/tools/bin/../lib/gcc/arm-none-eabi/13.3.1/thumb/v7e-m+fp/hard/crtbegin.o
 *(.bss*)
 .bss.heartbeatTaskHandle
                0x200001f8        0x4 ./Core/App/process.o
                0x200001f8                heartbeatTaskHandle
 .bss.usbRxTaskHandle
                0x200001fc        0x4 ./Core/App/process.o
                0x200001fc                usbRxTaskHandle
 .bss.ledTaskHandle
                0x20000200        0x4 ./Core/App/process.o
                0x20000200                ledTaskHandle
 .bss.usbRxQueue
                0x20000204        0x4 ./Core/App/process.o
                0x20000204                usbRxQueue
 .bss.usbTxQueue
                0x20000208        0x4 ./Core/App/process.o
                0x20000208                usbTxQueue
 .bss.canRxQueue
                0x2000020c        0x4 ./Core/App/process.o
                0x2000020c                canRxQueue
 .bss.ch0_activity_flag
                0x20000210        0x1 ./Core/App/process.o
                0x20000210                ch0_activity_flag
 .bss.ch1_activity_flag
                0x20000211        0x1 ./Core/App/process.o
                0x20000211                ch1_activity_flag
 *fill*         0x20000212        0x2 
 .bss.dev_info  0x20000214       0x4e ./Core/Protocol/command.o
 .bss.is_trace_running
                0x20000262        0x1 ./Core/Protocol/command.o
                0x20000262                is_trace_running
 *fill*         0x20000263        0x1 
 .bss.hfdcan2   0x20000264       0x64 ./Core/Src/main.o
                0x20000264                hfdcan2
 .bss.hfdcan3   0x200002c8       0x64 ./Core/Src/main.o
                0x200002c8                hfdcan3
 .bss.HAL_RCC_FDCAN_CLK_ENABLED
                0x2000032c        0x4 ./Core/Src/stm32g4xx_hal_msp.o
 .bss.htim6     0x20000330       0x4c ./Core/Src/stm32g4xx_hal_timebase_tim.o
                0x20000330                htim6
 .bss.__sbrk_heap_end
                0x2000037c        0x4 ./Core/Src/sysmem.o
 .bss.uwTick    0x20000380        0x4 ./Drivers/STM32G4xx_HAL_Driver/Src/stm32g4xx_hal.o
                0x20000380                uwTick
 .bss.cfgidx.0  0x20000384        0x1 ./Middlewares/ST/STM32_USB_Device_Library/Core/Src/usbd_ctlreq.o
 *fill*         0x20000385        0x3 
 .bss.pxCurrentTCB
                0x20000388        0x4 ./ThirdParty/FreeRTOS/tasks.o
                0x20000388                pxCurrentTCB
 .bss.pxReadyTasksLists
                0x2000038c       0x64 ./ThirdParty/FreeRTOS/tasks.o
 .bss.xDelayedTaskList1
                0x200003f0       0x14 ./ThirdParty/FreeRTOS/tasks.o
 .bss.xDelayedTaskList2
                0x20000404       0x14 ./ThirdParty/FreeRTOS/tasks.o
 .bss.pxDelayedTaskList
                0x20000418        0x4 ./ThirdParty/FreeRTOS/tasks.o
 .bss.pxOverflowDelayedTaskList
                0x2000041c        0x4 ./ThirdParty/FreeRTOS/tasks.o
 .bss.xPendingReadyList
                0x20000420       0x14 ./ThirdParty/FreeRTOS/tasks.o
 .bss.xTasksWaitingTermination
                0x20000434       0x14 ./ThirdParty/FreeRTOS/tasks.o
 .bss.uxDeletedTasksWaitingCleanUp
                0x20000448        0x4 ./ThirdParty/FreeRTOS/tasks.o
 .bss.xSuspendedTaskList
                0x2000044c       0x14 ./ThirdParty/FreeRTOS/tasks.o
 .bss.uxCurrentNumberOfTasks
                0x20000460        0x4 ./ThirdParty/FreeRTOS/tasks.o
 .bss.xTickCount
                0x20000464        0x4 ./ThirdParty/FreeRTOS/tasks.o
 .bss.uxTopReadyPriority
                0x20000468        0x4 ./ThirdParty/FreeRTOS/tasks.o
 .bss.xSchedulerRunning
                0x2000046c        0x4 ./ThirdParty/FreeRTOS/tasks.o
 .bss.xPendedTicks
                0x20000470        0x4 ./ThirdParty/FreeRTOS/tasks.o
 .bss.xYieldPendings
                0x20000474        0x4 ./ThirdParty/FreeRTOS/tasks.o
 .bss.xNumOfOverflows
                0x20000478        0x4 ./ThirdParty/FreeRTOS/tasks.o
 .bss.uxTaskNumber
                0x2000047c        0x4 ./ThirdParty/FreeRTOS/tasks.o
 .bss.xNextTaskUnblockTime
                0x20000480        0x4 ./ThirdParty/FreeRTOS/tasks.o
 .bss.xIdleTaskHandles
                0x20000484        0x4 ./ThirdParty/FreeRTOS/tasks.o
 .bss.uxSchedulerSuspended
                0x20000488        0x4 ./ThirdParty/FreeRTOS/tasks.o
 .bss.ucMaxSysCallPriority
                0x2000048c        0x1 ./ThirdParty/FreeRTOS/portable/GCC/ARM_CM4F/port.o
 *fill*         0x2000048d        0x3 
 .bss.ulMaxPRIGROUPValue
                0x20000490        0x4 ./ThirdParty/FreeRTOS/portable/GCC/ARM_CM4F/port.o
 .bss.ucHeap    0x20000494    0x12c00 ./ThirdParty/FreeRTOS/portable/MemMang/heap_4.o
 .bss.xStart    0x20013094        0x8 ./ThirdParty/FreeRTOS/portable/MemMang/heap_4.o
 .bss.pxEnd     0x2001309c        0x4 ./ThirdParty/FreeRTOS/portable/MemMang/heap_4.o
 .bss.xFreeBytesRemaining
                0x200130a0        0x4 ./ThirdParty/FreeRTOS/portable/MemMang/heap_4.o
 .bss.xMinimumEverFreeBytesRemaining
                0x200130a4        0x4 ./ThirdParty/FreeRTOS/portable/MemMang/heap_4.o
 .bss.xNumberOfSuccessfulAllocations
                0x200130a8        0x4 ./ThirdParty/FreeRTOS/portable/MemMang/heap_4.o
 .bss.xNumberOfSuccessfulFrees
                0x200130ac        0x4 ./ThirdParty/FreeRTOS/portable/MemMang/heap_4.o
 .bss.hUsbDeviceFS
                0x200130b0      0x2d0 ./USB_Device/App/usb_device.o
                0x200130b0                hUsbDeviceFS
 .bss.UserRxBufferFS
                0x20013380      0x800 ./USB_Device/App/usbd_cdc_if.o
                0x20013380                UserRxBufferFS
 .bss.UserTxBufferFS
                0x20013b80      0x800 ./USB_Device/App/usbd_cdc_if.o
                0x20013b80                UserTxBufferFS
 .bss.USBD_StrDesc
                0x20014380      0x200 ./USB_Device/App/usbd_desc.o
                0x20014380                USBD_StrDesc
 .bss.hpcd_USB_FS
                0x20014580      0x2dc ./USB_Device/Target/usbd_conf.o
                0x20014580                hpcd_USB_FS
 .bss.mem.0     0x2001485c      0x220 ./USB_Device/Target/usbd_conf.o
 .bss.__sf      0x20014a7c      0x138 C:/ST/STM32CubeIDE_1.18.1/STM32CubeIDE/plugins/com.st.stm32cube.ide.mcu.externaltools.gnu-tools-for-stm32.13.3.rel1.win32_1.0.100.202509120712/tools/bin/../lib/gcc/arm-none-eabi/13.3.1/../../../../arm-none-eabi/lib/thumb/v7e-m+fp/hard\libc_nano.a(libc_a-findfp.o)
                0x20014a7c                __sf
 .bss.errno     0x20014bb4        0x4 C:/ST/STM32CubeIDE_1.18.1/STM32CubeIDE/plugins/com.st.stm32cube.ide.mcu.externaltools.gnu-tools-for-stm32.13.3.rel1.win32_1.0.100.202509120712/tools/bin/../lib/gcc/arm-none-eabi/13.3.1/../../../../arm-none-eabi/lib/thumb/v7e-m+fp/hard\libc_nano.a(libc_a-reent.o)
                0x20014bb4                errno
 .bss.__lock___malloc_recursive_mutex
                0x20014bb8        0x1 C:/ST/STM32CubeIDE_1.18.1/STM32CubeIDE/plugins/com.st.stm32cube.ide.mcu.externaltools.gnu-tools-for-stm32.13.3.rel1.win32_1.0.100.202509120712/tools/bin/../lib/gcc/arm-none-eabi/13.3.1/../../../../arm-none-eabi/lib/thumb/v7e-m+fp/hard\libc_nano.a(libc_a-lock.o)
                0x20014bb8                __lock___malloc_recursive_mutex
 *fill*         0x20014bb9        0x3 
 .bss.__malloc_sbrk_start
                0x20014bbc        0x4 C:/ST/STM32CubeIDE_1.18.1/STM32CubeIDE/plugins/com.st.stm32cube.ide.mcu.externaltools.gnu-tools-for-stm32.13.3.rel1.win32_1.0.100.202509120712/tools/bin/../lib/gcc/arm-none-eabi/13.3.1/../../../../arm-none-eabi/lib/thumb/v7e-m+fp/hard\libc_nano.a(libc_a-mallocr.o)
                0x20014bbc                __malloc_sbrk_start
 .bss.__malloc_free_list
                0x20014bc0        0x4 C:/ST/STM32CubeIDE_1.18.1/STM32CubeIDE/plugins/com.st.stm32cube.ide.mcu.externaltools.gnu-tools-for-stm32.13.3.rel1.win32_1.0.100.202509120712/tools/bin/../lib/gcc/arm-none-eabi/13.3.1/../../../../arm-none-eabi/lib/thumb/v7e-m+fp/hard\libc_nano.a(libc_a-mallocr.o)
                0x20014bc0                __malloc_free_list
 *(COMMON)
                0x20014bc4                        . = ALIGN (0x4)
                0x20014bc4                        _ebss = .
                0x20014bc4                        __bss_end__ = _ebss

._user_heap_stack
                0x20014bc4      0x604 load address 0x0800cb58
                0x20014bc8                        . = ALIGN (0x8)
 *fill*         0x20014bc4        0x4 
                [!provide]                        PROVIDE (end = .)
                0x20014bc8                        PROVIDE (_end = .)
                0x20014dc8                        . = (. + _Min_Heap_Size)
 *fill*         0x20014bc8      0x200 
                0x200151c8                        . = (. + _Min_Stack_Size)
 *fill*         0x20014dc8      0x400 
                0x200151c8                        . = ALIGN (0x8)

/DISCARD/
 libc.a(*)
 libm.a(*)
 libgcc.a(*)

.ARM.attributes
                0x00000000       0x30
 *(.ARM.attributes)
 .ARM.attributes
                0x00000000       0x22 C:/ST/STM32CubeIDE_1.18.1/STM32CubeIDE/plugins/com.st.stm32cube.ide.mcu.externaltools.gnu-tools-for-stm32.13.3.rel1.win32_1.0.100.202509120712/tools/bin/../lib/gcc/arm-none-eabi/13.3.1/thumb/v7e-m+fp/hard/crti.o
 .ARM.attributes
                0x00000022       0x34 C:/ST/STM32CubeIDE_1.18.1/STM32CubeIDE/plugins/com.st.stm32cube.ide.mcu.externaltools.gnu-tools-for-stm32.13.3.rel1.win32_1.0.100.202509120712/tools/bin/../lib/gcc/arm-none-eabi/13.3.1/thumb/v7e-m+fp/hard/crtbegin.o
 .ARM.attributes
                0x00000056       0x34 ./Core/App/process.o
 .ARM.attributes
                0x0000008a       0x34 ./Core/CAN_Setting/can_setting.o
 .ARM.attributes
                0x000000be       0x34 ./Core/Protocol/command.o
 .ARM.attributes
                0x000000f2       0x34 ./Core/Src/main.o
 .ARM.attributes
                0x00000126       0x34 ./Core/Src/stm32g4xx_hal_msp.o
 .ARM.attributes
                0x0000015a       0x34 ./Core/Src/stm32g4xx_hal_timebase_tim.o
 .ARM.attributes
                0x0000018e       0x34 ./Core/Src/stm32g4xx_it.o
 .ARM.attributes
                0x000001c2       0x34 ./Core/Src/sysmem.o
 .ARM.attributes
                0x000001f6       0x34 ./Core/Src/system_stm32g4xx.o
 .ARM.attributes
                0x0000022a       0x21 ./Core/Startup/startup_stm32g473cetx.o
 .ARM.attributes
                0x0000024b       0x34 ./Drivers/STM32G4xx_HAL_Driver/Src/stm32g4xx_hal.o
 .ARM.attributes
                0x0000027f       0x34 ./Drivers/STM32G4xx_HAL_Driver/Src/stm32g4xx_hal_cortex.o
 .ARM.attributes
                0x000002b3       0x34 ./Drivers/STM32G4xx_HAL_Driver/Src/stm32g4xx_hal_fdcan.o
 .ARM.attributes
                0x000002e7       0x34 ./Drivers/STM32G4xx_HAL_Driver/Src/stm32g4xx_hal_gpio.o
 .ARM.attributes
                0x0000031b       0x34 ./Drivers/STM32G4xx_HAL_Driver/Src/stm32g4xx_hal_pcd.o
 .ARM.attributes
                0x0000034f       0x34 ./Drivers/STM32G4xx_HAL_Driver/Src/stm32g4xx_hal_pcd_ex.o
 .ARM.attributes
                0x00000383       0x34 ./Drivers/STM32G4xx_HAL_Driver/Src/stm32g4xx_hal_pwr_ex.o
 .ARM.attributes
                0x000003b7       0x34 ./Drivers/STM32G4xx_HAL_Driver/Src/stm32g4xx_hal_rcc.o
 .ARM.attributes
                0x000003eb       0x34 ./Drivers/STM32G4xx_HAL_Driver/Src/stm32g4xx_hal_rcc_ex.o
 .ARM.attributes
                0x0000041f       0x34 ./Drivers/STM32G4xx_HAL_Driver/Src/stm32g4xx_hal_tim.o
 .ARM.attributes
                0x00000453       0x34 ./Drivers/STM32G4xx_HAL_Driver/Src/stm32g4xx_hal_tim_ex.o
 .ARM.attributes
                0x00000487       0x34 ./Drivers/STM32G4xx_HAL_Driver/Src/stm32g4xx_ll_usb.o
 .ARM.attributes
                0x000004bb       0x34 ./Middlewares/ST/STM32_USB_Device_Library/Class/CDC/Src/usbd_cdc.o
 .ARM.attributes
                0x000004ef       0x34 ./Middlewares/ST/STM32_USB_Device_Library/Core/Src/usbd_core.o
 .ARM.attributes
                0x00000523       0x34 ./Middlewares/ST/STM32_USB_Device_Library/Core/Src/usbd_ctlreq.o
 .ARM.attributes
                0x00000557       0x34 ./Middlewares/ST/STM32_USB_Device_Library/Core/Src/usbd_ioreq.o
 .ARM.attributes
                0x0000058b       0x34 ./ThirdParty/FreeRTOS/list.o
 .ARM.attributes
                0x000005bf       0x34 ./ThirdParty/FreeRTOS/queue.o
 .ARM.attributes
                0x000005f3       0x34 ./ThirdParty/FreeRTOS/tasks.o
 .ARM.attributes
                0x00000627       0x34 ./ThirdParty/FreeRTOS/portable/GCC/ARM_CM4F/port.o
 .ARM.attributes
                0x0000065b       0x34 ./ThirdParty/FreeRTOS/portable/MemMang/heap_4.o
 .ARM.attributes
                0x0000068f       0x34 ./USB_Device/App/usb_device.o
 .ARM.attributes
                0x000006c3       0x34 ./USB_Device/App/usbd_cdc_if.o
 .ARM.attributes
                0x000006f7       0x34 ./USB_Device/App/usbd_desc.o
 .ARM.attributes
                0x0000072b       0x34 ./USB_Device/Target/usbd_conf.o
 .ARM.attributes
                0x0000075f       0x34 C:/ST/STM32CubeIDE_1.18.1/STM32CubeIDE/plugins/com.st.stm32cube.ide.mcu.externaltools.gnu-tools-for-stm32.13.3.rel1.win32_1.0.100.202509120712/tools/bin/../lib/gcc/arm-none-eabi/13.3.1/../../../../arm-none-eabi/lib/thumb/v7e-m+fp/hard\libc_nano.a(libc_a-findfp.o)
 .ARM.attributes
                0x00000793       0x34 C:/ST/STM32CubeIDE_1.18.1/STM32CubeIDE/plugins/com.st.stm32cube.ide.mcu.externaltools.gnu-tools-for-stm32.13.3.rel1.win32_1.0.100.202509120712/tools/bin/../lib/gcc/arm-none-eabi/13.3.1/../../../../arm-none-eabi/lib/thumb/v7e-m+fp/hard\libc_nano.a(libc_a-snprintf.o)
 .ARM.attributes
                0x000007c7       0x34 C:/ST/STM32CubeIDE_1.18.1/STM32CubeIDE/plugins/com.st.stm32cube.ide.mcu.externaltools.gnu-tools-for-stm32.13.3.rel1.win32_1.0.100.202509120712/tools/bin/../lib/gcc/arm-none-eabi/13.3.1/../../../../arm-none-eabi/lib/thumb/v7e-m+fp/hard\libc_nano.a(libc_a-memset.o)
 .ARM.attributes
                0x000007fb       0x34 C:/ST/STM32CubeIDE_1.18.1/STM32CubeIDE/plugins/com.st.stm32cube.ide.mcu.externaltools.gnu-tools-for-stm32.13.3.rel1.win32_1.0.100.202509120712/tools/bin/../lib/gcc/arm-none-eabi/13.3.1/../../../../arm-none-eabi/lib/thumb/v7e-m+fp/hard\libc_nano.a(libc_a-reent.o)
 .ARM.attributes
                0x0000082f       0x34 C:/ST/STM32CubeIDE_1.18.1/STM32CubeIDE/plugins/com.st.stm32cube.ide.mcu.externaltools.gnu-tools-for-stm32.13.3.rel1.win32_1.0.100.202509120712/tools/bin/../lib/gcc/arm-none-eabi/13.3.1/../../../../arm-none-eabi/lib/thumb/v7e-m+fp/hard\libc_nano.a(libc_a-impure.o)
 .ARM.attributes
                0x00000863       0x34 C:/ST/STM32CubeIDE_1.18.1/STM32CubeIDE/plugins/com.st.stm32cube.ide.mcu.externaltools.gnu-tools-for-stm32.13.3.rel1.win32_1.0.100.202509120712/tools/bin/../lib/gcc/arm-none-eabi/13.3.1/../../../../arm-none-eabi/lib/thumb/v7e-m+fp/hard\libc_nano.a(libc_a-errno.o)
 .ARM.attributes
                0x00000897       0x34 C:/ST/STM32CubeIDE_1.18.1/STM32CubeIDE/plugins/com.st.stm32cube.ide.mcu.externaltools.gnu-tools-for-stm32.13.3.rel1.win32_1.0.100.202509120712/tools/bin/../lib/gcc/arm-none-eabi/13.3.1/../../../../arm-none-eabi/lib/thumb/v7e-m+fp/hard\libc_nano.a(libc_a-init.o)
 .ARM.attributes
                0x000008cb       0x34 C:/ST/STM32CubeIDE_1.18.1/STM32CubeIDE/plugins/com.st.stm32cube.ide.mcu.externaltools.gnu-tools-for-stm32.13.3.rel1.win32_1.0.100.202509120712/tools/bin/../lib/gcc/arm-none-eabi/13.3.1/../../../../arm-none-eabi/lib/thumb/v7e-m+fp/hard\libc_nano.a(libc_a-lock.o)
 .ARM.attributes
                0x000008ff       0x34 C:/ST/STM32CubeIDE_1.18.1/STM32CubeIDE/plugins/com.st.stm32cube.ide.mcu.externaltools.gnu-tools-for-stm32.13.3.rel1.win32_1.0.100.202509120712/tools/bin/../lib/gcc/arm-none-eabi/13.3.1/../../../../arm-none-eabi/lib/thumb/v7e-m+fp/hard\libc_nano.a(libc_a-memcpy-stub.o)
 .ARM.attributes
                0x00000933       0x34 C:/ST/STM32CubeIDE_1.18.1/STM32CubeIDE/plugins/com.st.stm32cube.ide.mcu.externaltools.gnu-tools-for-stm32.13.3.rel1.win32_1.0.100.202509120712/tools/bin/../lib/gcc/arm-none-eabi/13.3.1/../../../../arm-none-eabi/lib/thumb/v7e-m+fp/hard\libc_nano.a(libc_a-freer.o)
 .ARM.attributes
                0x00000967       0x34 C:/ST/STM32CubeIDE_1.18.1/STM32CubeIDE/plugins/com.st.stm32cube.ide.mcu.externaltools.gnu-tools-for-stm32.13.3.rel1.win32_1.0.100.202509120712/tools/bin/../lib/gcc/arm-none-eabi/13.3.1/../../../../arm-none-eabi/lib/thumb/v7e-m+fp/hard\libc_nano.a(libc_a-mallocr.o)
 .ARM.attributes
                0x0000099b       0x34 C:/ST/STM32CubeIDE_1.18.1/STM32CubeIDE/plugins/com.st.stm32cube.ide.mcu.externaltools.gnu-tools-for-stm32.13.3.rel1.win32_1.0.100.202509120712/tools/bin/../lib/gcc/arm-none-eabi/13.3.1/../../../../arm-none-eabi/lib/thumb/v7e-m+fp/hard\libc_nano.a(libc_a-mlock.o)
 .ARM.attributes
                0x000009cf       0x34 C:/ST/STM32CubeIDE_1.18.1/STM32CubeIDE/plugins/com.st.stm32cube.ide.mcu.externaltools.gnu-tools-for-stm32.13.3.rel1.win32_1.0.100.202509120712/tools/bin/../lib/gcc/arm-none-eabi/13.3.1/../../../../arm-none-eabi/lib/thumb/v7e-m+fp/hard\libc_nano.a(libc_a-nano-svfprintf.o)
 .ARM.attributes
                0x00000a03       0x34 C:/ST/STM32CubeIDE_1.18.1/STM32CubeIDE/plugins/com.st.stm32cube.ide.mcu.externaltools.gnu-tools-for-stm32.13.3.rel1.win32_1.0.100.202509120712/tools/bin/../lib/gcc/arm-none-eabi/13.3.1/../../../../arm-none-eabi/lib/thumb/v7e-m+fp/hard\libc_nano.a(libc_a-nano-vfprintf_i.o)
 .ARM.attributes